Archive member included to satisfy reference by file (symbol)

c:/program files (x86)/atmel/studio/7.0/toolchain/arm/arm-gnu-toolchain/bin/../lib/gcc/arm-none-eabi/6.3.1/thumb/v6-m\libgcc.a(_udivsi3.o)
                              src/ASF/common2/services/delay/sam0/systick_counter.o (__aeabi_uidiv)
c:/program files (x86)/atmel/studio/7.0/toolchain/arm/arm-gnu-toolchain/bin/../lib/gcc/arm-none-eabi/6.3.1/thumb/v6-m\libgcc.a(_dvmd_tls.o)
                              c:/program files (x86)/atmel/studio/7.0/toolchain/arm/arm-gnu-toolchain/bin/../lib/gcc/arm-none-eabi/6.3.1/thumb/v6-m\libgcc.a(_udivsi3.o) (__aeabi_idiv0)
c:/program files (x86)/atmel/studio/7.0/toolchain/arm/arm-gnu-toolchain/bin/../lib/gcc/arm-none-eabi/6.3.1/../../../../arm-none-eabi/lib/thumb/v6-m\libc_nano.a(lib_a-exit.o)
                              c:/program files (x86)/atmel/studio/7.0/toolchain/arm/arm-gnu-toolchain/bin/../lib/gcc/arm-none-eabi/6.3.1/../../../../arm-none-eabi/lib/thumb/v6-m/crt0.o (exit)
c:/program files (x86)/atmel/studio/7.0/toolchain/arm/arm-gnu-toolchain/bin/../lib/gcc/arm-none-eabi/6.3.1/../../../../arm-none-eabi/lib/thumb/v6-m\libc_nano.a(lib_a-impure.o)
                              c:/program files (x86)/atmel/studio/7.0/toolchain/arm/arm-gnu-toolchain/bin/../lib/gcc/arm-none-eabi/6.3.1/../../../../arm-none-eabi/lib/thumb/v6-m\libc_nano.a(lib_a-exit.o) (_global_impure_ptr)
c:/program files (x86)/atmel/studio/7.0/toolchain/arm/arm-gnu-toolchain/bin/../lib/gcc/arm-none-eabi/6.3.1/../../../../arm-none-eabi/lib/thumb/v6-m\libc_nano.a(lib_a-init.o)
                              c:/program files (x86)/atmel/studio/7.0/toolchain/arm/arm-gnu-toolchain/bin/../lib/gcc/arm-none-eabi/6.3.1/../../../../arm-none-eabi/lib/thumb/v6-m/crt0.o (__libc_init_array)
c:/program files (x86)/atmel/studio/7.0/toolchain/arm/arm-gnu-toolchain/bin/../lib/gcc/arm-none-eabi/6.3.1/../../../../arm-none-eabi/lib/thumb/v6-m\libc_nano.a(lib_a-malloc.o)
                              src/PlaceValueIRRead.o (malloc)
c:/program files (x86)/atmel/studio/7.0/toolchain/arm/arm-gnu-toolchain/bin/../lib/gcc/arm-none-eabi/6.3.1/../../../../arm-none-eabi/lib/thumb/v6-m\libc_nano.a(lib_a-memcpy-stub.o)
                              src/ASF/sam0/drivers/adc/adc_sam_d_r_h/adc.o (memcpy)
c:/program files (x86)/atmel/studio/7.0/toolchain/arm/arm-gnu-toolchain/bin/../lib/gcc/arm-none-eabi/6.3.1/../../../../arm-none-eabi/lib/thumb/v6-m\libc_nano.a(lib_a-memset.o)
                              c:/program files (x86)/atmel/studio/7.0/toolchain/arm/arm-gnu-toolchain/bin/../lib/gcc/arm-none-eabi/6.3.1/../../../../arm-none-eabi/lib/thumb/v6-m/crt0.o (memset)
c:/program files (x86)/atmel/studio/7.0/toolchain/arm/arm-gnu-toolchain/bin/../lib/gcc/arm-none-eabi/6.3.1/../../../../arm-none-eabi/lib/thumb/v6-m\libc_nano.a(lib_a-nano-freer.o)
                              c:/program files (x86)/atmel/studio/7.0/toolchain/arm/arm-gnu-toolchain/bin/../lib/gcc/arm-none-eabi/6.3.1/../../../../arm-none-eabi/lib/thumb/v6-m\libc_nano.a(lib_a-malloc.o) (_free_r)
c:/program files (x86)/atmel/studio/7.0/toolchain/arm/arm-gnu-toolchain/bin/../lib/gcc/arm-none-eabi/6.3.1/../../../../arm-none-eabi/lib/thumb/v6-m\libc_nano.a(lib_a-nano-mallocr.o)
                              c:/program files (x86)/atmel/studio/7.0/toolchain/arm/arm-gnu-toolchain/bin/../lib/gcc/arm-none-eabi/6.3.1/../../../../arm-none-eabi/lib/thumb/v6-m\libc_nano.a(lib_a-malloc.o) (_malloc_r)
c:/program files (x86)/atmel/studio/7.0/toolchain/arm/arm-gnu-toolchain/bin/../lib/gcc/arm-none-eabi/6.3.1/../../../../arm-none-eabi/lib/thumb/v6-m\libc_nano.a(lib_a-sbrkr.o)
                              c:/program files (x86)/atmel/studio/7.0/toolchain/arm/arm-gnu-toolchain/bin/../lib/gcc/arm-none-eabi/6.3.1/../../../../arm-none-eabi/lib/thumb/v6-m\libc_nano.a(lib_a-nano-mallocr.o) (_sbrk_r)
c:/program files (x86)/atmel/studio/7.0/toolchain/arm/arm-gnu-toolchain/bin/../lib/gcc/arm-none-eabi/6.3.1/../../../../arm-none-eabi/lib/thumb/v6-m\libc_nano.a(lib_a-mlock.o)
                              c:/program files (x86)/atmel/studio/7.0/toolchain/arm/arm-gnu-toolchain/bin/../lib/gcc/arm-none-eabi/6.3.1/../../../../arm-none-eabi/lib/thumb/v6-m\libc_nano.a(lib_a-nano-freer.o) (__malloc_lock)
c:/program files (x86)/atmel/studio/7.0/toolchain/arm/arm-gnu-toolchain/bin/../lib/gcc/arm-none-eabi/6.3.1/../../../../arm-none-eabi/lib/thumb/v6-m\libc_nano.a(lib_a-reent.o)
                              c:/program files (x86)/atmel/studio/7.0/toolchain/arm/arm-gnu-toolchain/bin/../lib/gcc/arm-none-eabi/6.3.1/../../../../arm-none-eabi/lib/thumb/v6-m\libc_nano.a(lib_a-sbrkr.o) (errno)

Allocating common symbols
Common symbol       size              file

errno               0x4               c:/program files (x86)/atmel/studio/7.0/toolchain/arm/arm-gnu-toolchain/bin/../lib/gcc/arm-none-eabi/6.3.1/../../../../arm-none-eabi/lib/thumb/v6-m\libc_nano.a(lib_a-reent.o)
hndrds_val          0x2               src/main.o
[...]
Memory Configuration

Name             Origin             Length             Attributes
rom              0x00000000         0x00004000         xr
ram              0x20000000         0x00001000         xrw
*default*        0x00000000         0xffffffff

Linker script and memory map

LOAD c:/program files (x86)/atmel/studio/7.0/toolchain/arm/arm-gnu-toolchain/bin/../lib/gcc/arm-none-eabi/6.3.1/thumb/v6-m/crti.o
LOAD c:/program files (x86)/atmel/studio/7.0/toolchain/arm/arm-gnu-toolchain/bin/../lib/gcc/arm-none-eabi/6.3.1/thumb/v6-m/crtbegin.o
LOAD c:/program files (x86)/atmel/studio/7.0/toolchain/arm/arm-gnu-toolchain/bin/../lib/gcc/arm-none-eabi/6.3.1/../../../../arm-none-eabi/lib/thumb/v6-m/crt0.o
LOAD src/ASF/common2/services/delay/sam0/systick_counter.o
LOAD src/ASF/sam0/drivers/adc/adc_sam_d_r_h/adc.o
LOAD src/ASF/sam0/drivers/adc/adc_sam_d_r_h/adc_callback.o
LOAD src/ASF/sam0/drivers/port/port.o
LOAD src/PlaceValueCountCubes.o
LOAD src/PlaceValueIRRead.o
LOAD src/PlaceValueIRReadControl.o
LOAD src/ASF/common2/boards/user_board/init.o
LOAD src/ASF/common/utils/interrupt/interrupt_sam_nvic.o
LOAD src/ASF/sam0/drivers/system/clock/clock_samd09_d10_d11/clock.o
LOAD src/ASF/sam0/drivers/system/clock/clock_samd09_d10_d11/gclk.o
LOAD src/ASF/sam0/drivers/system/interrupt/system_interrupt.o
LOAD src/ASF/sam0/drivers/system/pinmux/pinmux.o
LOAD src/ASF/sam0/drivers/system/system.o
LOAD src/ASF/sam0/utils/cmsis/samd10/source/gcc/startup_samd10.o
LOAD src/ASF/sam0/utils/cmsis/samd10/source/system_samd10.o
LOAD src/ASF/sam0/utils/syscalls/gcc/syscalls.o
LOAD src/main.o
START GROUP
LOAD ../src/ASF/thirdparty/CMSIS/Lib/GCC\libarm_cortexM0l_math.a
LOAD c:/program files (x86)/atmel/studio/7.0/toolchain/arm/arm-gnu-toolchain/bin/../lib/gcc/arm-none-eabi/6.3.1/../../../../arm-none-eabi/lib/thumb/v6-m\libm.a
END GROUP
START GROUP
LOAD c:/program files (x86)/atmel/studio/7.0/toolchain/arm/arm-gnu-toolchain/bin/../lib/gcc/arm-none-eabi/6.3.1/thumb/v6-m\libgcc.a
LOAD c:/program files (x86)/atmel/studio/7.0/toolchain/arm/arm-gnu-toolchain/bin/../lib/gcc/arm-none-eabi/6.3.1/../../../../arm-none-eabi/lib/thumb/v6-m\libc_nano.a
END GROUP
START GROUP
LOAD c:/program files (x86)/atmel/studio/7.0/toolchain/arm/arm-gnu-toolchain/bin/../lib/gcc/arm-none-eabi/6.3.1/thumb/v6-m\libgcc.a
LOAD c:/program files (x86)/atmel/studio/7.0/toolchain/arm/arm-gnu-toolchain/bin/../lib/gcc/arm-none-eabi/6.3.1/../../../../arm-none-eabi/lib/thumb/v6-m\libc_nano.a
END GROUP
LOAD c:/program files (x86)/atmel/studio/7.0/toolchain/arm/arm-gnu-toolchain/bin/../lib/gcc/arm-none-eabi/6.3.1/thumb/v6-m/crtend.o
LOAD c:/program files (x86)/atmel/studio/7.0/toolchain/arm/arm-gnu-toolchain/bin/../lib/gcc/arm-none-eabi/6.3.1/thumb/v6-m/crtn.o
                0x00000400                STACK_SIZE = DEFINED (STACK_SIZE)?STACK_SIZE:DEFINED (__stack_size__)?__stack_size__:0x400

.text           0x00000000     0x1524
                0x00000000                . = ALIGN (0x4)
                0x00000000                _sfixed = .
 *(.vectors .vectors.*)
 .vectors       0x00000000       0x8c src/ASF/sam0/utils/cmsis/samd10/source/gcc/startup_samd10.o
                0x00000000                exception_table
 *(.text .text.* .gnu.linkonce.t.*)
 .text          0x0000008c       0x60 c:/program files (x86)/atmel/studio/7.0/toolchain/arm/arm-gnu-toolchain/bin/../lib/gcc/arm-none-eabi/6.3.1/thumb/v6-m/crtbegin.o
 .text.delay_init
                0x000000ec       0x40 src/ASF/common2/services/delay/sam0/systick_counter.o
                0x000000ec                delay_init
 .text.delay_cycles_ms
                0x0000012c       0x2c src/ASF/common2/services/delay/sam0/systick_counter.o
                0x0000012c                delay_cycles_ms
 .text.adc_get_config_defaults
                0x00000158       0x46 src/ASF/sam0/drivers/adc/adc_sam_d_r_h/adc.o
                0x00000158                adc_get_config_defaults
 *fill*         0x0000019e        0x2 
 .text.adc_init
                0x000001a0      0x428 src/ASF/sam0/drivers/adc/adc_sam_d_r_h/adc.o
                0x000001a0                adc_init
 .text.ADC_Handler
                0x000005c8       0xc4 src/ASF/sam0/drivers/adc/adc_sam_d_r_h/adc_callback.o
                0x000005c8                ADC_Handler
 .text.port_pin_set_config
                0x0000068c       0x24 src/ASF/sam0/drivers/port/port.o
                0x0000068c                port_pin_set_config
 .text.detect_cube
                0x000006b0       0x58 src/PlaceValueCountCubes.o
                0x000006b0                detect_cube
 .text.configure_adc
                0x00000708       0xa0 src/PlaceValueIRRead.o
                0x00000708                configure_adc
 .text.configure_mux_select
                0x000007a8       0x2c src/PlaceValueIRRead.o
                0x000007a8                configure_mux_select
 .text.configure_ir_led
                0x000007d4       0x20 src/PlaceValueIRRead.o
                0x000007d4                configure_ir_led
 .text.adc_start_read_result
                0x000007f4       0xc0 src/PlaceValueIRRead.o
                0x000007f4                adc_start_read_result
 .text.ir_sensor_init
                0x000008b4       0x28 src/PlaceValueIRRead.o
                0x000008b4                ir_sensor_init
 .text.select_mux
                0x000008dc       0x48 src/PlaceValueIRReadControl.o
                0x000008dc                select_mux
 .text.read_ones
                0x00000924       0x10 src/PlaceValueIRReadControl.o
                0x00000924                read_ones
 .text.read_tens
                0x00000934       0x10 src/PlaceValueIRReadControl.o
                0x00000934                read_tens
 .text.read_hndrds
                0x00000944       0x10 src/PlaceValueIRReadControl.o
                0x00000944                read_hndrds
 .text.read_misc
                0x00000954       0x10 src/PlaceValueIRReadControl.o
                0x00000954                read_misc
 .text.system_board_init
                0x00000964        0x2 src/ASF/common2/boards/user_board/init.o
                0x00000964                board_init
                0x00000964                system_board_init
 *fill*         0x00000966        0x2 
 .text.cpu_irq_enter_critical
                0x00000968       0x40 src/ASF/common/utils/interrupt/interrupt_sam_nvic.o
                0x00000968                cpu_irq_enter_critical
 .text.cpu_irq_leave_critical
                0x000009a8       0x30 src/ASF/common/utils/interrupt/interrupt_sam_nvic.o
                0x000009a8                cpu_irq_leave_critical
 .text.system_clock_source_get_hz
                0x000009d8       0x94 src/ASF/sam0/drivers/system/clock/clock_samd09_d10_d11/clock.o
                0x000009d8                system_clock_source_get_hz
 .text.system_clock_source_osc8m_set_config
                0x00000a6c       0x3c src/ASF/sam0/drivers/system/clock/clock_samd09_d10_d11/clock.o
                0x00000a6c                system_clock_source_osc8m_set_config
 .text.system_clock_source_enable
                0x00000aa8       0xa8 src/ASF/sam0/drivers/system/clock/clock_samd09_d10_d11/clock.o
                0x00000aa8                system_clock_source_enable
 .text.system_clock_init
                0x00000b50       0x98 src/ASF/sam0/drivers/system/clock/clock_samd09_d10_d11/clock.o
                0x00000b50                system_clock_init
 .text.system_gclk_init
                0x00000be8       0x24 src/ASF/sam0/drivers/system/clock/clock_samd09_d10_d11/gclk.o
                0x00000be8                system_gclk_init
 .text.system_gclk_gen_set_config
                0x00000c0c       0xb8 src/ASF/sam0/drivers/system/clock/clock_samd09_d10_d11/gclk.o
                0x00000c0c                system_gclk_gen_set_config
 .text.system_gclk_gen_enable
                0x00000cc4       0x44 src/ASF/sam0/drivers/system/clock/clock_samd09_d10_d11/gclk.o
                0x00000cc4                system_gclk_gen_enable
 .text.system_gclk_gen_get_hz
                0x00000d08       0x8c src/ASF/sam0/drivers/system/clock/clock_samd09_d10_d11/gclk.o
                0x00000d08                system_gclk_gen_get_hz
 .text.system_gclk_chan_enable
                0x00000d94       0x30 src/ASF/sam0/drivers/system/clock/clock_samd09_d10_d11/gclk.o
                0x00000d94                system_gclk_chan_enable
 .text.system_gclk_chan_disable
                0x00000dc4       0x5c src/ASF/sam0/drivers/system/clock/clock_samd09_d10_d11/gclk.o
                0x00000dc4                system_gclk_chan_disable
 .text.system_gclk_chan_set_config
                0x00000e20       0x1c src/ASF/sam0/drivers/system/clock/clock_samd09_d10_d11/gclk.o
                0x00000e20                system_gclk_chan_set_config
 .text.system_gclk_chan_get_hz
                0x00000e3c       0x34 src/ASF/sam0/drivers/system/clock/clock_samd09_d10_d11/gclk.o
                0x00000e3c                system_gclk_chan_get_hz
 .text._system_pinmux_config
                0x00000e70       0xa8 src/ASF/sam0/drivers/system/pinmux/pinmux.o
 .text.system_pinmux_pin_set_config
                0x00000f18       0x30 src/ASF/sam0/drivers/system/pinmux/pinmux.o
                0x00000f18                system_pinmux_pin_set_config
 .text._system_dummy_init
                0x00000f48        0x2 src/ASF/sam0/drivers/system/system.o
                0x00000f48                _system_extint_init
                0x00000f48                _system_events_init
                0x00000f48                _system_dummy_init
                0x00000f48                _system_divas_init
 *fill*         0x00000f4a        0x2 
 .text.system_init
                0x00000f4c       0x2c src/ASF/sam0/drivers/system/system.o
                0x00000f4c                system_init
 .text.Dummy_Handler
                0x00000f78        0x2 src/ASF/sam0/utils/cmsis/samd10/source/gcc/startup_samd10.o
                0x00000f78                DMAC_Handler
                0x00000f78                HardFault_Handler
                0x00000f78                TC2_Handler
                0x00000f78                AC_Handler
                0x00000f78                SysTick_Handler
                0x00000f78                PendSV_Handler
                0x00000f78                NMI_Handler
                0x00000f78                SERCOM1_Handler
                0x00000f78                SERCOM2_Handler
                0x00000f78                TCC0_Handler
                0x00000f78                RTC_Handler
                0x00000f78                EIC_Handler
                0x00000f78                WDT_Handler
                0x00000f78                TC1_Handler
                0x00000f78                Dummy_Handler
                0x00000f78                PM_Handler
                0x00000f78                SVC_Handler
                0x00000f78                EVSYS_Handler
                0x00000f78                NVMCTRL_Handler
                0x00000f78                SERCOM0_Handler
                0x00000f78                DAC_Handler
                0x00000f78                PTC_Handler
                0x00000f78                SYSCTRL_Handler
 *fill*         0x00000f7a        0x2 
 .text.Reset_Handler
                0x00000f7c       0xd0 src/ASF/sam0/utils/cmsis/samd10/source/gcc/startup_samd10.o
                0x00000f7c                Reset_Handler
 .text._sbrk    0x0000104c       0x24 src/ASF/sam0/utils/syscalls/gcc/syscalls.o
                0x0000104c                _sbrk
 .text.test     0x00001070       0x8c src/main.o
                0x00001070                test
 .text.main     0x000010fc       0x30 src/main.o
                0x000010fc                main
 .text          0x0000112c      0x114 c:/program files (x86)/atmel/studio/7.0/toolchain/arm/arm-gnu-toolchain/bin/../lib/gcc/arm-none-eabi/6.3.1/thumb/v6-m\libgcc.a(_udivsi3.o)
                0x0000112c                __aeabi_uidiv
                0x0000112c                __udivsi3
                0x00001238                __aeabi_uidivmod
 .text          0x00001240        0x4 c:/program files (x86)/atmel/studio/7.0/toolchain/arm/arm-gnu-toolchain/bin/../lib/gcc/arm-none-eabi/6.3.1/thumb/v6-m\libgcc.a(_dvmd_tls.o)
                0x00001240                __aeabi_idiv0
                0x00001240                __aeabi_ldiv0
 .text.__libc_init_array
                0x00001244       0x48 c:/program files (x86)/atmel/studio/7.0/toolchain/arm/arm-gnu-toolchain/bin/../lib/gcc/arm-none-eabi/6.3.1/../../../../arm-none-eabi/lib/thumb/v6-m\libc_nano.a(lib_a-init.o)
                0x00001244                __libc_init_array
 .text.malloc   0x0000128c       0x14 c:/program files (x86)/atmel/studio/7.0/toolchain/arm/arm-gnu-toolchain/bin/../lib/gcc/arm-none-eabi/6.3.1/../../../../arm-none-eabi/lib/thumb/v6-m\libc_nano.a(lib_a-malloc.o)
                0x0000128c                malloc
 .text.memcpy   0x000012a0       0x12 c:/program files (x86)/atmel/studio/7.0/toolchain/arm/arm-gnu-toolchain/bin/../lib/gcc/arm-none-eabi/6.3.1/../../../../arm-none-eabi/lib/thumb/v6-m\libc_nano.a(lib_a-memcpy-stub.o)
                0x000012a0                memcpy
 *fill*         0x000012b2        0x2 
 .text._malloc_r
                0x000012b4       0xbc c:/program files (x86)/atmel/studio/7.0/toolchain/arm/arm-gnu-toolchain/bin/../lib/gcc/arm-none-eabi/6.3.1/../../../../arm-none-eabi/lib/thumb/v6-m\libc_nano.a(lib_a-nano-mallocr.o)
                0x000012b4                _malloc_r
 .text._sbrk_r  0x00001370       0x24 c:/program files (x86)/atmel/studio/7.0/toolchain/arm/arm-gnu-toolchain/bin/../lib/gcc/arm-none-eabi/6.3.1/../../../../arm-none-eabi/lib/thumb/v6-m\libc_nano.a(lib_a-sbrkr.o)
                0x00001370                _sbrk_r
 .text.__malloc_lock
                0x00001394        0x2 c:/program files (x86)/atmel/studio/7.0/toolchain/arm/arm-gnu-toolchain/bin/../lib/gcc/arm-none-eabi/6.3.1/../../../../arm-none-eabi/lib/thumb/v6-m\libc_nano.a(lib_a-mlock.o)
                0x00001394                __malloc_lock
 .text.__malloc_unlock
                0x00001396        0x2 c:/program files (x86)/atmel/studio/7.0/toolchain/arm/arm-gnu-toolchain/bin/../lib/gcc/arm-none-eabi/6.3.1/../../../../arm-none-eabi/lib/thumb/v6-m\libc_nano.a(lib_a-mlock.o)
                0x00001396                __malloc_unlock
 *(.glue_7t)
 .glue_7t       0x00001398        0x0 linker stubs
 *(.glue_7)
 .glue_7        0x00001398        0x0 linker stubs
 *(.rodata .rodata* .gnu.linkonce.r.*)
 .rodata.adc_init
                0x00001398       0xd4 src/ASF/sam0/drivers/adc/adc_sam_d_r_h/adc.o
 .rodata        0x0000146c       0x50 src/ASF/sam0/drivers/adc/adc_sam_d_r_h/adc.o
 .rodata.system_clock_source_get_hz
                0x000014bc       0x24 src/ASF/sam0/drivers/system/clock/clock_samd09_d10_d11/clock.o
 .rodata.system_clock_source_enable
                0x000014e0       0x24 src/ASF/sam0/drivers/system/clock/clock_samd09_d10_d11/clock.o
 *(.ARM.extab* .gnu.linkonce.armextab.*)
                0x00001504                . = ALIGN (0x4)
 *(.init)
 .init          0x00001504        0x4 c:/program files (x86)/atmel/studio/7.0/toolchain/arm/arm-gnu-toolchain/bin/../lib/gcc/arm-none-eabi/6.3.1/thumb/v6-m/crti.o
                0x00001504                _init
 .init          0x00001508        0x8 c:/program files (x86)/atmel/studio/7.0/toolchain/arm/arm-gnu-toolchain/bin/../lib/gcc/arm-none-eabi/6.3.1/thumb/v6-m/crtn.o
                0x00001510                . = ALIGN (0x4)
                0x00001510                __preinit_array_start = .
 *(.preinit_array)
                0x00001510                __preinit_array_end = .
                0x00001510                . = ALIGN (0x4)
                0x00001510                __init_array_start = .
 *(SORT(.init_array.*))
 *(.init_array)
 .init_array    0x00001510        0x4 c:/program files (x86)/atmel/studio/7.0/toolchain/arm/arm-gnu-toolchain/bin/../lib/gcc/arm-none-eabi/6.3.1/thumb/v6-m/crtbegin.o
                0x00001514                __init_array_end = .
                0x00001514                . = ALIGN (0x4)
 *crtbegin.o(.ctors)
 *(EXCLUDE_FILE(*crtend.o) .ctors)
 *(SORT(.ctors.*))
 *crtend.o(.ctors)
                0x00001514                . = ALIGN (0x4)
 *(.fini)
 .fini          0x00001514        0x4 c:/program files (x86)/atmel/studio/7.0/toolchain/arm/arm-gnu-toolchain/bin/../lib/gcc/arm-none-eabi/6.3.1/thumb/v6-m/crti.o
                0x00001514                _fini
 .fini          0x00001518        0x8 c:/program files (x86)/atmel/studio/7.0/toolchain/arm/arm-gnu-toolchain/bin/../lib/gcc/arm-none-eabi/6.3.1/thumb/v6-m/crtn.o
                0x00001520                . = ALIGN (0x4)
                0x00001520                __fini_array_start = .
 *(.fini_array)
 .fini_array    0x00001520        0x4 c:/program files (x86)/atmel/studio/7.0/toolchain/arm/arm-gnu-toolchain/bin/../lib/gcc/arm-none-eabi/6.3.1/thumb/v6-m/crtbegin.o
 *(SORT(.fini_array.*))
                0x00001524                __fini_array_end = .
 *crtbegin.o(.dtors)
 *(EXCLUDE_FILE(*crtend.o) .dtors)
 *(SORT(.dtors.*))
 *crtend.o(.dtors)
                0x00001524                . = ALIGN (0x4)
                0x00001524                _efixed = .
                [!provide]                PROVIDE (__exidx_start, .)

.vfp11_veneer   0x00001524        0x0
 .vfp11_veneer  0x00001524        0x0 linker stubs

.v4_bx          0x00001524        0x0
 .v4_bx         0x00001524        0x0 linker stubs

.iplt           0x00001524        0x0
 .iplt          0x00001524        0x0 c:/program files (x86)/atmel/studio/7.0/toolchain/arm/arm-gnu-toolchain/bin/../lib/gcc/arm-none-eabi/6.3.1/thumb/v6-m/crtbegin.o

.eh_frame       0x00001524        0x0
 .eh_frame      0x00001524        0x0 c:/program files (x86)/atmel/studio/7.0/toolchain/arm/arm-gnu-toolchain/bin/../lib/gcc/arm-none-eabi/6.3.1/thumb/v6-m/crtbegin.o

.rel.dyn        0x00001524        0x0
 .rel.iplt      0x00001524        0x0 c:/program files (x86)/atmel/studio/7.0/toolchain/arm/arm-gnu-toolchain/bin/../lib/gcc/arm-none-eabi/6.3.1/thumb/v6-m/crtbegin.o

.jcr            0x00001524        0x0
 .jcr           0x00001524        0x0 c:/program files (x86)/atmel/studio/7.0/toolchain/arm/arm-gnu-toolchain/bin/../lib/gcc/arm-none-eabi/6.3.1/thumb/v6-m/crtbegin.o

.igot.plt       0x00001524        0x0
 .igot.plt      0x00001524        0x0 c:/program files (x86)/atmel/studio/7.0/toolchain/arm/arm-gnu-toolchain/bin/../lib/gcc/arm-none-eabi/6.3.1/thumb/v6-m/crtbegin.o

.ARM.exidx
 *(.ARM.exidx* .gnu.linkonce.armexidx.*)
                [!provide]                PROVIDE (__exidx_end, .)
                0x00001524                . = ALIGN (0x4)
                0x00001524                _etext = .

.relocate       0x20000000       0x70 load address 0x00001524
                0x20000000                . = ALIGN (0x4)
                0x20000000                _srelocate = .
 *(.ramfunc .ramfunc.*)
 *(.data .data.*)
 .data.cycles_per_ms
                0x20000000        0x4 src/ASF/common2/services/delay/sam0/systick_counter.o
 .data.cycles_per_us
                0x20000004        0x4 src/ASF/common2/services/delay/sam0/systick_counter.o
 .data.g_interrupt_enabled
                0x20000008        0x1 src/ASF/common/utils/interrupt/interrupt_sam_nvic.o
                0x20000008                g_interrupt_enabled
 *fill*         0x20000009        0x3 
 .data._impure_ptr
                0x2000000c        0x4 c:/program files (x86)/atmel/studio/7.0/toolchain/arm/arm-gnu-toolchain/bin/../lib/gcc/arm-none-eabi/6.3.1/../../../../arm-none-eabi/lib/thumb/v6-m\libc_nano.a(lib_a-impure.o)
                0x2000000c                _impure_ptr
 .data.impure_data
                0x20000010       0x60 c:/program files (x86)/atmel/studio/7.0/toolchain/arm/arm-gnu-toolchain/bin/../lib/gcc/arm-none-eabi/6.3.1/../../../../arm-none-eabi/lib/thumb/v6-m\libc_nano.a(lib_a-impure.o)
                0x20000070                . = ALIGN (0x4)
                0x20000070                _erelocate = .

.bss            0x20000070      0x2d8 load address 0x00001594
                0x20000070                . = ALIGN (0x4)
                0x20000070                _sbss = .
                0x20000070                _szero = .
 *(.bss .bss.*)
 .bss           0x20000070       0x1c c:/program files (x86)/atmel/studio/7.0/toolchain/arm/arm-gnu-toolchain/bin/../lib/gcc/arm-none-eabi/6.3.1/thumb/v6-m/crtbegin.o
 .bss.adc_result
                0x2000008c        0x4 src/PlaceValueIRRead.o
                0x2000008c                adc_result
 .bss.cpu_irq_critical_section_counter
                0x20000090        0x4 src/ASF/common/utils/interrupt/interrupt_sam_nvic.o
 .bss.cpu_irq_prev_interrupt_state
                0x20000094        0x1 src/ASF/common/utils/interrupt/interrupt_sam_nvic.o
 *fill*         0x20000095        0x3 
 .bss._system_clock_inst
                0x20000098       0x18 src/ASF/sam0/drivers/system/clock/clock_samd09_d10_d11/clock.o
 .bss.heap.5296
                0x200000b0        0x4 src/ASF/sam0/utils/syscalls/gcc/syscalls.o
 .bss.temp.11464
                0x200000b4        0x2 src/main.o
 .bss.temp_cube
                0x200000b6        0x1 src/main.o
                0x200000b6                temp_cube
 *fill*         0x200000b7        0x1 
 .bss.__malloc_free_list
                0x200000b8        0x4 c:/program files (x86)/atmel/studio/7.0/toolchain/arm/arm-gnu-toolchain/bin/../lib/gcc/arm-none-eabi/6.3.1/../../../../arm-none-eabi/lib/thumb/v6-m\libc_nano.a(lib_a-nano-mallocr.o)
                0x200000b8                __malloc_free_list
 .bss.__malloc_sbrk_start
                0x200000bc        0x4 c:/program files (x86)/atmel/studio/7.0/toolchain/arm/arm-gnu-toolchain/bin/../lib/gcc/arm-none-eabi/6.3.1/../../../../arm-none-eabi/lib/thumb/v6-m\libc_nano.a(lib_a-nano-mallocr.o)
                0x200000bc                __malloc_sbrk_start
 *(COMMON)
 COMMON         0x200000c0        0x4 src/ASF/sam0/drivers/adc/adc_sam_d_r_h/adc_callback.o
                0x200000c0                _adc_instances
 COMMON         0x200000c4       0x20 src/PlaceValueIRRead.o
                0x200000c4                adc_instance
 COMMON         0x200000e4      0x260 src/main.o
                0x200000e4                hndrds_val
                0x200000e8                ones_array
                0x200001b0                tens_array
                0x20000278                tens_val
                0x2000027a                ones_val
                0x2000027c                hndrds_array
 COMMON         0x20000344        0x4 c:/program files (x86)/atmel/studio/7.0/toolchain/arm/arm-gnu-toolchain/bin/../lib/gcc/arm-none-eabi/6.3.1/../../../../arm-none-eabi/lib/thumb/v6-m\libc_nano.a(lib_a-reent.o)
                0x20000344                errno
                0x20000348                . = ALIGN (0x4)
                0x20000348                _ebss = .
                0x20000348                _ezero = .

.stack          0x20000348      0x400 load address 0x0000186c
                0x20000348                . = ALIGN (0x8)
                0x20000348                _sstack = .
                0x20000748                . = (. + STACK_SIZE)
 *fill*         0x20000348      0x400 
                0x20000748                . = ALIGN (0x8)
                0x20000748                _estack = .
                0x20000748                . = ALIGN (0x4)
                0x20000748                _end = .
OUTPUT(PlaceValueBuckets.elf elf32-littlearm)

.ARM.attributes
                0x00000000       0x28
 .ARM.attributes
                0x00000000       0x1e c:/program files (x86)/atmel/studio/7.0/toolchain/arm/arm-gnu-toolchain/bin/../lib/gcc/arm-none-eabi/6.3.1/thumb/v6-m/crti.o
 .ARM.attributes
                0x0000001e       0x2c c:/program files (x86)/atmel/studio/7.0/toolchain/arm/arm-gnu-toolchain/bin/../lib/gcc/arm-none-eabi/6.3.1/thumb/v6-m/crtbegin.o
 .ARM.attributes
                0x0000004a       0x32 src/ASF/common2/services/delay/sam0/systick_counter.o
 .ARM.attributes
                0x0000007c       0x32 src/ASF/sam0/drivers/adc/adc_sam_d_r_h/adc.o
 .ARM.attributes
                0x000000ae       0x32 src/ASF/sam0/drivers/adc/adc_sam_d_r_h/adc_callback.o
 .ARM.attributes
                0x000000e0       0x32 src/ASF/sam0/drivers/port/port.o
 .ARM.attributes
                0x00000112       0x32 src/PlaceValueCountCubes.o
 .ARM.attributes
                0x00000144       0x32 src/PlaceValueIRRead.o
 .ARM.attributes
                0x00000176       0x32 src/PlaceValueIRReadControl.o
 .ARM.attributes
                0x000001a8       0x32 src/ASF/common2/boards/user_board/init.o
 .ARM.attributes
                0x000001da       0x32 src/ASF/common/utils/interrupt/interrupt_sam_nvic.o
 .ARM.attributes
                0x0000020c       0x32 src/ASF/sam0/drivers/system/clock/clock_samd09_d10_d11/clock.o
 .ARM.attributes
                0x0000023e       0x32 src/ASF/sam0/drivers/system/clock/clock_samd09_d10_d11/gclk.o
 .ARM.attributes
                0x00000270       0x32 src/ASF/sam0/drivers/system/pinmux/pinmux.o
 .ARM.attributes
                0x000002a2       0x32 src/ASF/sam0/drivers/system/system.o
 .ARM.attributes
                0x000002d4       0x32 src/ASF/sam0/utils/cmsis/samd10/source/gcc/startup_samd10.o
 .ARM.attributes
                0x00000306       0x32 src/ASF/sam0/utils/syscalls/gcc/syscalls.o
 .ARM.attributes
                0x00000338       0x32 src/main.o
 .ARM.attributes
                0x0000036a       0x1e c:/program files (x86)/atmel/studio/7.0/toolchain/arm/arm-gnu-toolchain/bin/../lib/gcc/arm-none-eabi/6.3.1/thumb/v6-m\libgcc.a(_udivsi3.o)
 .ARM.attributes
                0x00000388       0x1e c:/program files (x86)/atmel/studio/7.0/toolchain/arm/arm-gnu-toolchain/bin/../lib/gcc/arm-none-eabi/6.3.1/thumb/v6-m\libgcc.a(_dvmd_tls.o)
 .ARM.attributes
                0x000003a6       0x2c c:/program files (x86)/atmel/studio/7.0/toolchain/arm/arm-gnu-toolchain/bin/../lib/gcc/arm-none-eabi/6.3.1/../../../../arm-none-eabi/lib/thumb/v6-m\libc_nano.a(lib_a-impure.o)
 .ARM.attributes
                0x000003d2       0x2c c:/program files (x86)/atmel/studio/7.0/toolchain/arm/arm-gnu-toolchain/bin/../lib/gcc/arm-none-eabi/6.3.1/../../../../arm-none-eabi/lib/thumb/v6-m\libc_nano.a(lib_a-init.o)
 .ARM.attributes
                0x000003fe       0x2c c:/program files (x86)/atmel/studio/7.0/toolchain/arm/arm-gnu-toolchain/bin/../lib/gcc/arm-none-eabi/6.3.1/../../../../arm-none-eabi/lib/thumb/v6-m\libc_nano.a(lib_a-malloc.o)
 .ARM.attributes
                0x0000042a       0x2c c:/program files (x86)/atmel/studio/7.0/toolchain/arm/arm-gnu-toolchain/bin/../lib/gcc/arm-none-eabi/6.3.1/../../../../arm-none-eabi/lib/thumb/v6-m\libc_nano.a(lib_a-memcpy-stub.o)
 .ARM.attributes
                0x00000456       0x2c c:/program files (x86)/atmel/studio/7.0/toolchain/arm/arm-gnu-toolchain/bin/../lib/gcc/arm-none-eabi/6.3.1/../../../../arm-none-eabi/lib/thumb/v6-m\libc_nano.a(lib_a-nano-mallocr.o)
 .ARM.attributes
                0x00000482       0x2c c:/program files (x86)/atmel/studio/7.0/toolchain/arm/arm-gnu-toolchain/bin/../lib/gcc/arm-none-eabi/6.3.1/../../../../arm-none-eabi/lib/thumb/v6-m\libc_nano.a(lib_a-sbrkr.o)
 .ARM.attributes
                0x000004ae       0x2c c:/program files (x86)/atmel/studio/7.0/toolchain/arm/arm-gnu-toolchain/bin/../lib/gcc/arm-none-eabi/6.3.1/../../../../arm-none-eabi/lib/thumb/v6-m\libc_nano.a(lib_a-mlock.o)
 .ARM.attributes
                0x000004da       0x2c c:/program files (x86)/atmel/studio/7.0/toolchain/arm/arm-gnu-toolchain/bin/../lib/gcc/arm-none-eabi/6.3.1/../../../../arm-none-eabi/lib/thumb/v6-m\libc_nano.a(lib_a-reent.o)
 .ARM.attributes
                0x00000506       0x1e c:/program files (x86)/atmel/studio/7.0/toolchain/arm/arm-gnu-toolchain/bin/../lib/gcc/arm-none-eabi/6.3.1/thumb/v6-m/crtn.o

.comment        0x00000000       0x59
 .comment       0x00000000       0x59 src/ASF/common2/services/delay/sam0/systick_counter.o
                                 0x5a (size before relaxing)
 .comment       0x00000059       0x5a src/ASF/sam0/drivers/adc/adc_sam_d_r_h/adc.o
 .comment       0x00000059       0x5a src/ASF/sam0/drivers/adc/adc_sam_d_r_h/adc_callback.o
 .comment       0x00000059       0x5a src/ASF/sam0/drivers/port/port.o
 .comment       0x00000059       0x5a src/PlaceValueCountCubes.o
 .comment       0x00000059       0x5a src/PlaceValueIRRead.o
 .comment       0x00000059       0x5a src/PlaceValueIRReadControl.o
 .comment       0x00000059       0x5a src/ASF/common2/boards/user_board/init.o
 .comment       0x00000059       0x5a src/ASF/common/utils/interrupt/interrupt_sam_nvic.o
 .comment       0x00000059       0x5a src/ASF/sam0/drivers/system/clock/clock_samd09_d10_d11/clock.o
 .comment       0x00000059       0x5a src/ASF/sam0/drivers/system/clock/clock_samd09_d10_d11/gclk.o
 .comment       0x00000059       0x5a src/ASF/sam0/drivers/system/pinmux/pinmux.o
 .comment       0x00000059       0x5a src/ASF/sam0/drivers/system/system.o
 .comment       0x00000059       0x5a src/ASF/sam0/utils/cmsis/samd10/source/gcc/startup_samd10.o
 .comment       0x00000059       0x5a src/ASF/sam0/utils/syscalls/gcc/syscalls.o
 .comment       0x00000059       0x5a src/main.o

.debug_info     0x00000000    0x1b2ba
 .debug_info    0x00000000      0xb8d src/ASF/common2/services/delay/sam0/systick_counter.o
 .debug_info    0x00000b8d     0x3d3b src/ASF/sam0/drivers/adc/adc_sam_d_r_h/adc.o
 .debug_info    0x000048c8     0x1bca src/ASF/sam0/drivers/adc/adc_sam_d_r_h/adc_callback.o
 .debug_info    0x00006492     0x12b6 src/ASF/sam0/drivers/port/port.o
 .debug_info    0x00007748     0x18ff src/PlaceValueCountCubes.o
 .debug_info    0x00009047     0x2dc7 src/PlaceValueIRRead.o
 .debug_info    0x0000be0e     0x1ed2 src/PlaceValueIRReadControl.o
 .debug_info    0x0000dce0     0x1649 src/ASF/common2/boards/user_board/init.o
 .debug_info    0x0000f329      0xb07 src/ASF/common/utils/interrupt/interrupt_sam_nvic.o
 .debug_info    0x0000fe30     0x3658 src/ASF/sam0/drivers/system/clock/clock_samd09_d10_d11/clock.o
 .debug_info    0x00013488     0x1e4e src/ASF/sam0/drivers/system/clock/clock_samd09_d10_d11/gclk.o
 .debug_info    0x000152d6     0x13f2 src/ASF/sam0/drivers/system/pinmux/pinmux.o
 .debug_info    0x000166c8      0xa73 src/ASF/sam0/drivers/system/system.o
 .debug_info    0x0001713b     0x1ab0 src/ASF/sam0/utils/cmsis/samd10/source/gcc/startup_samd10.o
 .debug_info    0x00018beb      0xd98 src/ASF/sam0/utils/syscalls/gcc/syscalls.o
 .debug_info    0x00019983     0x1937 src/main.o

.debug_abbrev   0x00000000     0x3008
 .debug_abbrev  0x00000000      0x24b src/ASF/common2/services/delay/sam0/systick_counter.o
 .debug_abbrev  0x0000024b      0x45c src/ASF/sam0/drivers/adc/adc_sam_d_r_h/adc.o
 .debug_abbrev  0x000006a7      0x3b8 src/ASF/sam0/drivers/adc/adc_sam_d_r_h/adc_callback.o
 .debug_abbrev  0x00000a5f      0x298 src/ASF/sam0/drivers/port/port.o
 .debug_abbrev  0x00000cf7      0x2e2 src/PlaceValueCountCubes.o
 .debug_abbrev  0x00000fd9      0x43b src/PlaceValueIRRead.o
 .debug_abbrev  0x00001414      0x305 src/PlaceValueIRReadControl.o
 .debug_abbrev  0x00001719      0x21e src/ASF/common2/boards/user_board/init.o
 .debug_abbrev  0x00001937      0x22c src/ASF/common/utils/interrupt/interrupt_sam_nvic.o
 .debug_abbrev  0x00001b63      0x465 src/ASF/sam0/drivers/system/clock/clock_samd09_d10_d11/clock.o
 .debug_abbrev  0x00001fc8      0x40d src/ASF/sam0/drivers/system/clock/clock_samd09_d10_d11/gclk.o
 .debug_abbrev  0x000023d5      0x354 src/ASF/sam0/drivers/system/pinmux/pinmux.o
 .debug_abbrev  0x00002729      0x1e1 src/ASF/sam0/drivers/system/system.o
 .debug_abbrev  0x0000290a      0x200 src/ASF/sam0/utils/cmsis/samd10/source/gcc/startup_samd10.o
 .debug_abbrev  0x00002b0a      0x257 src/ASF/sam0/utils/syscalls/gcc/syscalls.o
 .debug_abbrev  0x00002d61      0x2a7 src/main.o

.debug_loc      0x00000000     0x313b
 .debug_loc     0x00000000       0xe4 src/ASF/common2/services/delay/sam0/systick_counter.o
 .debug_loc     0x000000e4      0x891 src/ASF/sam0/drivers/adc/adc_sam_d_r_h/adc.o
 .debug_loc     0x00000975      0x34a src/ASF/sam0/drivers/adc/adc_sam_d_r_h/adc_callback.o
 .debug_loc     0x00000cbf      0x13d src/ASF/sam0/drivers/port/port.o
 .debug_loc     0x00000dfc      0x1df src/PlaceValueCountCubes.o
 .debug_loc     0x00000fdb      0x5f1 src/PlaceValueIRRead.o
 .debug_loc     0x000015cc      0x2a8 src/PlaceValueIRReadControl.o
 .debug_loc     0x00001874      0xec7 src/ASF/sam0/drivers/system/clock/clock_samd09_d10_d11/clock.o
 .debug_loc     0x0000273b      0x504 src/ASF/sam0/drivers/system/clock/clock_samd09_d10_d11/gclk.o
 .debug_loc     0x00002c3f      0x36d src/ASF/sam0/drivers/system/pinmux/pinmux.o
 .debug_loc     0x00002fac       0x20 src/ASF/sam0/drivers/system/system.o
 .debug_loc     0x00002fcc       0x40 src/ASF/sam0/utils/cmsis/samd10/source/gcc/startup_samd10.o
 .debug_loc     0x0000300c       0xef src/ASF/sam0/utils/syscalls/gcc/syscalls.o
 .debug_loc     0x000030fb       0x40 src/main.o

.debug_aranges  0x00000000      0x3e8
 .debug_aranges
                0x00000000       0x30 src/ASF/common2/services/delay/sam0/systick_counter.o
 .debug_aranges
                0x00000030       0x38 src/ASF/sam0/drivers/adc/adc_sam_d_r_h/adc.o
 .debug_aranges
                0x00000068       0x48 src/ASF/sam0/drivers/adc/adc_sam_d_r_h/adc_callback.o
 .debug_aranges
                0x000000b0       0x28 src/ASF/sam0/drivers/port/port.o
 .debug_aranges
                0x000000d8       0x28 src/PlaceValueCountCubes.o
 .debug_aranges
                0x00000100       0x50 src/PlaceValueIRRead.o
 .debug_aranges
                0x00000150       0x40 src/PlaceValueIRReadControl.o
 .debug_aranges
                0x00000190       0x20 src/ASF/common2/boards/user_board/init.o
 .debug_aranges
                0x000001b0       0x28 src/ASF/common/utils/interrupt/interrupt_sam_nvic.o
 .debug_aranges
                0x000001d8       0x78 src/ASF/sam0/drivers/system/clock/clock_samd09_d10_d11/clock.o
 .debug_aranges
                0x00000250       0x80 src/ASF/sam0/drivers/system/clock/clock_samd09_d10_d11/gclk.o
 .debug_aranges
                0x000002d0       0x40 src/ASF/sam0/drivers/system/pinmux/pinmux.o
 .debug_aranges
                0x00000310       0x28 src/ASF/sam0/drivers/system/system.o
 .debug_aranges
                0x00000338       0x28 src/ASF/sam0/utils/cmsis/samd10/source/gcc/startup_samd10.o
 .debug_aranges
                0x00000360       0x60 src/ASF/sam0/utils/syscalls/gcc/syscalls.o
 .debug_aranges
                0x000003c0       0x28 src/main.o

.debug_ranges   0x00000000      0x440
 .debug_ranges  0x00000000       0x50 src/ASF/common2/services/delay/sam0/systick_counter.o
 .debug_ranges  0x00000050       0xa0 src/ASF/sam0/drivers/adc/adc_sam_d_r_h/adc.o
 .debug_ranges  0x000000f0       0x50 src/ASF/sam0/drivers/adc/adc_sam_d_r_h/adc_callback.o
 .debug_ranges  0x00000140       0x18 src/ASF/sam0/drivers/port/port.o
 .debug_ranges  0x00000158       0x18 src/PlaceValueCountCubes.o
 .debug_ranges  0x00000170       0x78 src/PlaceValueIRRead.o
 .debug_ranges  0x000001e8       0x78 src/PlaceValueIRReadControl.o
 .debug_ranges  0x00000260       0x10 src/ASF/common2/boards/user_board/init.o
 .debug_ranges  0x00000270       0x18 src/ASF/common/utils/interrupt/interrupt_sam_nvic.o
 .debug_ranges  0x00000288       0x68 src/ASF/sam0/drivers/system/clock/clock_samd09_d10_d11/clock.o
 .debug_ranges  0x000002f0       0x88 src/ASF/sam0/drivers/system/clock/clock_samd09_d10_d11/gclk.o
 .debug_ranges  0x00000378       0x30 src/ASF/sam0/drivers/system/pinmux/pinmux.o
 .debug_ranges  0x000003a8       0x18 src/ASF/sam0/drivers/system/system.o
 .debug_ranges  0x000003c0       0x18 src/ASF/sam0/utils/cmsis/samd10/source/gcc/startup_samd10.o
 .debug_ranges  0x000003d8       0x50 src/ASF/sam0/utils/syscalls/gcc/syscalls.o
 .debug_ranges  0x00000428       0x18 src/main.o

.debug_macro    0x00000000    0x1503a
 .debug_macro   0x00000000      0x4d5 src/ASF/common2/services/delay/sam0/systick_counter.o
 .debug_macro   0x000004d5      0x8b6 src/ASF/common2/services/delay/sam0/systick_counter.o
 .debug_macro   0x00000d8b      0x16d src/ASF/common2/services/delay/sam0/systick_counter.o
 .debug_macro   0x00000ef8      0x6d7 src/ASF/common2/services/delay/sam0/systick_counter.o
 .debug_macro   0x000015cf       0x22 src/ASF/common2/services/delay/sam0/systick_counter.o
 .debug_macro   0x000015f1       0x87 src/ASF/common2/services/delay/sam0/systick_counter.o
 .debug_macro   0x00001678       0x51 src/ASF/common2/services/delay/sam0/systick_counter.o
 .debug_macro   0x000016c9       0xef src/ASF/common2/services/delay/sam0/systick_counter.o
 .debug_macro   0x000017b8       0x6a src/ASF/common2/services/delay/sam0/systick_counter.o
 .debug_macro   0x00001822      0x1df src/ASF/common2/services/delay/sam0/systick_counter.o
 .debug_macro   0x00001a01       0x10 src/ASF/common2/services/delay/sam0/systick_counter.o
 .debug_macro   0x00001a11       0x76 src/ASF/common2/services/delay/sam0/systick_counter.o
 .debug_macro   0x00001a87       0x16 src/ASF/common2/services/delay/sam0/systick_counter.o
 .debug_macro   0x00001a9d      0x6db src/ASF/common2/services/delay/sam0/systick_counter.o
 .debug_macro   0x00002178      0xdd8 src/ASF/common2/services/delay/sam0/systick_counter.o
 .debug_macro   0x00002f50       0x22 src/ASF/common2/services/delay/sam0/systick_counter.o
 .debug_macro   0x00002f72       0x40 src/ASF/common2/services/delay/sam0/systick_counter.o
 .debug_macro   0x00002fb2       0x3a src/ASF/common2/services/delay/sam0/systick_counter.o
 .debug_macro   0x00002fec       0x1f src/ASF/common2/services/delay/sam0/systick_counter.o
 .debug_macro   0x0000300b      0x250 src/ASF/common2/services/delay/sam0/systick_counter.o
 .debug_macro   0x0000325b      0x682 src/ASF/common2/services/delay/sam0/systick_counter.o
 .debug_macro   0x000038dd      0x8b8 src/ASF/common2/services/delay/sam0/systick_counter.o
 .debug_macro   0x00004195      0x233 src/ASF/common2/services/delay/sam0/systick_counter.o
 .debug_macro   0x000043c8      0xbd4 src/ASF/common2/services/delay/sam0/systick_counter.o
 .debug_macro   0x00004f9c      0x5b8 src/ASF/common2/services/delay/sam0/systick_counter.o
 .debug_macro   0x00005554      0x7c8 src/ASF/common2/services/delay/sam0/systick_counter.o
 .debug_macro   0x00005d1c      0x4e3 src/ASF/common2/services/delay/sam0/systick_counter.o
 .debug_macro   0x000061ff      0x3a2 src/ASF/common2/services/delay/sam0/systick_counter.o
 .debug_macro   0x000065a1      0x190 src/ASF/common2/services/delay/sam0/systick_counter.o
 .debug_macro   0x00006731      0x21f src/ASF/common2/services/delay/sam0/systick_counter.o
 .debug_macro   0x00006950      0x73c src/ASF/common2/services/delay/sam0/systick_counter.o
 .debug_macro   0x0000708c       0x5e src/ASF/common2/services/delay/sam0/systick_counter.o
 .debug_macro   0x000070ea      0x60e src/ASF/common2/services/delay/sam0/systick_counter.o
 .debug_macro   0x000076f8      0x3b6 src/ASF/common2/services/delay/sam0/systick_counter.o
 .debug_macro   0x00007aae      0xc53 src/ASF/common2/services/delay/sam0/systick_counter.o
 .debug_macro   0x00008701     0x1092 src/ASF/common2/services/delay/sam0/systick_counter.o
 .debug_macro   0x00009793      0xc19 src/ASF/common2/services/delay/sam0/systick_counter.o
 .debug_macro   0x0000a3ac      0x6ba src/ASF/common2/services/delay/sam0/systick_counter.o
 .debug_macro   0x0000aa66     0x1b8a src/ASF/common2/services/delay/sam0/systick_counter.o
 .debug_macro   0x0000c5f0      0x347 src/ASF/common2/services/delay/sam0/systick_counter.o
 .debug_macro   0x0000c937       0x7c src/ASF/common2/services/delay/sam0/systick_counter.o
 .debug_macro   0x0000c9b3       0xa0 src/ASF/common2/services/delay/sam0/systick_counter.o
 .debug_macro   0x0000ca53       0x4c src/ASF/common2/services/delay/sam0/systick_counter.o
 .debug_macro   0x0000ca9f       0xca src/ASF/common2/services/delay/sam0/systick_counter.o
 .debug_macro   0x0000cb69       0xbe src/ASF/common2/services/delay/sam0/systick_counter.o
 .debug_macro   0x0000cc27       0x58 src/ASF/common2/services/delay/sam0/systick_counter.o
 .debug_macro   0x0000cc7f      0x21d src/ASF/common2/services/delay/sam0/systick_counter.o
 .debug_macro   0x0000ce9c       0x82 src/ASF/common2/services/delay/sam0/systick_counter.o
 .debug_macro   0x0000cf1e      0x190 src/ASF/common2/services/delay/sam0/systick_counter.o
 .debug_macro   0x0000d0ae       0xa0 src/ASF/common2/services/delay/sam0/systick_counter.o
 .debug_macro   0x0000d14e       0xc4 src/ASF/common2/services/delay/sam0/systick_counter.o
 .debug_macro   0x0000d212       0x1c src/ASF/common2/services/delay/sam0/systick_counter.o
 .debug_macro   0x0000d22e       0x1c src/ASF/common2/services/delay/sam0/systick_counter.o
 .debug_macro   0x0000d24a       0x1c src/ASF/common2/services/delay/sam0/systick_counter.o
 .debug_macro   0x0000d266       0x82 src/ASF/common2/services/delay/sam0/systick_counter.o
 .debug_macro   0x0000d2e8      0x112 src/ASF/common2/services/delay/sam0/systick_counter.o
 .debug_macro   0x0000d3fa       0xdc src/ASF/common2/services/delay/sam0/systick_counter.o
 .debug_macro   0x0000d4d6      0x129 src/ASF/common2/services/delay/sam0/systick_counter.o
 .debug_macro   0x0000d5ff      0x129 src/ASF/common2/services/delay/sam0/systick_counter.o
 .debug_macro   0x0000d728      0x129 src/ASF/common2/services/delay/sam0/systick_counter.o
 .debug_macro   0x0000d851      0x11e src/ASF/common2/services/delay/sam0/systick_counter.o
 .debug_macro   0x0000d96f       0xe2 src/ASF/common2/services/delay/sam0/systick_counter.o
 .debug_macro   0x0000da51       0xe2 src/ASF/common2/services/delay/sam0/systick_counter.o
 .debug_macro   0x0000db33      0x12a src/ASF/common2/services/delay/sam0/systick_counter.o
 .debug_macro   0x0000dc5d       0x40 src/ASF/common2/services/delay/sam0/systick_counter.o
 .debug_macro   0x0000dc9d      0x2d5 src/ASF/common2/services/delay/sam0/systick_counter.o
 .debug_macro   0x0000df72      0xf20 src/ASF/common2/services/delay/sam0/systick_counter.o
 .debug_macro   0x0000ee92       0x5f src/ASF/common2/services/delay/sam0/systick_counter.o
 .debug_macro   0x0000eef1       0x58 src/ASF/common2/services/delay/sam0/systick_counter.o
 .debug_macro   0x0000ef49       0x35 src/ASF/common2/services/delay/sam0/systick_counter.o
 .debug_macro   0x0000ef7e       0x9c src/ASF/common2/services/delay/sam0/systick_counter.o
 .debug_macro   0x0000f01a       0x16 src/ASF/common2/services/delay/sam0/systick_counter.o
 .debug_macro   0x0000f030       0x35 src/ASF/common2/services/delay/sam0/systick_counter.o
 .debug_macro   0x0000f065      0x353 src/ASF/common2/services/delay/sam0/systick_counter.o
 .debug_macro   0x0000f3b8       0x10 src/ASF/common2/services/delay/sam0/systick_counter.o
 .debug_macro   0x0000f3c8       0x58 src/ASF/common2/services/delay/sam0/systick_counter.o
 .debug_macro   0x0000f420       0x1f src/ASF/common2/services/delay/sam0/systick_counter.o
 .debug_macro   0x0000f43f       0x43 src/ASF/common2/services/delay/sam0/systick_counter.o
 .debug_macro   0x0000f482       0x20 src/ASF/common2/services/delay/sam0/systick_counter.o
 .debug_macro   0x0000f4a2      0x187 src/ASF/common2/services/delay/sam0/systick_counter.o
 .debug_macro   0x0000f629       0x10 src/ASF/common2/services/delay/sam0/systick_counter.o
 .debug_macro   0x0000f639       0x1c src/ASF/common2/services/delay/sam0/systick_counter.o
 .debug_macro   0x0000f655       0x52 src/ASF/common2/services/delay/sam0/systick_counter.o
 .debug_macro   0x0000f6a7       0x40 src/ASF/common2/services/delay/sam0/systick_counter.o
 .debug_macro   0x0000f6e7       0x10 src/ASF/common2/services/delay/sam0/systick_counter.o
 .debug_macro   0x0000f6f7       0x40 src/ASF/common2/services/delay/sam0/systick_counter.o
 .debug_macro   0x0000f737       0xd7 src/ASF/common2/services/delay/sam0/systick_counter.o
 .debug_macro   0x0000f80e       0x16 src/ASF/common2/services/delay/sam0/systick_counter.o
 .debug_macro   0x0000f824      0x18b src/ASF/common2/services/delay/sam0/systick_counter.o
 .debug_macro   0x0000f9af       0x16 src/ASF/common2/services/delay/sam0/systick_counter.o
 .debug_macro   0x0000f9c5       0x16 src/ASF/common2/services/delay/sam0/systick_counter.o
 .debug_macro   0x0000f9db       0x29 src/ASF/common2/services/delay/sam0/systick_counter.o
 .debug_macro   0x0000fa04       0x51 src/ASF/common2/services/delay/sam0/systick_counter.o
 .debug_macro   0x0000fa55       0x3e src/ASF/common2/services/delay/sam0/systick_counter.o
 .debug_macro   0x0000fa93      0x3df src/ASF/common2/services/delay/sam0/systick_counter.o
 .debug_macro   0x0000fe72       0x11 src/ASF/common2/services/delay/sam0/systick_counter.o
 .debug_macro   0x0000fe83       0x16 src/ASF/common2/services/delay/sam0/systick_counter.o
 .debug_macro   0x0000fe99       0x16 src/ASF/common2/services/delay/sam0/systick_counter.o
 .debug_macro   0x0000feaf      0x519 src/ASF/sam0/drivers/adc/adc_sam_d_r_h/adc.o
 .debug_macro   0x000103c8       0x18 src/ASF/sam0/drivers/adc/adc_sam_d_r_h/adc.o
 .debug_macro   0x000103e0       0x16 src/ASF/sam0/drivers/adc/adc_sam_d_r_h/adc.o
 .debug_macro   0x000103f6       0x2e src/ASF/sam0/drivers/adc/adc_sam_d_r_h/adc.o
 .debug_macro   0x00010424       0x19 src/ASF/sam0/drivers/adc/adc_sam_d_r_h/adc.o
 .debug_macro   0x0001043d      0x51c src/ASF/sam0/drivers/adc/adc_sam_d_r_h/adc_callback.o
 .debug_macro   0x00010959      0x4b6 src/ASF/sam0/drivers/port/port.o
 .debug_macro   0x00010e0f      0x57d src/PlaceValueCountCubes.o
 .debug_macro   0x0001138c       0x58 src/PlaceValueCountCubes.o
 .debug_macro   0x000113e4       0x1c src/PlaceValueCountCubes.o
 .debug_macro   0x00011400      0x2c3 src/PlaceValueCountCubes.o
 .debug_macro   0x000116c3       0x11 src/PlaceValueCountCubes.o
 .debug_macro   0x000116d4      0x57d src/PlaceValueIRRead.o
 .debug_macro   0x00011c51      0x587 src/PlaceValueIRReadControl.o
 .debug_macro   0x000121d8      0x573 src/ASF/common2/boards/user_board/init.o
 .debug_macro   0x0001274b      0x49a src/ASF/common/utils/interrupt/interrupt_sam_nvic.o
 .debug_macro   0x00012be5      0x4ff src/ASF/sam0/drivers/system/clock/clock_samd09_d10_d11/clock.o
 .debug_macro   0x000130e4      0x22f src/ASF/sam0/drivers/system/clock/clock_samd09_d10_d11/clock.o
 .debug_macro   0x00013313      0x4d0 src/ASF/sam0/drivers/system/clock/clock_samd09_d10_d11/gclk.o
 .debug_macro   0x000137e3      0x4aa src/ASF/sam0/drivers/system/pinmux/pinmux.o
 .debug_macro   0x00013c8d       0x12 src/ASF/sam0/drivers/system/pinmux/pinmux.o
 .debug_macro   0x00013c9f      0x4dd src/ASF/sam0/drivers/system/system.o
 .debug_macro   0x0001417c      0x281 src/ASF/sam0/utils/cmsis/samd10/source/gcc/startup_samd10.o
 .debug_macro   0x000143fd       0x3a src/ASF/sam0/utils/cmsis/samd10/source/gcc/startup_samd10.o
 .debug_macro   0x00014437      0x1d6 src/ASF/sam0/utils/syscalls/gcc/syscalls.o
 .debug_macro   0x0001460d       0x52 src/ASF/sam0/utils/syscalls/gcc/syscalls.o
 .debug_macro   0x0001465f       0x8d src/ASF/sam0/utils/syscalls/gcc/syscalls.o
 .debug_macro   0x000146ec       0x57 src/ASF/sam0/utils/syscalls/gcc/syscalls.o
 .debug_macro   0x00014743       0x97 src/ASF/sam0/utils/syscalls/gcc/syscalls.o
 .debug_macro   0x000147da       0xf6 src/ASF/sam0/utils/syscalls/gcc/syscalls.o
 .debug_macro   0x000148d0       0x4c src/ASF/sam0/utils/syscalls/gcc/syscalls.o
 .debug_macro   0x0001491c       0x16 src/ASF/sam0/utils/syscalls/gcc/syscalls.o
 .debug_macro   0x00014932       0x10 src/ASF/sam0/utils/syscalls/gcc/syscalls.o
 .debug_macro   0x00014942       0x10 src/ASF/sam0/utils/syscalls/gcc/syscalls.o
 .debug_macro   0x00014952       0x35 src/ASF/sam0/utils/syscalls/gcc/syscalls.o
 .debug_macro   0x00014987      0x122 src/ASF/sam0/utils/syscalls/gcc/syscalls.o
 .debug_macro   0x00014aa9      0x591 src/main.o

.debug_line     0x00000000     0xa47e
 .debug_line    0x00000000      0x953 src/ASF/common2/services/delay/sam0/systick_counter.o
 .debug_line    0x00000953      0xcc4 src/ASF/sam0/drivers/adc/adc_sam_d_r_h/adc.o
 .debug_line    0x00001617      0xb91 src/ASF/sam0/drivers/adc/adc_sam_d_r_h/adc_callback.o
 .debug_line    0x000021a8      0x88c src/ASF/sam0/drivers/port/port.o
 .debug_line    0x00002a34      0xc49 src/PlaceValueCountCubes.o
 .debug_line    0x0000367d      0xd68 src/PlaceValueIRRead.o
 .debug_line    0x000043e5      0xc4b src/PlaceValueIRReadControl.o
 .debug_line    0x00005030      0xbaa src/ASF/common2/boards/user_board/init.o
 .debug_line    0x00005bda      0x85f src/ASF/common/utils/interrupt/interrupt_sam_nvic.o
 .debug_line    0x00006439      0xbdd src/ASF/sam0/drivers/system/clock/clock_samd09_d10_d11/clock.o
 .debug_line    0x00007016      0xc09 src/ASF/sam0/drivers/system/clock/clock_samd09_d10_d11/gclk.o
 .debug_line    0x00007c1f      0x8d9 src/ASF/sam0/drivers/system/pinmux/pinmux.o
 .debug_line    0x000084f8      0x980 src/ASF/sam0/drivers/system/system.o
 .debug_line    0x00008e78      0x5dc src/ASF/sam0/utils/cmsis/samd10/source/gcc/startup_samd10.o
 .debug_line    0x00009454      0x409 src/ASF/sam0/utils/syscalls/gcc/syscalls.o
 .debug_line    0x0000985d      0xc21 src/main.o

.debug_str      0x00000000    0x6d70b
 .debug_str     0x00000000    0x66ef2 src/ASF/common2/services/delay/sam0/systick_counter.o
                              0x673de (size before relaxing)
 .debug_str     0x00066ef2     0x1d6c src/ASF/sam0/drivers/adc/adc_sam_d_r_h/adc.o
                              0x690c5 (size before relaxing)
 .debug_str     0x00068c5e      0x2ac src/ASF/sam0/drivers/adc/adc_sam_d_r_h/adc_callback.o
                              0x67ebc (size before relaxing)
 .debug_str     0x00068f0a      0x299 src/ASF/sam0/drivers/port/port.o
                              0x675e5 (size before relaxing)
 .debug_str     0x000691a3      0xa30 src/PlaceValueCountCubes.o
                              0x689a3 (size before relaxing)
 .debug_str     0x00069bd3      0x510 src/PlaceValueIRRead.o
                              0x69bcd (size before relaxing)
 .debug_str     0x0006a0e3       0x21 src/PlaceValueIRReadControl.o
                              0x68942 (size before relaxing)
 .debug_str     0x0006a104       0x3e src/ASF/common2/boards/user_board/init.o
                              0x686d0 (size before relaxing)
 .debug_str     0x0006a142       0x94 src/ASF/common/utils/interrupt/interrupt_sam_nvic.o
                              0x671ce (size before relaxing)
 .debug_str     0x0006a1d6     0x2173 src/ASF/sam0/drivers/system/clock/clock_samd09_d10_d11/clock.o
                              0x6a022 (size before relaxing)
 .debug_str     0x0006c349      0x228 src/ASF/sam0/drivers/system/clock/clock_samd09_d10_d11/gclk.o
                              0x67e24 (size before relaxing)
 .debug_str     0x0006c571      0x179 src/ASF/sam0/drivers/system/pinmux/pinmux.o
                              0x67670 (size before relaxing)
 .debug_str     0x0006c6ea       0x47 src/ASF/sam0/drivers/system/system.o
                              0x672ab (size before relaxing)
 .debug_str     0x0006c731      0x7fd src/ASF/sam0/utils/cmsis/samd10/source/gcc/startup_samd10.o
                              0x51edb (size before relaxing)
 .debug_str     0x0006cf2e      0x767 src/ASF/sam0/utils/syscalls/gcc/syscalls.o
                               0x739d (size before relaxing)
 .debug_str     0x0006d695       0x76 src/main.o
                              0x68a06 (size before relaxing)

.debug_frame    0x00000000      0x9a4
 .debug_frame   0x00000000       0x64 src/ASF/common2/services/delay/sam0/systick_counter.o
 .debug_frame   0x00000064       0x98 src/ASF/sam0/drivers/adc/adc_sam_d_r_h/adc.o
 .debug_frame   0x000000fc       0x84 src/ASF/sam0/drivers/adc/adc_sam_d_r_h/adc_callback.o
 .debug_frame   0x00000180       0x44 src/ASF/sam0/drivers/port/port.o
 .debug_frame   0x000001c4       0x54 src/PlaceValueCountCubes.o
 .debug_frame   0x00000218       0xb4 src/PlaceValueIRRead.o
 .debug_frame   0x000002cc       0x80 src/PlaceValueIRReadControl.o
 .debug_frame   0x0000034c       0x20 src/ASF/common2/boards/user_board/init.o
 .debug_frame   0x0000036c       0x30 src/ASF/common/utils/interrupt/interrupt_sam_nvic.o
 .debug_frame   0x0000039c      0x14c src/ASF/sam0/drivers/system/clock/clock_samd09_d10_d11/clock.o
 .debug_frame   0x000004e8      0x148 src/ASF/sam0/drivers/system/clock/clock_samd09_d10_d11/gclk.o
 .debug_frame   0x00000630       0x98 src/ASF/sam0/drivers/system/pinmux/pinmux.o
 .debug_frame   0x000006c8       0x38 src/ASF/sam0/drivers/system/system.o
 .debug_frame   0x00000700       0x38 src/ASF/sam0/utils/cmsis/samd10/source/gcc/startup_samd10.o
 .debug_frame   0x00000738       0xa0 src/ASF/sam0/utils/syscalls/gcc/syscalls.o
 .debug_frame   0x000007d8       0x48 src/main.o
 .debug_frame   0x00000820       0x20 c:/program files (x86)/atmel/studio/7.0/toolchain/arm/arm-gnu-toolchain/bin/../lib/gcc/arm-none-eabi/6.3.1/thumb/v6-m\libgcc.a(_udivsi3.o)
 .debug_frame   0x00000840       0x2c c:/program files (x86)/atmel/studio/7.0/toolchain/arm/arm-gnu-toolchain/bin/../lib/gcc/arm-none-eabi/6.3.1/../../../../arm-none-eabi/lib/thumb/v6-m\libc_nano.a(lib_a-init.o)
 .debug_frame   0x0000086c       0x40 c:/program files (x86)/atmel/studio/7.0/toolchain/arm/arm-gnu-toolchain/bin/../lib/gcc/arm-none-eabi/6.3.1/../../../../arm-none-eabi/lib/thumb/v6-m\libc_nano.a(lib_a-malloc.o)
 .debug_frame   0x000008ac       0x28 c:/program files (x86)/atmel/studio/7.0/toolchain/arm/arm-gnu-toolchain/bin/../lib/gcc/arm-none-eabi/6.3.1/../../../../arm-none-eabi/lib/thumb/v6-m\libc_nano.a(lib_a-memcpy-stub.o)
 .debug_frame   0x000008d4       0x2c c:/program files (x86)/atmel/studio/7.0/toolchain/arm/arm-gnu-toolchain/bin/../lib/gcc/arm-none-eabi/6.3.1/../../../../arm-none-eabi/lib/thumb/v6-m\libc_nano.a(lib_a-nano-mallocr.o)
 .debug_frame   0x00000900       0x2c c:/program files (x86)/atmel/studio/7.0/toolchain/arm/arm-gnu-toolchain/bin/../lib/gcc/arm-none-eabi/6.3.1/../../../../arm-none-eabi/lib/thumb/v6-m\libc_nano.a(lib_a-sbrkr.o)
 .debug_frame   0x0000092c       0x30 c:/program files (x86)/atmel/studio/7.0/toolchain/arm/arm-gnu-toolchain/bin/../lib/gcc/arm-none-eabi/6.3.1/../../../../arm-none-eabi/lib/thumb/v6-m\libc_nano.a(lib_a-mlock.o)
 .debug_frame   0x0000095c       0x48 c:/program files (x86)/atmel/studio/7.0/toolchain/arm/arm-gnu-toolchain/bin/../lib/gcc/arm-none-eabi/6.3.1/../../../../arm-none-eabi/lib/thumb/v6-m\libc_nano.a(lib_a-reent.o)

Cross Reference Table

Symbol                                            File
AC_Handler                                        src/ASF/sam0/utils/cmsis/samd10/source/gcc/startup_samd10.o
ADC_Handler                                       src/ASF/sam0/drivers/adc/adc_sam_d_r_h/adc_callback.o
DAC_Handler                                       src/ASF/sam0/utils/cmsis/samd10/source/gcc/startup_samd10.o
DMAC_Handler                                      src/ASF/sam0/utils/cmsis/samd10/source/gcc/startup_samd10.o
Dummy_Handler                                     src/ASF/sam0/utils/cmsis/samd10/source/gcc/startup_samd10.o
EIC_Handler                                       src/ASF/sam0/utils/cmsis/samd10/source/gcc/startup_samd10.o
EVSYS_Handler                                     src/ASF/sam0/utils/cmsis/samd10/source/gcc/startup_samd10.o
HardFault_Handler                                 src/ASF/sam0/utils/cmsis/samd10/source/gcc/startup_samd10.o
NMI_Handler                                       src/ASF/sam0/utils/cmsis/samd10/source/gcc/startup_samd10.o
NVMCTRL_Handler                                   src/ASF/sam0/utils/cmsis/samd10/source/gcc/startup_samd10.o
PM_Handler                                        src/ASF/sam0/utils/cmsis/samd10/source/gcc/startup_samd10.o
PTC_Handler                                       src/ASF/sam0/utils/cmsis/samd10/source/gcc/startup_samd10.o
PendSV_Handler                                    src/ASF/sam0/utils/cmsis/samd10/source/gcc/startup_samd10.o
RTC_Handler                                       src/ASF/sam0/utils/cmsis/samd10/source/gcc/startup_samd10.o
Reset_Handler                                     src/ASF/sam0/utils/cmsis/samd10/source/gcc/startup_samd10.o
SERCOM0_Handler                                   src/ASF/sam0/utils/cmsis/samd10/source/gcc/startup_samd10.o
SERCOM1_Handler                                   src/ASF/sam0/utils/cmsis/samd10/source/gcc/startup_samd10.o
SERCOM2_Handler                                   src/ASF/sam0/utils/cmsis/samd10/source/gcc/startup_samd10.o
SVC_Handler                                       src/ASF/sam0/utils/cmsis/samd10/source/gcc/startup_samd10.o
SYSCTRL_Handler                                   src/ASF/sam0/utils/cmsis/samd10/source/gcc/startup_samd10.o
SysTick_Handler                                   src/ASF/sam0/utils/cmsis/samd10/source/gcc/startup_samd10.o
SystemCoreClock                                   src/ASF/sam0/utils/cmsis/samd10/source/system_samd10.o
SystemCoreClockUpdate                             src/ASF/sam0/utils/cmsis/samd10/source/system_samd10.o
SystemInit                                        src/ASF/sam0/utils/cmsis/samd10/source/system_samd10.o
TC1_Handler                                       src/ASF/sam0/utils/cmsis/samd10/source/gcc/startup_samd10.o
TC2_Handler                                       src/ASF/sam0/utils/cmsis/samd10/source/gcc/startup_samd10.o
TCC0_Handler                                      src/ASF/sam0/utils/cmsis/samd10/source/gcc/startup_samd10.o
WDT_Handler                                       src/ASF/sam0/utils/cmsis/samd10/source/gcc/startup_samd10.o
_Jv_RegisterClasses                               c:/program files (x86)/atmel/studio/7.0/toolchain/arm/arm-gnu-toolchain/bin/../lib/gcc/arm-none-eabi/6.3.1/thumb/v6-m/crtbegin.o
__aeabi_idiv0                                     c:/program files (x86)/atmel/studio/7.0/toolchain/arm/arm-gnu-toolchain/bin/../lib/gcc/arm-none-eabi/6.3.1/thumb/v6-m\libgcc.a(_dvmd_tls.o)
                                                  c:/program files (x86)/atmel/studio/7.0/toolchain/arm/arm-gnu-toolchain/bin/../lib/gcc/arm-none-eabi/6.3.1/thumb/v6-m\libgcc.a(_udivsi3.o)
__aeabi_ldiv0                                     c:/program files (x86)/atmel/studio/7.0/toolchain/arm/arm-gnu-toolchain/bin/../lib/gcc/arm-none-eabi/6.3.1/thumb/v6-m\libgcc.a(_dvmd_tls.o)
__aeabi_uidiv                                     c:/program files (x86)/atmel/studio/7.0/toolchain/arm/arm-gnu-toolchain/bin/../lib/gcc/arm-none-eabi/6.3.1/thumb/v6-m\libgcc.a(_udivsi3.o)
                                                  src/ASF/sam0/drivers/system/clock/clock_samd09_d10_d11/gclk.o
                                                  src/ASF/sam0/drivers/system/clock/clock_samd09_d10_d11/clock.o
                                                  src/ASF/common2/services/delay/sam0/systick_counter.o
__aeabi_uidivmod                                  c:/program files (x86)/atmel/studio/7.0/toolchain/arm/arm-gnu-toolchain/bin/../lib/gcc/arm-none-eabi/6.3.1/thumb/v6-m\libgcc.a(_udivsi3.o)
__bss_end__                                       c:/program files (x86)/atmel/studio/7.0/toolchain/arm/arm-gnu-toolchain/bin/../lib/gcc/arm-none-eabi/6.3.1/../../../../arm-none-eabi/lib/thumb/v6-m/crt0.o
__bss_start__                                     c:/program files (x86)/atmel/studio/7.0/toolchain/arm/arm-gnu-toolchain/bin/../lib/gcc/arm-none-eabi/6.3.1/../../../../arm-none-eabi/lib/thumb/v6-m/crt0.o
__call_exitprocs                                  c:/program files (x86)/atmel/studio/7.0/toolchain/arm/arm-gnu-toolchain/bin/../lib/gcc/arm-none-eabi/6.3.1/../../../../arm-none-eabi/lib/thumb/v6-m\libc_nano.a(lib_a-exit.o)
__deregister_frame_info                           c:/program files (x86)/atmel/studio/7.0/toolchain/arm/arm-gnu-toolchain/bin/../lib/gcc/arm-none-eabi/6.3.1/thumb/v6-m/crtbegin.o
__dso_handle                                      c:/program files (x86)/atmel/studio/7.0/toolchain/arm/arm-gnu-toolchain/bin/../lib/gcc/arm-none-eabi/6.3.1/thumb/v6-m/crtbegin.o
__init_array_end                                  c:/program files (x86)/atmel/studio/7.0/toolchain/arm/arm-gnu-toolchain/bin/../lib/gcc/arm-none-eabi/6.3.1/../../../../arm-none-eabi/lib/thumb/v6-m\libc_nano.a(lib_a-init.o)
__init_array_start                                c:/program files (x86)/atmel/studio/7.0/toolchain/arm/arm-gnu-toolchain/bin/../lib/gcc/arm-none-eabi/6.3.1/../../../../arm-none-eabi/lib/thumb/v6-m\libc_nano.a(lib_a-init.o)
__libc_fini_array                                 c:/program files (x86)/atmel/studio/7.0/toolchain/arm/arm-gnu-toolchain/bin/../lib/gcc/arm-none-eabi/6.3.1/../../../../arm-none-eabi/lib/thumb/v6-m/crt0.o
__libc_init_array                                 c:/program files (x86)/atmel/studio/7.0/toolchain/arm/arm-gnu-toolchain/bin/../lib/gcc/arm-none-eabi/6.3.1/../../../../arm-none-eabi/lib/thumb/v6-m\libc_nano.a(lib_a-init.o)
                                                  src/ASF/sam0/utils/cmsis/samd10/source/gcc/startup_samd10.o
                                                  c:/program files (x86)/atmel/studio/7.0/toolchain/arm/arm-gnu-toolchain/bin/../lib/gcc/arm-none-eabi/6.3.1/../../../../arm-none-eabi/lib/thumb/v6-m/crt0.o
__malloc_free_list                                c:/program files (x86)/atmel/studio/7.0/toolchain/arm/arm-gnu-toolchain/bin/../lib/gcc/arm-none-eabi/6.3.1/../../../../arm-none-eabi/lib/thumb/v6-m\libc_nano.a(lib_a-nano-mallocr.o)
                                                  c:/program files (x86)/atmel/studio/7.0/toolchain/arm/arm-gnu-toolchain/bin/../lib/gcc/arm-none-eabi/6.3.1/../../../../arm-none-eabi/lib/thumb/v6-m\libc_nano.a(lib_a-nano-freer.o)
__malloc_lock                                     c:/program files (x86)/atmel/studio/7.0/toolchain/arm/arm-gnu-toolchain/bin/../lib/gcc/arm-none-eabi/6.3.1/../../../../arm-none-eabi/lib/thumb/v6-m\libc_nano.a(lib_a-mlock.o)
                                                  c:/program files (x86)/atmel/studio/7.0/toolchain/arm/arm-gnu-toolchain/bin/../lib/gcc/arm-none-eabi/6.3.1/../../../../arm-none-eabi/lib/thumb/v6-m\libc_nano.a(lib_a-nano-mallocr.o)
                                                  c:/program files (x86)/atmel/studio/7.0/toolchain/arm/arm-gnu-toolchain/bin/../lib/gcc/arm-none-eabi/6.3.1/../../../../arm-none-eabi/lib/thumb/v6-m\libc_nano.a(lib_a-nano-freer.o)
__malloc_sbrk_start                               c:/program files (x86)/atmel/studio/7.0/toolchain/arm/arm-gnu-toolchain/bin/../lib/gcc/arm-none-eabi/6.3.1/../../../../arm-none-eabi/lib/thumb/v6-m\libc_nano.a(lib_a-nano-mallocr.o)
__malloc_unlock                                   c:/program files (x86)/atmel/studio/7.0/toolchain/arm/arm-gnu-toolchain/bin/../lib/gcc/arm-none-eabi/6.3.1/../../../../arm-none-eabi/lib/thumb/v6-m\libc_nano.a(lib_a-mlock.o)
                                                  c:/program files (x86)/atmel/studio/7.0/toolchain/arm/arm-gnu-toolchain/bin/../lib/gcc/arm-none-eabi/6.3.1/../../../../arm-none-eabi/lib/thumb/v6-m\libc_nano.a(lib_a-nano-mallocr.o)
                                                  c:/program files (x86)/atmel/studio/7.0/toolchain/arm/arm-gnu-toolchain/bin/../lib/gcc/arm-none-eabi/6.3.1/../../../../arm-none-eabi/lib/thumb/v6-m\libc_nano.a(lib_a-nano-freer.o)
__preinit_array_end                               c:/program files (x86)/atmel/studio/7.0/toolchain/arm/arm-gnu-toolchain/bin/../lib/gcc/arm-none-eabi/6.3.1/../../../../arm-none-eabi/lib/thumb/v6-m\libc_nano.a(lib_a-init.o)
__preinit_array_start                             c:/program files (x86)/atmel/studio/7.0/toolchain/arm/arm-gnu-toolchain/bin/../lib/gcc/arm-none-eabi/6.3.1/../../../../arm-none-eabi/lib/thumb/v6-m\libc_nano.a(lib_a-init.o)
__register_frame_info                             c:/program files (x86)/atmel/studio/7.0/toolchain/arm/arm-gnu-toolchain/bin/../lib/gcc/arm-none-eabi/6.3.1/thumb/v6-m/crtbegin.o
__sf_fake_stderr                                  c:/program files (x86)/atmel/studio/7.0/toolchain/arm/arm-gnu-toolchain/bin/../lib/gcc/arm-none-eabi/6.3.1/../../../../arm-none-eabi/lib/thumb/v6-m\libc_nano.a(lib_a-impure.o)
__sf_fake_stdin                                   c:/program files (x86)/atmel/studio/7.0/toolchain/arm/arm-gnu-toolchain/bin/../lib/gcc/arm-none-eabi/6.3.1/../../../../arm-none-eabi/lib/thumb/v6-m\libc_nano.a(lib_a-impure.o)
__sf_fake_stdout                                  c:/program files (x86)/atmel/studio/7.0/toolchain/arm/arm-gnu-toolchain/bin/../lib/gcc/arm-none-eabi/6.3.1/../../../../arm-none-eabi/lib/thumb/v6-m\libc_nano.a(lib_a-impure.o)
__stack                                           c:/program files (x86)/atmel/studio/7.0/toolchain/arm/arm-gnu-toolchain/bin/../lib/gcc/arm-none-eabi/6.3.1/../../../../arm-none-eabi/lib/thumb/v6-m/crt0.o
__udivsi3                                         c:/program files (x86)/atmel/studio/7.0/toolchain/arm/arm-gnu-toolchain/bin/../lib/gcc/arm-none-eabi/6.3.1/thumb/v6-m\libgcc.a(_udivsi3.o)
_adc_instances                                    src/ASF/sam0/drivers/adc/adc_sam_d_r_h/adc_callback.o
                                                  src/ASF/sam0/drivers/adc/adc_sam_d_r_h/adc.o
_close                                            src/ASF/sam0/utils/syscalls/gcc/syscalls.o
_end                                              src/ASF/sam0/utils/syscalls/gcc/syscalls.o
_erelocate                                        src/ASF/sam0/utils/cmsis/samd10/source/gcc/startup_samd10.o
_estack                                           src/ASF/sam0/utils/cmsis/samd10/source/gcc/startup_samd10.o
_etext                                            src/ASF/sam0/utils/cmsis/samd10/source/gcc/startup_samd10.o
_exit                                             src/ASF/sam0/utils/syscalls/gcc/syscalls.o
                                                  c:/program files (x86)/atmel/studio/7.0/toolchain/arm/arm-gnu-toolchain/bin/../lib/gcc/arm-none-eabi/6.3.1/../../../../arm-none-eabi/lib/thumb/v6-m\libc_nano.a(lib_a-exit.o)
_ezero                                            src/ASF/sam0/utils/cmsis/samd10/source/gcc/startup_samd10.o
_fini                                             c:/program files (x86)/atmel/studio/7.0/toolchain/arm/arm-gnu-toolchain/bin/../lib/gcc/arm-none-eabi/6.3.1/thumb/v6-m/crti.o
_free_r                                           c:/program files (x86)/atmel/studio/7.0/toolchain/arm/arm-gnu-toolchain/bin/../lib/gcc/arm-none-eabi/6.3.1/../../../../arm-none-eabi/lib/thumb/v6-m\libc_nano.a(lib_a-nano-freer.o)
                                                  c:/program files (x86)/atmel/studio/7.0/toolchain/arm/arm-gnu-toolchain/bin/../lib/gcc/arm-none-eabi/6.3.1/../../../../arm-none-eabi/lib/thumb/v6-m\libc_nano.a(lib_a-reent.o)
                                                  c:/program files (x86)/atmel/studio/7.0/toolchain/arm/arm-gnu-toolchain/bin/../lib/gcc/arm-none-eabi/6.3.1/../../../../arm-none-eabi/lib/thumb/v6-m\libc_nano.a(lib_a-malloc.o)
_fstat                                            src/ASF/sam0/utils/syscalls/gcc/syscalls.o
_getpid                                           src/ASF/sam0/utils/syscalls/gcc/syscalls.o
_global_impure_ptr                                c:/program files (x86)/atmel/studio/7.0/toolchain/arm/arm-gnu-toolchain/bin/../lib/gcc/arm-none-eabi/6.3.1/../../../../arm-none-eabi/lib/thumb/v6-m\libc_nano.a(lib_a-impure.o)
                                                  c:/program files (x86)/atmel/studio/7.0/toolchain/arm/arm-gnu-toolchain/bin/../lib/gcc/arm-none-eabi/6.3.1/../../../../arm-none-eabi/lib/thumb/v6-m\libc_nano.a(lib_a-exit.o)
_impure_ptr                                       c:/program files (x86)/atmel/studio/7.0/toolchain/arm/arm-gnu-toolchain/bin/../lib/gcc/arm-none-eabi/6.3.1/../../../../arm-none-eabi/lib/thumb/v6-m\libc_nano.a(lib_a-impure.o)
                                                  c:/program files (x86)/atmel/studio/7.0/toolchain/arm/arm-gnu-toolchain/bin/../lib/gcc/arm-none-eabi/6.3.1/../../../../arm-none-eabi/lib/thumb/v6-m\libc_nano.a(lib_a-reent.o)
                                                  c:/program files (x86)/atmel/studio/7.0/toolchain/arm/arm-gnu-toolchain/bin/../lib/gcc/arm-none-eabi/6.3.1/../../../../arm-none-eabi/lib/thumb/v6-m\libc_nano.a(lib_a-malloc.o)
_init                                             c:/program files (x86)/atmel/studio/7.0/toolchain/arm/arm-gnu-toolchain/bin/../lib/gcc/arm-none-eabi/6.3.1/thumb/v6-m/crti.o
                                                  c:/program files (x86)/atmel/studio/7.0/toolchain/arm/arm-gnu-toolchain/bin/../lib/gcc/arm-none-eabi/6.3.1/../../../../arm-none-eabi/lib/thumb/v6-m\libc_nano.a(lib_a-init.o)
_isatty                                           src/ASF/sam0/utils/syscalls/gcc/syscalls.o
_kill                                             src/ASF/sam0/utils/syscalls/gcc/syscalls.o
_lseek                                            src/ASF/sam0/utils/syscalls/gcc/syscalls.o
_mainCRTStartup                                   c:/program files (x86)/atmel/studio/7.0/toolchain/arm/arm-gnu-toolchain/bin/../lib/gcc/arm-none-eabi/6.3.1/../../../../arm-none-eabi/lib/thumb/v6-m/crt0.o
_malloc_r                                         c:/program files (x86)/atmel/studio/7.0/toolchain/arm/arm-gnu-toolchain/bin/../lib/gcc/arm-none-eabi/6.3.1/../../../../arm-none-eabi/lib/thumb/v6-m\libc_nano.a(lib_a-nano-mallocr.o)
                                                  c:/program files (x86)/atmel/studio/7.0/toolchain/arm/arm-gnu-toolchain/bin/../lib/gcc/arm-none-eabi/6.3.1/../../../../arm-none-eabi/lib/thumb/v6-m\libc_nano.a(lib_a-malloc.o)
_reclaim_reent                                    c:/program files (x86)/atmel/studio/7.0/toolchain/arm/arm-gnu-toolchain/bin/../lib/gcc/arm-none-eabi/6.3.1/../../../../arm-none-eabi/lib/thumb/v6-m\libc_nano.a(lib_a-reent.o)
_sbrk                                             src/ASF/sam0/utils/syscalls/gcc/syscalls.o
                                                  c:/program files (x86)/atmel/studio/7.0/toolchain/arm/arm-gnu-toolchain/bin/../lib/gcc/arm-none-eabi/6.3.1/../../../../arm-none-eabi/lib/thumb/v6-m\libc_nano.a(lib_a-sbrkr.o)
_sbrk_r                                           c:/program files (x86)/atmel/studio/7.0/toolchain/arm/arm-gnu-toolchain/bin/../lib/gcc/arm-none-eabi/6.3.1/../../../../arm-none-eabi/lib/thumb/v6-m\libc_nano.a(lib_a-sbrkr.o)
                                                  c:/program files (x86)/atmel/studio/7.0/toolchain/arm/arm-gnu-toolchain/bin/../lib/gcc/arm-none-eabi/6.3.1/../../../../arm-none-eabi/lib/thumb/v6-m\libc_nano.a(lib_a-nano-mallocr.o)
_sfixed                                           src/ASF/sam0/utils/cmsis/samd10/source/gcc/startup_samd10.o
_srelocate                                        src/ASF/sam0/utils/cmsis/samd10/source/gcc/startup_samd10.o
_start                                            c:/program files (x86)/atmel/studio/7.0/toolchain/arm/arm-gnu-toolchain/bin/../lib/gcc/arm-none-eabi/6.3.1/../../../../arm-none-eabi/lib/thumb/v6-m/crt0.o
_system_divas_init                                src/ASF/sam0/drivers/system/system.o
_system_dummy_init                                src/ASF/sam0/drivers/system/system.o
_system_events_init                               src/ASF/sam0/drivers/system/system.o
_system_extint_init                               src/ASF/sam0/drivers/system/system.o
_szero                                            src/ASF/sam0/utils/cmsis/samd10/source/gcc/startup_samd10.o
adc_abort_job                                     src/ASF/sam0/drivers/adc/adc_sam_d_r_h/adc_callback.o
adc_get_config_defaults                           src/ASF/sam0/drivers/adc/adc_sam_d_r_h/adc.o
                                                  src/PlaceValueIRRead.o
adc_get_job_status                                src/ASF/sam0/drivers/adc/adc_sam_d_r_h/adc_callback.o
adc_init                                          src/ASF/sam0/drivers/adc/adc_sam_d_r_h/adc.o
                                                  src/PlaceValueIRRead.o
adc_instance                                      src/PlaceValueIRRead.o
adc_read_buffer_job                               src/ASF/sam0/drivers/adc/adc_sam_d_r_h/adc_callback.o
adc_register_callback                             src/ASF/sam0/drivers/adc/adc_sam_d_r_h/adc_callback.o
adc_regular_ain_channel                           src/ASF/sam0/drivers/adc/adc_sam_d_r_h/adc.o
adc_result                                        src/PlaceValueIRRead.o
adc_set_window_mode                               src/ASF/sam0/drivers/adc/adc_sam_d_r_h/adc.o
adc_start_read_result                             src/PlaceValueIRRead.o
                                                  src/PlaceValueIRReadControl.o
adc_unregister_callback                           src/ASF/sam0/drivers/adc/adc_sam_d_r_h/adc_callback.o
atexit                                            c:/program files (x86)/atmel/studio/7.0/toolchain/arm/arm-gnu-toolchain/bin/../lib/gcc/arm-none-eabi/6.3.1/../../../../arm-none-eabi/lib/thumb/v6-m/crt0.o
board_init                                        src/ASF/common2/boards/user_board/init.o
cleanup_glue                                      c:/program files (x86)/atmel/studio/7.0/toolchain/arm/arm-gnu-toolchain/bin/../lib/gcc/arm-none-eabi/6.3.1/../../../../arm-none-eabi/lib/thumb/v6-m\libc_nano.a(lib_a-reent.o)
configure_adc                                     src/PlaceValueIRRead.o
configure_ir_led                                  src/PlaceValueIRRead.o
configure_mux_select                              src/PlaceValueIRRead.o
cpu_irq_enter_critical                            src/ASF/common/utils/interrupt/interrupt_sam_nvic.o
                                                  src/ASF/sam0/drivers/system/clock/clock_samd09_d10_d11/gclk.o
cpu_irq_leave_critical                            src/ASF/common/utils/interrupt/interrupt_sam_nvic.o
                                                  src/ASF/sam0/drivers/system/clock/clock_samd09_d10_d11/gclk.o
cubes_detected                                    src/PlaceValueCountCubes.o
delay_cycles_ms                                   src/ASF/common2/services/delay/sam0/systick_counter.o
                                                  src/main.o
                                                  src/PlaceValueCountCubes.o
delay_cycles_us                                   src/ASF/common2/services/delay/sam0/systick_counter.o
delay_init                                        src/ASF/common2/services/delay/sam0/systick_counter.o
                                                  src/main.o
detect_cube                                       src/PlaceValueCountCubes.o
                                                  src/main.o
errno                                             c:/program files (x86)/atmel/studio/7.0/toolchain/arm/arm-gnu-toolchain/bin/../lib/gcc/arm-none-eabi/6.3.1/../../../../arm-none-eabi/lib/thumb/v6-m\libc_nano.a(lib_a-reent.o)
                                                  c:/program files (x86)/atmel/studio/7.0/toolchain/arm/arm-gnu-toolchain/bin/../lib/gcc/arm-none-eabi/6.3.1/../../../../arm-none-eabi/lib/thumb/v6-m\libc_nano.a(lib_a-sbrkr.o)
exception_table                                   src/ASF/sam0/utils/cmsis/samd10/source/gcc/startup_samd10.o
exit                                              c:/program files (x86)/atmel/studio/7.0/toolchain/arm/arm-gnu-toolchain/bin/../lib/gcc/arm-none-eabi/6.3.1/../../../../arm-none-eabi/lib/thumb/v6-m\libc_nano.a(lib_a-exit.o)
                                                  c:/program files (x86)/atmel/studio/7.0/toolchain/arm/arm-gnu-toolchain/bin/../lib/gcc/arm-none-eabi/6.3.1/../../../../arm-none-eabi/lib/thumb/v6-m/crt0.o
free                                              c:/program files (x86)/atmel/studio/7.0/toolchain/arm/arm-gnu-toolchain/bin/../lib/gcc/arm-none-eabi/6.3.1/../../../../arm-none-eabi/lib/thumb/v6-m\libc_nano.a(lib_a-malloc.o)
g_interrupt_enabled                               src/ASF/common/utils/interrupt/interrupt_sam_nvic.o
hardware_init_hook                                c:/program files (x86)/atmel/studio/7.0/toolchain/arm/arm-gnu-toolchain/bin/../lib/gcc/arm-none-eabi/6.3.1/../../../../arm-none-eabi/lib/thumb/v6-m/crt0.o
hndrds_array                                      src/main.o
hndrds_val                                        src/main.o
ir_sensor_init                                    src/PlaceValueIRRead.o
                                                  src/main.o
link                                              src/ASF/sam0/utils/syscalls/gcc/syscalls.o
main                                              src/main.o
                                                  src/ASF/sam0/utils/cmsis/samd10/source/gcc/startup_samd10.o
                                                  c:/program files (x86)/atmel/studio/7.0/toolchain/arm/arm-gnu-toolchain/bin/../lib/gcc/arm-none-eabi/6.3.1/../../../../arm-none-eabi/lib/thumb/v6-m/crt0.o
malloc                                            c:/program files (x86)/atmel/studio/7.0/toolchain/arm/arm-gnu-toolchain/bin/../lib/gcc/arm-none-eabi/6.3.1/../../../../arm-none-eabi/lib/thumb/v6-m\libc_nano.a(lib_a-malloc.o)
                                                  src/PlaceValueIRRead.o
memcpy                                            c:/program files (x86)/atmel/studio/7.0/toolchain/arm/arm-gnu-toolchain/bin/../lib/gcc/arm-none-eabi/6.3.1/../../../../arm-none-eabi/lib/thumb/v6-m\libc_nano.a(lib_a-memcpy-stub.o)
                                                  src/ASF/sam0/drivers/adc/adc_sam_d_r_h/adc.o
memset                                            c:/program files (x86)/atmel/studio/7.0/toolchain/arm/arm-gnu-toolchain/bin/../lib/gcc/arm-none-eabi/6.3.1/../../../../arm-none-eabi/lib/thumb/v6-m\libc_nano.a(lib_a-memset.o)
                                                  c:/program files (x86)/atmel/studio/7.0/toolchain/arm/arm-gnu-toolchain/bin/../lib/gcc/arm-none-eabi/6.3.1/../../../../arm-none-eabi/lib/thumb/v6-m/crt0.o
ones_array                                        src/main.o
ones_val                                          src/main.o
port_group_set_config                             src/ASF/sam0/drivers/port/port.o
port_pin_set_config                               src/ASF/sam0/drivers/port/port.o
                                                  src/PlaceValueIRRead.o
read_all_values                                   src/PlaceValueCountCubes.o
read_hndrds                                       src/PlaceValueIRReadControl.o
                                                  src/main.o
                                                  src/PlaceValueCountCubes.o
read_misc                                         src/PlaceValueIRReadControl.o
                                                  src/PlaceValueCountCubes.o
read_ones                                         src/PlaceValueIRReadControl.o
                                                  src/main.o
                                                  src/PlaceValueCountCubes.o
read_tens                                         src/PlaceValueIRReadControl.o
                                                  src/main.o
                                                  src/PlaceValueCountCubes.o
select_mux                                        src/PlaceValueIRReadControl.o
                                                  src/main.o
                                                  src/PlaceValueCountCubes.o
software_init_hook                                c:/program files (x86)/atmel/studio/7.0/toolchain/arm/arm-gnu-toolchain/bin/../lib/gcc/arm-none-eabi/6.3.1/../../../../arm-none-eabi/lib/thumb/v6-m/crt0.o
system_board_init                                 src/ASF/common2/boards/user_board/init.o
system_clock_init                                 src/ASF/sam0/drivers/system/clock/clock_samd09_d10_d11/clock.o
system_clock_source_dfll_set_config               src/ASF/sam0/drivers/system/clock/clock_samd09_d10_d11/clock.o
system_clock_source_disable                       src/ASF/sam0/drivers/system/clock/clock_samd09_d10_d11/clock.o
system_clock_source_dpll_set_config               src/ASF/sam0/drivers/system/clock/clock_samd09_d10_d11/clock.o
system_clock_source_enable                        src/ASF/sam0/drivers/system/clock/clock_samd09_d10_d11/clock.o
system_clock_source_get_hz                        src/ASF/sam0/drivers/system/clock/clock_samd09_d10_d11/clock.o
                                                  src/ASF/sam0/drivers/system/clock/clock_samd09_d10_d11/gclk.o
system_clock_source_is_ready                      src/ASF/sam0/drivers/system/clock/clock_samd09_d10_d11/clock.o
system_clock_source_osc32k_set_config             src/ASF/sam0/drivers/system/clock/clock_samd09_d10_d11/clock.o
system_clock_source_osc8m_set_config              src/ASF/sam0/drivers/system/clock/clock_samd09_d10_d11/clock.o
system_clock_source_write_calibration             src/ASF/sam0/drivers/system/clock/clock_samd09_d10_d11/clock.o
system_clock_source_xosc32k_set_config            src/ASF/sam0/drivers/system/clock/clock_samd09_d10_d11/clock.o
system_clock_source_xosc_set_config               src/ASF/sam0/drivers/system/clock/clock_samd09_d10_d11/clock.o
system_gclk_chan_disable                          src/ASF/sam0/drivers/system/clock/clock_samd09_d10_d11/gclk.o
system_gclk_chan_enable                           src/ASF/sam0/drivers/system/clock/clock_samd09_d10_d11/gclk.o
                                                  src/ASF/sam0/drivers/adc/adc_sam_d_r_h/adc.o
system_gclk_chan_get_hz                           src/ASF/sam0/drivers/system/clock/clock_samd09_d10_d11/gclk.o
                                                  src/ASF/sam0/drivers/system/clock/clock_samd09_d10_d11/clock.o
system_gclk_chan_is_enabled                       src/ASF/sam0/drivers/system/clock/clock_samd09_d10_d11/gclk.o
system_gclk_chan_is_locked                        src/ASF/sam0/drivers/system/clock/clock_samd09_d10_d11/gclk.o
system_gclk_chan_lock                             src/ASF/sam0/drivers/system/clock/clock_samd09_d10_d11/gclk.o
system_gclk_chan_set_config                       src/ASF/sam0/drivers/system/clock/clock_samd09_d10_d11/gclk.o
                                                  src/ASF/sam0/drivers/system/clock/clock_samd09_d10_d11/clock.o
                                                  src/ASF/sam0/drivers/adc/adc_sam_d_r_h/adc.o
system_gclk_gen_disable                           src/ASF/sam0/drivers/system/clock/clock_samd09_d10_d11/gclk.o
system_gclk_gen_enable                            src/ASF/sam0/drivers/system/clock/clock_samd09_d10_d11/gclk.o
                                                  src/ASF/sam0/drivers/system/clock/clock_samd09_d10_d11/clock.o
system_gclk_gen_get_hz                            src/ASF/sam0/drivers/system/clock/clock_samd09_d10_d11/gclk.o
                                                  src/ASF/common2/services/delay/sam0/systick_counter.o
system_gclk_gen_is_enabled                        src/ASF/sam0/drivers/system/clock/clock_samd09_d10_d11/gclk.o
system_gclk_gen_set_config                        src/ASF/sam0/drivers/system/clock/clock_samd09_d10_d11/gclk.o
                                                  src/ASF/sam0/drivers/system/clock/clock_samd09_d10_d11/clock.o
system_gclk_init                                  src/ASF/sam0/drivers/system/clock/clock_samd09_d10_d11/gclk.o
                                                  src/ASF/sam0/drivers/system/clock/clock_samd09_d10_d11/clock.o
system_init                                       src/ASF/sam0/drivers/system/system.o
                                                  src/main.o
system_interrupt_clear_pending                    src/ASF/sam0/drivers/system/interrupt/system_interrupt.o
system_interrupt_get_priority                     src/ASF/sam0/drivers/system/interrupt/system_interrupt.o
system_interrupt_is_pending                       src/ASF/sam0/drivers/system/interrupt/system_interrupt.o
system_interrupt_set_pending                      src/ASF/sam0/drivers/system/interrupt/system_interrupt.o
system_interrupt_set_priority                     src/ASF/sam0/drivers/system/interrupt/system_interrupt.o
system_pinmux_group_set_config                    src/ASF/sam0/drivers/system/pinmux/pinmux.o
                                                  src/ASF/sam0/drivers/port/port.o
system_pinmux_group_set_input_sample_mode         src/ASF/sam0/drivers/system/pinmux/pinmux.o
system_pinmux_group_set_output_strength           src/ASF/sam0/drivers/system/pinmux/pinmux.o
system_pinmux_pin_set_config                      src/ASF/sam0/drivers/system/pinmux/pinmux.o
                                                  src/ASF/sam0/drivers/port/port.o
                                                  src/ASF/sam0/drivers/adc/adc_sam_d_r_h/adc.o
temp_cube                                         src/main.o
tens_array                                        src/main.o
tens_val                                          src/main.o
test                                              src/main.o
turn_off_ir_led                                   src/PlaceValueIRRead.o
turn_on_ir_led                                    src/PlaceValueIRRead.o
