Archive member included to satisfy reference by file (symbol)

c:/program files (x86)/atmel/studio/7.0/toolchain/arm/arm-gnu-toolchain/bin/../lib/gcc/arm-none-eabi/6.2.1/thumb/v6-m\libgcc.a(_udivsi3.o)
                              src/ASF/common2/services/delay/sam0/systick_counter.o (__aeabi_uidiv)
c:/program files (x86)/atmel/studio/7.0/toolchain/arm/arm-gnu-toolchain/bin/../lib/gcc/arm-none-eabi/6.2.1/thumb/v6-m\libgcc.a(_dvmd_tls.o)
                              c:/program files (x86)/atmel/studio/7.0/toolchain/arm/arm-gnu-toolchain/bin/../lib/gcc/arm-none-eabi/6.2.1/thumb/v6-m\libgcc.a(_udivsi3.o) (__aeabi_idiv0)
c:/program files (x86)/atmel/studio/7.0/toolchain/arm/arm-gnu-toolchain/bin/../lib/gcc/arm-none-eabi/6.2.1/thumb/v6-m\libgcc.a(_muldi3.o)
                              src/ASF/sam0/drivers/sercom/sercom.o (__aeabi_lmul)
c:/program files (x86)/atmel/studio/7.0/toolchain/arm/arm-gnu-toolchain/bin/../lib/gcc/arm-none-eabi/6.2.1/../../../../arm-none-eabi/lib/thumb/v6-m\libc_nano.a(lib_a-exit.o)
                              c:/program files (x86)/atmel/studio/7.0/toolchain/arm/arm-gnu-toolchain/bin/../lib/gcc/arm-none-eabi/6.2.1/../../../../arm-none-eabi/lib/thumb/v6-m/crt0.o (exit)
c:/program files (x86)/atmel/studio/7.0/toolchain/arm/arm-gnu-toolchain/bin/../lib/gcc/arm-none-eabi/6.2.1/../../../../arm-none-eabi/lib/thumb/v6-m\libc_nano.a(lib_a-impure.o)
                              c:/program files (x86)/atmel/studio/7.0/toolchain/arm/arm-gnu-toolchain/bin/../lib/gcc/arm-none-eabi/6.2.1/../../../../arm-none-eabi/lib/thumb/v6-m\libc_nano.a(lib_a-exit.o) (_global_impure_ptr)
c:/program files (x86)/atmel/studio/7.0/toolchain/arm/arm-gnu-toolchain/bin/../lib/gcc/arm-none-eabi/6.2.1/../../../../arm-none-eabi/lib/thumb/v6-m\libc_nano.a(lib_a-init.o)
                              c:/program files (x86)/atmel/studio/7.0/toolchain/arm/arm-gnu-toolchain/bin/../lib/gcc/arm-none-eabi/6.2.1/../../../../arm-none-eabi/lib/thumb/v6-m/crt0.o (__libc_init_array)
c:/program files (x86)/atmel/studio/7.0/toolchain/arm/arm-gnu-toolchain/bin/../lib/gcc/arm-none-eabi/6.2.1/../../../../arm-none-eabi/lib/thumb/v6-m\libc_nano.a(lib_a-malloc.o)
                              src/PlaceValueIRRead.o (malloc)
c:/program files (x86)/atmel/studio/7.0/toolchain/arm/arm-gnu-toolchain/bin/../lib/gcc/arm-none-eabi/6.2.1/../../../../arm-none-eabi/lib/thumb/v6-m\libc_nano.a(lib_a-memcpy-stub.o)
                              src/ASF/sam0/drivers/adc/adc_sam_d_r_h/adc.o (memcpy)
c:/program files (x86)/atmel/studio/7.0/toolchain/arm/arm-gnu-toolchain/bin/../lib/gcc/arm-none-eabi/6.2.1/../../../../arm-none-eabi/lib/thumb/v6-m\libc_nano.a(lib_a-memset.o)
                              c:/program files (x86)/atmel/studio/7.0/toolchain/arm/arm-gnu-toolchain/bin/../lib/gcc/arm-none-eabi/6.2.1/../../../../arm-none-eabi/lib/thumb/v6-m/crt0.o (memset)
c:/program files (x86)/atmel/studio/7.0/toolchain/arm/arm-gnu-toolchain/bin/../lib/gcc/arm-none-eabi/6.2.1/../../../../arm-none-eabi/lib/thumb/v6-m\libc_nano.a(lib_a-nano-freer.o)
                              c:/program files (x86)/atmel/studio/7.0/toolchain/arm/arm-gnu-toolchain/bin/../lib/gcc/arm-none-eabi/6.2.1/../../../../arm-none-eabi/lib/thumb/v6-m\libc_nano.a(lib_a-malloc.o) (_free_r)
c:/program files (x86)/atmel/studio/7.0/toolchain/arm/arm-gnu-toolchain/bin/../lib/gcc/arm-none-eabi/6.2.1/../../../../arm-none-eabi/lib/thumb/v6-m\libc_nano.a(lib_a-nano-mallocr.o)
                              c:/program files (x86)/atmel/studio/7.0/toolchain/arm/arm-gnu-toolchain/bin/../lib/gcc/arm-none-eabi/6.2.1/../../../../arm-none-eabi/lib/thumb/v6-m\libc_nano.a(lib_a-malloc.o) (_malloc_r)
c:/program files (x86)/atmel/studio/7.0/toolchain/arm/arm-gnu-toolchain/bin/../lib/gcc/arm-none-eabi/6.2.1/../../../../arm-none-eabi/lib/thumb/v6-m\libc_nano.a(lib_a-sbrkr.o)
                              c:/program files (x86)/atmel/studio/7.0/toolchain/arm/arm-gnu-toolchain/bin/../lib/gcc/arm-none-eabi/6.2.1/../../../../arm-none-eabi/lib/thumb/v6-m\libc_nano.a(lib_a-nano-mallocr.o) (_sbrk_r)
c:/program files (x86)/atmel/studio/7.0/toolchain/arm/arm-gnu-toolchain/bin/../lib/gcc/arm-none-eabi/6.2.1/../../../../arm-none-eabi/lib/thumb/v6-m\libc_nano.a(lib_a-mlock.o)
                              c:/program files (x86)/atmel/studio/7.0/toolchain/arm/arm-gnu-toolchain/bin/../lib/gcc/arm-none-eabi/6.2.1/../../../../arm-none-eabi/lib/thumb/v6-m\libc_nano.a(lib_a-nano-freer.o) (__malloc_lock)
c:/program files (x86)/atmel/studio/7.0/toolchain/arm/arm-gnu-toolchain/bin/../lib/gcc/arm-none-eabi/6.2.1/../../../../arm-none-eabi/lib/thumb/v6-m\libc_nano.a(lib_a-reent.o)
                              c:/program files (x86)/atmel/studio/7.0/toolchain/arm/arm-gnu-toolchain/bin/../lib/gcc/arm-none-eabi/6.2.1/../../../../arm-none-eabi/lib/thumb/v6-m\libc_nano.a(lib_a-sbrkr.o) (errno)

Allocating common symbols
Common symbol       size              file

cubeOutputs         0x4               src/main.o
[...]
Memory Configuration

Name             Origin             Length             Attributes
rom              0x00000000         0x00004000         xr
ram              0x20000000         0x00001000         xrw
*default*        0x00000000         0xffffffff

Linker script and memory map

LOAD c:/program files (x86)/atmel/studio/7.0/toolchain/arm/arm-gnu-toolchain/bin/../lib/gcc/arm-none-eabi/6.2.1/thumb/v6-m/crti.o
LOAD c:/program files (x86)/atmel/studio/7.0/toolchain/arm/arm-gnu-toolchain/bin/../lib/gcc/arm-none-eabi/6.2.1/thumb/v6-m/crtbegin.o
LOAD c:/program files (x86)/atmel/studio/7.0/toolchain/arm/arm-gnu-toolchain/bin/../lib/gcc/arm-none-eabi/6.2.1/../../../../arm-none-eabi/lib/thumb/v6-m/crt0.o
LOAD src/ASF/sam0/drivers/tc/tc_interrupt.o
LOAD src/ASF/sam0/drivers/tc/tc_sam_d_r/tc.o
LOAD src/test.o
LOAD src/ASF/common2/services/delay/sam0/systick_counter.o
LOAD src/ASF/sam0/drivers/adc/adc_sam_d_r_h/adc.o
LOAD src/ASF/sam0/drivers/adc/adc_sam_d_r_h/adc_callback.o
LOAD src/ASF/sam0/drivers/dma/dma.o
LOAD src/ASF/sam0/drivers/port/port.o
LOAD src/ASF/sam0/drivers/sercom/i2c/i2c_sam0/i2c_slave.o
LOAD src/ASF/sam0/drivers/sercom/i2c/i2c_sam0/i2c_slave_interrupt.o
LOAD src/ASF/sam0/drivers/sercom/sercom.o
LOAD src/ASF/sam0/drivers/sercom/sercom_interrupt.o
LOAD src/ASF/sam0/drivers/sercom/spi/spi.o
LOAD src/ASF/sam0/drivers/sercom/spi/spi_interrupt.o
LOAD src/PlaceValueCountCubes.o
LOAD src/PlaceValueI2CSlave.o
LOAD src/PlaceValueIRRead.o
LOAD src/PlaceValueIRReadControl.o
LOAD src/PlaceValueAddLED.o
LOAD src/PlaceValueAddLEDControl.o
LOAD src/ASF/common2/boards/user_board/init.o
LOAD src/ASF/common/utils/interrupt/interrupt_sam_nvic.o
LOAD src/ASF/sam0/drivers/system/clock/clock_samd09_d10_d11/clock.o
LOAD src/ASF/sam0/drivers/system/clock/clock_samd09_d10_d11/gclk.o
LOAD src/ASF/sam0/drivers/system/interrupt/system_interrupt.o
LOAD src/ASF/sam0/drivers/system/pinmux/pinmux.o
LOAD src/ASF/sam0/drivers/system/system.o
LOAD src/ASF/sam0/utils/cmsis/samd10/source/gcc/startup_samd10.o
LOAD src/ASF/sam0/utils/cmsis/samd10/source/system_samd10.o
LOAD src/ASF/sam0/utils/syscalls/gcc/syscalls.o
LOAD src/main.o
START GROUP
LOAD ../src/ASF/thirdparty/CMSIS/Lib/GCC\libarm_cortexM0l_math.a
LOAD c:/program files (x86)/atmel/studio/7.0/toolchain/arm/arm-gnu-toolchain/bin/../lib/gcc/arm-none-eabi/6.2.1/../../../../arm-none-eabi/lib/thumb/v6-m\libm.a
END GROUP
START GROUP
LOAD c:/program files (x86)/atmel/studio/7.0/toolchain/arm/arm-gnu-toolchain/bin/../lib/gcc/arm-none-eabi/6.2.1/thumb/v6-m\libgcc.a
LOAD c:/program files (x86)/atmel/studio/7.0/toolchain/arm/arm-gnu-toolchain/bin/../lib/gcc/arm-none-eabi/6.2.1/../../../../arm-none-eabi/lib/thumb/v6-m\libc_nano.a
END GROUP
START GROUP
LOAD c:/program files (x86)/atmel/studio/7.0/toolchain/arm/arm-gnu-toolchain/bin/../lib/gcc/arm-none-eabi/6.2.1/thumb/v6-m\libgcc.a
LOAD c:/program files (x86)/atmel/studio/7.0/toolchain/arm/arm-gnu-toolchain/bin/../lib/gcc/arm-none-eabi/6.2.1/../../../../arm-none-eabi/lib/thumb/v6-m\libc_nano.a
END GROUP
LOAD c:/program files (x86)/atmel/studio/7.0/toolchain/arm/arm-gnu-toolchain/bin/../lib/gcc/arm-none-eabi/6.2.1/thumb/v6-m/crtend.o
LOAD c:/program files (x86)/atmel/studio/7.0/toolchain/arm/arm-gnu-toolchain/bin/../lib/gcc/arm-none-eabi/6.2.1/thumb/v6-m/crtn.o
                0x00000400                STACK_SIZE = DEFINED (STACK_SIZE)?STACK_SIZE:DEFINED (__stack_size__)?__stack_size__:0x400

.text           0x00000000     0x2978
                0x00000000                . = ALIGN (0x4)
                0x00000000                _sfixed = .
 *(.vectors .vectors.*)
 .vectors       0x00000000       0x8c src/ASF/sam0/utils/cmsis/samd10/source/gcc/startup_samd10.o
                0x00000000                exception_table
 *(.text .text.* .gnu.linkonce.t.*)
 .text          0x0000008c       0x60 c:/program files (x86)/atmel/studio/7.0/toolchain/arm/arm-gnu-toolchain/bin/../lib/gcc/arm-none-eabi/6.2.1/thumb/v6-m/crtbegin.o
 .text._tc_interrupt_handler
                0x000000ec       0x64 src/ASF/sam0/drivers/tc/tc_interrupt.o
                0x000000ec                _tc_interrupt_handler
 .text.TC1_Handler
                0x00000150       0x10 src/ASF/sam0/drivers/tc/tc_interrupt.o
                0x00000150                TC1_Handler
 .text.TC2_Handler
                0x00000160       0x10 src/ASF/sam0/drivers/tc/tc_interrupt.o
                0x00000160                TC2_Handler
 .text.fadeREDControlled
                0x00000170       0x68 src/test.o
                0x00000170                fadeREDControlled
 .text.delay_init
                0x000001d8       0x40 src/ASF/common2/services/delay/sam0/systick_counter.o
                0x000001d8                delay_init
 .text.delay_cycles_ms
                0x00000218       0x2c src/ASF/common2/services/delay/sam0/systick_counter.o
                0x00000218                delay_cycles_ms
 .text.adc_get_config_defaults
                0x00000244       0x46 src/ASF/sam0/drivers/adc/adc_sam_d_r_h/adc.o
                0x00000244                adc_get_config_defaults
 *fill*         0x0000028a        0x2 
 .text.adc_init
                0x0000028c      0x428 src/ASF/sam0/drivers/adc/adc_sam_d_r_h/adc.o
                0x0000028c                adc_init
 .text.ADC_Handler
                0x000006b4       0xc4 src/ASF/sam0/drivers/adc/adc_sam_d_r_h/adc_callback.o
                0x000006b4                ADC_Handler
 .text.DMAC_Handler
                0x00000778       0xb4 src/ASF/sam0/drivers/dma/dma.o
                0x00000778                DMAC_Handler
 .text.dma_get_config_defaults
                0x0000082c       0x10 src/ASF/sam0/drivers/dma/dma.o
                0x0000082c                dma_get_config_defaults
 .text.dma_allocate
                0x0000083c      0x148 src/ASF/sam0/drivers/dma/dma.o
                0x0000083c                dma_allocate
 .text.dma_start_transfer_job
                0x00000984       0x88 src/ASF/sam0/drivers/dma/dma.o
                0x00000984                dma_start_transfer_job
 .text.dma_descriptor_create
                0x00000a0c       0xa8 src/ASF/sam0/drivers/dma/dma.o
                0x00000a0c                dma_descriptor_create
 .text.dma_add_descriptor
                0x00000ab4       0x2a src/ASF/sam0/drivers/dma/dma.o
                0x00000ab4                dma_add_descriptor
 *fill*         0x00000ade        0x2 
 .text.port_pin_set_config
                0x00000ae0       0x24 src/ASF/sam0/drivers/port/port.o
                0x00000ae0                port_pin_set_config
 .text.i2c_slave_init
                0x00000b04      0x190 src/ASF/sam0/drivers/sercom/i2c/i2c_sam0/i2c_slave.o
                0x00000b04                i2c_slave_init
 .text.i2c_slave_register_callback
                0x00000c94       0x1a src/ASF/sam0/drivers/sercom/i2c/i2c_sam0/i2c_slave_interrupt.o
                0x00000c94                i2c_slave_register_callback
 .text.i2c_slave_write_packet_job
                0x00000cae       0x28 src/ASF/sam0/drivers/sercom/i2c/i2c_sam0/i2c_slave_interrupt.o
                0x00000cae                i2c_slave_write_packet_job
 *fill*         0x00000cd6        0x2 
 .text._i2c_slave_interrupt_handler
                0x00000cd8      0x268 src/ASF/sam0/drivers/sercom/i2c/i2c_sam0/i2c_slave_interrupt.o
                0x00000cd8                _i2c_slave_interrupt_handler
 .text._sercom_get_sync_baud_val
                0x00000f40       0x28 src/ASF/sam0/drivers/sercom/sercom.o
                0x00000f40                _sercom_get_sync_baud_val
 .text.sercom_set_gclk_generator
                0x00000f68       0x4c src/ASF/sam0/drivers/sercom/sercom.o
                0x00000f68                sercom_set_gclk_generator
 .text._sercom_get_default_pad
                0x00000fb4       0xc0 src/ASF/sam0/drivers/sercom/sercom.o
                0x00000fb4                _sercom_get_default_pad
 .text._sercom_get_sercom_inst_index
                0x00001074       0x38 src/ASF/sam0/drivers/sercom/sercom.o
                0x00001074                _sercom_get_sercom_inst_index
 .text._sercom_default_handler
                0x000010ac        0x2 src/ASF/sam0/drivers/sercom/sercom_interrupt.o
 *fill*         0x000010ae        0x2 
 .text._sercom_set_handler
                0x000010b0       0x3c src/ASF/sam0/drivers/sercom/sercom_interrupt.o
                0x000010b0                _sercom_set_handler
 .text._sercom_get_interrupt_vector
                0x000010ec       0x20 src/ASF/sam0/drivers/sercom/sercom_interrupt.o
                0x000010ec                _sercom_get_interrupt_vector
 .text.SERCOM0_Handler
                0x0000110c       0x10 src/ASF/sam0/drivers/sercom/sercom_interrupt.o
                0x0000110c                SERCOM0_Handler
 .text.SERCOM1_Handler
                0x0000111c       0x10 src/ASF/sam0/drivers/sercom/sercom_interrupt.o
                0x0000111c                SERCOM1_Handler
 .text.SERCOM2_Handler
                0x0000112c       0x10 src/ASF/sam0/drivers/sercom/sercom_interrupt.o
                0x0000112c                SERCOM2_Handler
 .text.spi_init
                0x0000113c      0x214 src/ASF/sam0/drivers/sercom/spi/spi.o
                0x0000113c                spi_init
 .text._spi_interrupt_handler
                0x00001350      0x228 src/ASF/sam0/drivers/sercom/spi/spi_interrupt.o
                0x00001350                _spi_interrupt_handler
 .text.detect_cube
                0x00001578       0x58 src/PlaceValueCountCubes.o
                0x00001578                detect_cube
 .text.formatData
                0x000015d0       0x2c src/PlaceValueCountCubes.o
                0x000015d0                formatData
 .text.filterData
                0x000015fc       0x44 src/PlaceValueCountCubes.o
                0x000015fc                filterData
 .text.read_all_values
                0x00001640      0x120 src/PlaceValueCountCubes.o
                0x00001640                read_all_values
 .text.i2c_read_request_callback
                0x00001760       0x5c src/PlaceValueI2CSlave.o
                0x00001760                i2c_read_request_callback
 .text.configure_i2c_slave
                0x000017bc       0x98 src/PlaceValueI2CSlave.o
                0x000017bc                configure_i2c_slave
 .text.configure_i2c_slave_callbacks
                0x00001854       0x2c src/PlaceValueI2CSlave.o
                0x00001854                configure_i2c_slave_callbacks
 .text.configure_adc
                0x00001880       0x8c src/PlaceValueIRRead.o
                0x00001880                configure_adc
 .text.configure_mux_select
                0x0000190c       0x2c src/PlaceValueIRRead.o
                0x0000190c                configure_mux_select
 .text.adc_start_read_result
                0x00001938       0xc0 src/PlaceValueIRRead.o
                0x00001938                adc_start_read_result
 .text.ir_sensor_init
                0x000019f8       0x14 src/PlaceValueIRRead.o
                0x000019f8                ir_sensor_init
 .text.select_mux
                0x00001a0c       0x48 src/PlaceValueIRReadControl.o
                0x00001a0c                select_mux
 .text.read_ones
                0x00001a54       0x10 src/PlaceValueIRReadControl.o
                0x00001a54                read_ones
 .text.read_tens
                0x00001a64       0x10 src/PlaceValueIRReadControl.o
                0x00001a64                read_tens
 .text.read_hndrds
                0x00001a74       0x10 src/PlaceValueIRReadControl.o
                0x00001a74                read_hndrds
 .text.read_misc
                0x00001a84       0x10 src/PlaceValueIRReadControl.o
                0x00001a84                read_misc
 .text.transfer_done
                0x00001a94        0xc src/PlaceValueAddLED.o
 .text.sourceRegisterInit
                0x00001aa0       0x30 src/PlaceValueAddLED.o
                0x00001aa0                sourceRegisterInit
 .text.setup_DMA
                0x00001ad0       0x98 src/PlaceValueAddLED.o
                0x00001ad0                setup_DMA
 .text.configureSPIMaster
                0x00001b68       0xa4 src/PlaceValueAddLED.o
                0x00001b68                configureSPIMaster
 .text.RGBPI55Init
                0x00001c0c       0x1c src/PlaceValueAddLED.o
                0x00001c0c                RGBPI55Init
 .text.convertColorSPIData
                0x00001c28      0x14c src/PlaceValueAddLEDControl.o
 .text.RGBPI55SetAllLED
                0x00001d74       0x6c src/PlaceValueAddLEDControl.o
                0x00001d74                RGBPI55SetAllLED
 .text.system_board_init
                0x00001de0        0x2 src/ASF/common2/boards/user_board/init.o
                0x00001de0                board_init
                0x00001de0                system_board_init
 *fill*         0x00001de2        0x2 
 .text.cpu_irq_enter_critical
                0x00001de4       0x40 src/ASF/common/utils/interrupt/interrupt_sam_nvic.o
                0x00001de4                cpu_irq_enter_critical
 .text.cpu_irq_leave_critical
                0x00001e24       0x30 src/ASF/common/utils/interrupt/interrupt_sam_nvic.o
                0x00001e24                cpu_irq_leave_critical
 .text.system_clock_source_get_hz
                0x00001e54       0x94 src/ASF/sam0/drivers/system/clock/clock_samd09_d10_d11/clock.o
                0x00001e54                system_clock_source_get_hz
 .text.system_clock_source_osc8m_set_config
                0x00001ee8       0x3c src/ASF/sam0/drivers/system/clock/clock_samd09_d10_d11/clock.o
                0x00001ee8                system_clock_source_osc8m_set_config
 .text.system_clock_source_enable
                0x00001f24       0xa8 src/ASF/sam0/drivers/system/clock/clock_samd09_d10_d11/clock.o
                0x00001f24                system_clock_source_enable
 .text.system_clock_init
                0x00001fcc       0x98 src/ASF/sam0/drivers/system/clock/clock_samd09_d10_d11/clock.o
                0x00001fcc                system_clock_init
 .text.system_gclk_init
                0x00002064       0x24 src/ASF/sam0/drivers/system/clock/clock_samd09_d10_d11/gclk.o
                0x00002064                system_gclk_init
 .text.system_gclk_gen_set_config
                0x00002088       0xb8 src/ASF/sam0/drivers/system/clock/clock_samd09_d10_d11/gclk.o
                0x00002088                system_gclk_gen_set_config
 .text.system_gclk_gen_enable
                0x00002140       0x44 src/ASF/sam0/drivers/system/clock/clock_samd09_d10_d11/gclk.o
                0x00002140                system_gclk_gen_enable
 .text.system_gclk_gen_get_hz
                0x00002184       0x8c src/ASF/sam0/drivers/system/clock/clock_samd09_d10_d11/gclk.o
                0x00002184                system_gclk_gen_get_hz
 .text.system_gclk_chan_enable
                0x00002210       0x30 src/ASF/sam0/drivers/system/clock/clock_samd09_d10_d11/gclk.o
                0x00002210                system_gclk_chan_enable
 .text.system_gclk_chan_disable
                0x00002240       0x5c src/ASF/sam0/drivers/system/clock/clock_samd09_d10_d11/gclk.o
                0x00002240                system_gclk_chan_disable
 .text.system_gclk_chan_set_config
                0x0000229c       0x1c src/ASF/sam0/drivers/system/clock/clock_samd09_d10_d11/gclk.o
                0x0000229c                system_gclk_chan_set_config
 .text.system_gclk_chan_get_hz
                0x000022b8       0x34 src/ASF/sam0/drivers/system/clock/clock_samd09_d10_d11/gclk.o
                0x000022b8                system_gclk_chan_get_hz
 .text._system_pinmux_config
                0x000022ec       0xa8 src/ASF/sam0/drivers/system/pinmux/pinmux.o
 .text.system_pinmux_pin_set_config
                0x00002394       0x30 src/ASF/sam0/drivers/system/pinmux/pinmux.o
                0x00002394                system_pinmux_pin_set_config
 .text._system_dummy_init
                0x000023c4        0x2 src/ASF/sam0/drivers/system/system.o
                0x000023c4                _system_extint_init
                0x000023c4                _system_events_init
                0x000023c4                _system_dummy_init
                0x000023c4                _system_divas_init
 *fill*         0x000023c6        0x2 
 .text.system_init
                0x000023c8       0x2c src/ASF/sam0/drivers/system/system.o
                0x000023c8                system_init
 .text.Dummy_Handler
                0x000023f4        0x2 src/ASF/sam0/utils/cmsis/samd10/source/gcc/startup_samd10.o
                0x000023f4                HardFault_Handler
                0x000023f4                AC_Handler
                0x000023f4                SysTick_Handler
                0x000023f4                PendSV_Handler
                0x000023f4                NMI_Handler
                0x000023f4                TCC0_Handler
                0x000023f4                RTC_Handler
                0x000023f4                EIC_Handler
                0x000023f4                WDT_Handler
                0x000023f4                Dummy_Handler
                0x000023f4                PM_Handler
                0x000023f4                SVC_Handler
                0x000023f4                EVSYS_Handler
                0x000023f4                NVMCTRL_Handler
                0x000023f4                DAC_Handler
                0x000023f4                PTC_Handler
                0x000023f4                SYSCTRL_Handler
 *fill*         0x000023f6        0x2 
 .text.Reset_Handler
                0x000023f8       0xd0 src/ASF/sam0/utils/cmsis/samd10/source/gcc/startup_samd10.o
                0x000023f8                Reset_Handler
 .text._sbrk    0x000024c8       0x24 src/ASF/sam0/utils/syscalls/gcc/syscalls.o
                0x000024c8                _sbrk
 .text.setI2CDetect
                0x000024ec       0x1c src/main.o
                0x000024ec                setI2CDetect
 .text.main     0x00002508       0x58 src/main.o
                0x00002508                main
 .text          0x00002560      0x114 c:/program files (x86)/atmel/studio/7.0/toolchain/arm/arm-gnu-toolchain/bin/../lib/gcc/arm-none-eabi/6.2.1/thumb/v6-m\libgcc.a(_udivsi3.o)
                0x00002560                __aeabi_uidiv
                0x00002560                __udivsi3
                0x0000266c                __aeabi_uidivmod
 .text          0x00002674        0x4 c:/program files (x86)/atmel/studio/7.0/toolchain/arm/arm-gnu-toolchain/bin/../lib/gcc/arm-none-eabi/6.2.1/thumb/v6-m\libgcc.a(_dvmd_tls.o)
                0x00002674                __aeabi_idiv0
                0x00002674                __aeabi_ldiv0
 .text.__libc_init_array
                0x00002678       0x48 c:/program files (x86)/atmel/studio/7.0/toolchain/arm/arm-gnu-toolchain/bin/../lib/gcc/arm-none-eabi/6.2.1/../../../../arm-none-eabi/lib/thumb/v6-m\libc_nano.a(lib_a-init.o)
                0x00002678                __libc_init_array
 .text.malloc   0x000026c0       0x14 c:/program files (x86)/atmel/studio/7.0/toolchain/arm/arm-gnu-toolchain/bin/../lib/gcc/arm-none-eabi/6.2.1/../../../../arm-none-eabi/lib/thumb/v6-m\libc_nano.a(lib_a-malloc.o)
                0x000026c0                malloc
 .text.memcpy   0x000026d4       0x12 c:/program files (x86)/atmel/studio/7.0/toolchain/arm/arm-gnu-toolchain/bin/../lib/gcc/arm-none-eabi/6.2.1/../../../../arm-none-eabi/lib/thumb/v6-m\libc_nano.a(lib_a-memcpy-stub.o)
                0x000026d4                memcpy
 .text.memset   0x000026e6       0x10 c:/program files (x86)/atmel/studio/7.0/toolchain/arm/arm-gnu-toolchain/bin/../lib/gcc/arm-none-eabi/6.2.1/../../../../arm-none-eabi/lib/thumb/v6-m\libc_nano.a(lib_a-memset.o)
                0x000026e6                memset
 *fill*         0x000026f6        0x2 
 .text._malloc_r
                0x000026f8       0xbc c:/program files (x86)/atmel/studio/7.0/toolchain/arm/arm-gnu-toolchain/bin/../lib/gcc/arm-none-eabi/6.2.1/../../../../arm-none-eabi/lib/thumb/v6-m\libc_nano.a(lib_a-nano-mallocr.o)
                0x000026f8                _malloc_r
 .text._sbrk_r  0x000027b4       0x24 c:/program files (x86)/atmel/studio/7.0/toolchain/arm/arm-gnu-toolchain/bin/../lib/gcc/arm-none-eabi/6.2.1/../../../../arm-none-eabi/lib/thumb/v6-m\libc_nano.a(lib_a-sbrkr.o)
                0x000027b4                _sbrk_r
 .text.__malloc_lock
                0x000027d8        0x2 c:/program files (x86)/atmel/studio/7.0/toolchain/arm/arm-gnu-toolchain/bin/../lib/gcc/arm-none-eabi/6.2.1/../../../../arm-none-eabi/lib/thumb/v6-m\libc_nano.a(lib_a-mlock.o)
                0x000027d8                __malloc_lock
 .text.__malloc_unlock
                0x000027da        0x2 c:/program files (x86)/atmel/studio/7.0/toolchain/arm/arm-gnu-toolchain/bin/../lib/gcc/arm-none-eabi/6.2.1/../../../../arm-none-eabi/lib/thumb/v6-m\libc_nano.a(lib_a-mlock.o)
                0x000027da                __malloc_unlock
 *(.glue_7t)
 .glue_7t       0x000027dc        0x0 linker stubs
 *(.glue_7)
 .glue_7        0x000027dc        0x0 linker stubs
 *(.rodata .rodata* .gnu.linkonce.r.*)
 .rodata.adc_init
                0x000027dc       0xd4 src/ASF/sam0/drivers/adc/adc_sam_d_r_h/adc.o
 .rodata        0x000028b0       0x50 src/ASF/sam0/drivers/adc/adc_sam_d_r_h/adc.o
 .rodata        0x00002900        0xc src/ASF/sam0/drivers/sercom/sercom.o
 .rodata.SPIDataConertConsArray
                0x0000290c        0x4 src/PlaceValueAddLEDControl.o
                0x0000290c                SPIDataConertConsArray
 .rodata.system_clock_source_get_hz
                0x00002910       0x24 src/ASF/sam0/drivers/system/clock/clock_samd09_d10_d11/clock.o
 .rodata.system_clock_source_enable
                0x00002934       0x24 src/ASF/sam0/drivers/system/clock/clock_samd09_d10_d11/clock.o
 *(.ARM.extab* .gnu.linkonce.armextab.*)
                0x00002958                . = ALIGN (0x4)
 *(.init)
 .init          0x00002958        0x4 c:/program files (x86)/atmel/studio/7.0/toolchain/arm/arm-gnu-toolchain/bin/../lib/gcc/arm-none-eabi/6.2.1/thumb/v6-m/crti.o
                0x00002958                _init
 .init          0x0000295c        0x8 c:/program files (x86)/atmel/studio/7.0/toolchain/arm/arm-gnu-toolchain/bin/../lib/gcc/arm-none-eabi/6.2.1/thumb/v6-m/crtn.o
                0x00002964                . = ALIGN (0x4)
                0x00002964                __preinit_array_start = .
 *(.preinit_array)
                0x00002964                __preinit_array_end = .
                0x00002964                . = ALIGN (0x4)
                0x00002964                __init_array_start = .
 *(SORT(.init_array.*))
 *(.init_array)
 .init_array    0x00002964        0x4 c:/program files (x86)/atmel/studio/7.0/toolchain/arm/arm-gnu-toolchain/bin/../lib/gcc/arm-none-eabi/6.2.1/thumb/v6-m/crtbegin.o
                0x00002968                __init_array_end = .
                0x00002968                . = ALIGN (0x4)
 *crtbegin.o(.ctors)
 *(EXCLUDE_FILE(*crtend.o) .ctors)
 *(SORT(.ctors.*))
 *crtend.o(.ctors)
                0x00002968                . = ALIGN (0x4)
 *(.fini)
 .fini          0x00002968        0x4 c:/program files (x86)/atmel/studio/7.0/toolchain/arm/arm-gnu-toolchain/bin/../lib/gcc/arm-none-eabi/6.2.1/thumb/v6-m/crti.o
                0x00002968                _fini
 .fini          0x0000296c        0x8 c:/program files (x86)/atmel/studio/7.0/toolchain/arm/arm-gnu-toolchain/bin/../lib/gcc/arm-none-eabi/6.2.1/thumb/v6-m/crtn.o
                0x00002974                . = ALIGN (0x4)
                0x00002974                __fini_array_start = .
 *(.fini_array)
 .fini_array    0x00002974        0x4 c:/program files (x86)/atmel/studio/7.0/toolchain/arm/arm-gnu-toolchain/bin/../lib/gcc/arm-none-eabi/6.2.1/thumb/v6-m/crtbegin.o
 *(SORT(.fini_array.*))
                0x00002978                __fini_array_end = .
 *crtbegin.o(.dtors)
 *(EXCLUDE_FILE(*crtend.o) .dtors)
 *(SORT(.dtors.*))
 *crtend.o(.dtors)
                0x00002978                . = ALIGN (0x4)
                0x00002978                _efixed = .
                [!provide]                PROVIDE (__exidx_start, .)

.vfp11_veneer   0x00002978        0x0
 .vfp11_veneer  0x00002978        0x0 linker stubs

.v4_bx          0x00002978        0x0
 .v4_bx         0x00002978        0x0 linker stubs

.iplt           0x00002978        0x0
 .iplt          0x00002978        0x0 c:/program files (x86)/atmel/studio/7.0/toolchain/arm/arm-gnu-toolchain/bin/../lib/gcc/arm-none-eabi/6.2.1/thumb/v6-m/crtbegin.o

.eh_frame       0x00002978        0x0
 .eh_frame      0x00002978        0x0 c:/program files (x86)/atmel/studio/7.0/toolchain/arm/arm-gnu-toolchain/bin/../lib/gcc/arm-none-eabi/6.2.1/thumb/v6-m/crtbegin.o

.rel.dyn        0x00002978        0x0
 .rel.iplt      0x00002978        0x0 c:/program files (x86)/atmel/studio/7.0/toolchain/arm/arm-gnu-toolchain/bin/../lib/gcc/arm-none-eabi/6.2.1/thumb/v6-m/crtbegin.o

.jcr            0x00002978        0x0
 .jcr           0x00002978        0x0 c:/program files (x86)/atmel/studio/7.0/toolchain/arm/arm-gnu-toolchain/bin/../lib/gcc/arm-none-eabi/6.2.1/thumb/v6-m/crtbegin.o

.igot.plt       0x00002978        0x0
 .igot.plt      0x00002978        0x0 c:/program files (x86)/atmel/studio/7.0/toolchain/arm/arm-gnu-toolchain/bin/../lib/gcc/arm-none-eabi/6.2.1/thumb/v6-m/crtbegin.o

.ARM.exidx
 *(.ARM.exidx* .gnu.linkonce.armexidx.*)
                [!provide]                PROVIDE (__exidx_end, .)
                0x00002978                . = ALIGN (0x4)
                0x00002978                _etext = .

.relocate       0x20000000       0x7c load address 0x00002978
                0x20000000                . = ALIGN (0x4)
                0x20000000                _srelocate = .
 *(.ramfunc .ramfunc.*)
 *(.data .data.*)
 .data.cycles_per_ms
                0x20000000        0x4 src/ASF/common2/services/delay/sam0/systick_counter.o
 .data.cycles_per_us
                0x20000004        0x4 src/ASF/common2/services/delay/sam0/systick_counter.o
 .data._dma_inst
                0x20000008        0xc src/ASF/sam0/drivers/dma/dma.o
                0x20000008                _dma_inst
 .data.g_interrupt_enabled
                0x20000014        0x1 src/ASF/common/utils/interrupt/interrupt_sam_nvic.o
                0x20000014                g_interrupt_enabled
 *fill*         0x20000015        0x3 
 .data._impure_ptr
                0x20000018        0x4 c:/program files (x86)/atmel/studio/7.0/toolchain/arm/arm-gnu-toolchain/bin/../lib/gcc/arm-none-eabi/6.2.1/../../../../arm-none-eabi/lib/thumb/v6-m\libc_nano.a(lib_a-impure.o)
                0x20000018                _impure_ptr
 .data.impure_data
                0x2000001c       0x60 c:/program files (x86)/atmel/studio/7.0/toolchain/arm/arm-gnu-toolchain/bin/../lib/gcc/arm-none-eabi/6.2.1/../../../../arm-none-eabi/lib/thumb/v6-m\libc_nano.a(lib_a-impure.o)
                0x2000007c                . = ALIGN (0x4)
                0x2000007c                _erelocate = .

.bss            0x20000080      0x7a4 load address 0x00002a00
                0x20000080                . = ALIGN (0x4)
                0x20000080                _sbss = .
                0x20000080                _szero = .
 *(.bss .bss.*)
 .bss           0x20000080       0x1c c:/program files (x86)/atmel/studio/7.0/toolchain/arm/arm-gnu-toolchain/bin/../lib/gcc/arm-none-eabi/6.2.1/thumb/v6-m/crtbegin.o
 .bss.testColor.12430
                0x2000009c        0x9 src/test.o
 *fill*         0x200000a5        0x3 
 .bss._dma_active_resource
                0x200000a8       0x14 src/ASF/sam0/drivers/dma/dma.o
 *fill*         0x200000bc        0x4 
 .bss._write_back_section
                0x200000c0       0x50 src/ASF/sam0/drivers/dma/dma.o
 .bss.g_chan_interrupt_flag
                0x20000110        0x5 src/ASF/sam0/drivers/dma/dma.o
                0x20000110                g_chan_interrupt_flag
 *fill*         0x20000115        0x3 
 .bss._sercom_config
                0x20000118        0x2 src/ASF/sam0/drivers/sercom/sercom.o
 .bss._handler_table_initialized
                0x2000011a        0x1 src/ASF/sam0/drivers/sercom/sercom_interrupt.o
 *fill*         0x2000011b        0x1 
 .bss._sercom_interrupt_handlers
                0x2000011c        0xc src/ASF/sam0/drivers/sercom/sercom_interrupt.o
 .bss.S0.12449  0x20000128        0x1 src/PlaceValueCountCubes.o
 .bss.S1.12450  0x20000129        0x1 src/PlaceValueCountCubes.o
 .bss.S2.12451  0x2000012a        0x1 src/PlaceValueCountCubes.o
 *fill*         0x2000012b        0x1 
 .bss.cubeMatchCount.12442
                0x2000012c        0x2 src/PlaceValueCountCubes.o
 *fill*         0x2000012e        0x2 
 .bss.filteredValue.12443
                0x20000130        0x4 src/PlaceValueCountCubes.o
 .bss.prevCubesDetected.12441
                0x20000134        0x4 src/PlaceValueCountCubes.o
 .bss.prev_cubes_detected_filtered.12455
                0x20000138        0x4 src/PlaceValueCountCubes.o
 .bss.tempCubeOutputs.12429
                0x2000013c        0x4 src/PlaceValueI2CSlave.o
 .bss.adc_result
                0x20000140        0x4 src/PlaceValueIRRead.o
                0x20000140                adc_result
 .bss.SPIData.12430
                0x20000144        0xc src/PlaceValueAddLEDControl.o
 .bss.transferOngoing.12448
                0x20000150        0x1 src/PlaceValueAddLEDControl.o
 *fill*         0x20000151        0x3 
 .bss.cpu_irq_critical_section_counter
                0x20000154        0x4 src/ASF/common/utils/interrupt/interrupt_sam_nvic.o
 .bss.cpu_irq_prev_interrupt_state
                0x20000158        0x1 src/ASF/common/utils/interrupt/interrupt_sam_nvic.o
 *fill*         0x20000159        0x3 
 .bss._system_clock_inst
                0x2000015c       0x18 src/ASF/sam0/drivers/system/clock/clock_samd09_d10_d11/clock.o
 .bss.heap.5276
                0x20000174        0x4 src/ASF/sam0/utils/syscalls/gcc/syscalls.o
 .bss.sensorsUpdate
                0x20000178        0x1 src/main.o
                0x20000178                sensorsUpdate
 .bss.transferDone
                0x20000179        0x1 src/main.o
                0x20000179                transferDone
 *fill*         0x2000017a        0x2 
 .bss.__malloc_free_list
                0x2000017c        0x4 c:/program files (x86)/atmel/studio/7.0/toolchain/arm/arm-gnu-toolchain/bin/../lib/gcc/arm-none-eabi/6.2.1/../../../../arm-none-eabi/lib/thumb/v6-m\libc_nano.a(lib_a-nano-mallocr.o)
                0x2000017c                __malloc_free_list
 .bss.__malloc_sbrk_start
                0x20000180        0x4 c:/program files (x86)/atmel/studio/7.0/toolchain/arm/arm-gnu-toolchain/bin/../lib/gcc/arm-none-eabi/6.2.1/../../../../arm-none-eabi/lib/thumb/v6-m\libc_nano.a(lib_a-nano-mallocr.o)
                0x20000180                __malloc_sbrk_start
 *(COMMON)
 COMMON         0x20000184        0x8 src/ASF/sam0/drivers/tc/tc_interrupt.o
                0x20000184                _tc_instances
 COMMON         0x2000018c        0x4 src/ASF/sam0/drivers/adc/adc_sam_d_r_h/adc_callback.o
                0x2000018c                _adc_instances
 COMMON         0x20000190       0x50 src/ASF/sam0/drivers/dma/dma.o
                0x20000190                descriptor_section
 COMMON         0x200001e0        0xc src/ASF/sam0/drivers/sercom/sercom_interrupt.o
                0x200001e0                _sercom_instances
 COMMON         0x200001ec        0x2 src/ASF/sam0/drivers/sercom/spi/spi_interrupt.o
                0x200001ec                dummy_write
 *fill*         0x200001ee        0x2 
 COMMON         0x200001f0       0x44 src/PlaceValueI2CSlave.o
                0x200001f0                packet
                0x200001f8                rd_packet
                0x20000200                i2c_slave_instance
 COMMON         0x20000234       0x20 src/PlaceValueIRRead.o
                0x20000234                adc_instance
 *fill*         0x20000254        0xc 
 COMMON         0x20000260       0x68 src/PlaceValueAddLED.o
                0x20000260                example_descriptor
                0x20000270                example_resource
                0x2000028c                spi_master_instance
 COMMON         0x200002c8      0x558 src/main.o
                0x200002c8                cubeOutputs
                0x200002cc                DMASourceRegister
                0x20000368                hndrds_val
                0x2000036c                ones_array
                0x200004fc                tens_array
                0x2000068c                tens_val
                0x2000068e                ones_val
                0x20000690                hndrds_array
 COMMON         0x20000820        0x4 c:/program files (x86)/atmel/studio/7.0/toolchain/arm/arm-gnu-toolchain/bin/../lib/gcc/arm-none-eabi/6.2.1/../../../../arm-none-eabi/lib/thumb/v6-m\libc_nano.a(lib_a-reent.o)
                0x20000820                errno
                0x20000824                . = ALIGN (0x4)
                0x20000824                _ebss = .
                0x20000824                _ezero = .

.stack          0x20000824      0x404 load address 0x000031a4
                0x20000828                . = ALIGN (0x8)
 *fill*         0x20000824        0x4 
                0x20000828                _sstack = .
                0x20000c28                . = (. + STACK_SIZE)
 *fill*         0x20000828      0x400 
                0x20000c28                . = ALIGN (0x8)
                0x20000c28                _estack = .
                0x20000c28                . = ALIGN (0x4)
                0x20000c28                _end = .
OUTPUT(PlaceValueBuckets.elf elf32-littlearm)

.ARM.attributes
                0x00000000       0x28
 .ARM.attributes
                0x00000000       0x1e c:/program files (x86)/atmel/studio/7.0/toolchain/arm/arm-gnu-toolchain/bin/../lib/gcc/arm-none-eabi/6.2.1/thumb/v6-m/crti.o
 .ARM.attributes
                0x0000001e       0x2c c:/program files (x86)/atmel/studio/7.0/toolchain/arm/arm-gnu-toolchain/bin/../lib/gcc/arm-none-eabi/6.2.1/thumb/v6-m/crtbegin.o
 .ARM.attributes
                0x0000004a       0x32 src/ASF/sam0/drivers/tc/tc_interrupt.o
 .ARM.attributes
                0x0000007c       0x32 src/test.o
 .ARM.attributes
                0x000000ae       0x32 src/ASF/common2/services/delay/sam0/systick_counter.o
 .ARM.attributes
                0x000000e0       0x32 src/ASF/sam0/drivers/adc/adc_sam_d_r_h/adc.o
 .ARM.attributes
                0x00000112       0x32 src/ASF/sam0/drivers/adc/adc_sam_d_r_h/adc_callback.o
 .ARM.attributes
                0x00000144       0x32 src/ASF/sam0/drivers/dma/dma.o
 .ARM.attributes
                0x00000176       0x32 src/ASF/sam0/drivers/port/port.o
 .ARM.attributes
                0x000001a8       0x32 src/ASF/sam0/drivers/sercom/i2c/i2c_sam0/i2c_slave.o
 .ARM.attributes
                0x000001da       0x32 src/ASF/sam0/drivers/sercom/i2c/i2c_sam0/i2c_slave_interrupt.o
 .ARM.attributes
                0x0000020c       0x32 src/ASF/sam0/drivers/sercom/sercom.o
 .ARM.attributes
                0x0000023e       0x32 src/ASF/sam0/drivers/sercom/sercom_interrupt.o
 .ARM.attributes
                0x00000270       0x32 src/ASF/sam0/drivers/sercom/spi/spi.o
 .ARM.attributes
                0x000002a2       0x32 src/ASF/sam0/drivers/sercom/spi/spi_interrupt.o
 .ARM.attributes
                0x000002d4       0x32 src/PlaceValueCountCubes.o
 .ARM.attributes
                0x00000306       0x32 src/PlaceValueI2CSlave.o
 .ARM.attributes
                0x00000338       0x32 src/PlaceValueIRRead.o
 .ARM.attributes
                0x0000036a       0x32 src/PlaceValueIRReadControl.o
 .ARM.attributes
                0x0000039c       0x32 src/PlaceValueAddLED.o
 .ARM.attributes
                0x000003ce       0x32 src/PlaceValueAddLEDControl.o
 .ARM.attributes
                0x00000400       0x32 src/ASF/common2/boards/user_board/init.o
 .ARM.attributes
                0x00000432       0x32 src/ASF/common/utils/interrupt/interrupt_sam_nvic.o
 .ARM.attributes
                0x00000464       0x32 src/ASF/sam0/drivers/system/clock/clock_samd09_d10_d11/clock.o
 .ARM.attributes
                0x00000496       0x32 src/ASF/sam0/drivers/system/clock/clock_samd09_d10_d11/gclk.o
 .ARM.attributes
                0x000004c8       0x32 src/ASF/sam0/drivers/system/pinmux/pinmux.o
 .ARM.attributes
                0x000004fa       0x32 src/ASF/sam0/drivers/system/system.o
 .ARM.attributes
                0x0000052c       0x32 src/ASF/sam0/utils/cmsis/samd10/source/gcc/startup_samd10.o
 .ARM.attributes
                0x0000055e       0x32 src/ASF/sam0/utils/syscalls/gcc/syscalls.o
 .ARM.attributes
                0x00000590       0x32 src/main.o
 .ARM.attributes
                0x000005c2       0x1e c:/program files (x86)/atmel/studio/7.0/toolchain/arm/arm-gnu-toolchain/bin/../lib/gcc/arm-none-eabi/6.2.1/thumb/v6-m\libgcc.a(_udivsi3.o)
 .ARM.attributes
                0x000005e0       0x1e c:/program files (x86)/atmel/studio/7.0/toolchain/arm/arm-gnu-toolchain/bin/../lib/gcc/arm-none-eabi/6.2.1/thumb/v6-m\libgcc.a(_dvmd_tls.o)
 .ARM.attributes
                0x000005fe       0x2c c:/program files (x86)/atmel/studio/7.0/toolchain/arm/arm-gnu-toolchain/bin/../lib/gcc/arm-none-eabi/6.2.1/../../../../arm-none-eabi/lib/thumb/v6-m\libc_nano.a(lib_a-impure.o)
 .ARM.attributes
                0x0000062a       0x2c c:/program files (x86)/atmel/studio/7.0/toolchain/arm/arm-gnu-toolchain/bin/../lib/gcc/arm-none-eabi/6.2.1/../../../../arm-none-eabi/lib/thumb/v6-m\libc_nano.a(lib_a-init.o)
 .ARM.attributes
                0x00000656       0x2c c:/program files (x86)/atmel/studio/7.0/toolchain/arm/arm-gnu-toolchain/bin/../lib/gcc/arm-none-eabi/6.2.1/../../../../arm-none-eabi/lib/thumb/v6-m\libc_nano.a(lib_a-malloc.o)
 .ARM.attributes
                0x00000682       0x2c c:/program files (x86)/atmel/studio/7.0/toolchain/arm/arm-gnu-toolchain/bin/../lib/gcc/arm-none-eabi/6.2.1/../../../../arm-none-eabi/lib/thumb/v6-m\libc_nano.a(lib_a-memcpy-stub.o)
 .ARM.attributes
                0x000006ae       0x2c c:/program files (x86)/atmel/studio/7.0/toolchain/arm/arm-gnu-toolchain/bin/../lib/gcc/arm-none-eabi/6.2.1/../../../../arm-none-eabi/lib/thumb/v6-m\libc_nano.a(lib_a-memset.o)
 .ARM.attributes
                0x000006da       0x2c c:/program files (x86)/atmel/studio/7.0/toolchain/arm/arm-gnu-toolchain/bin/../lib/gcc/arm-none-eabi/6.2.1/../../../../arm-none-eabi/lib/thumb/v6-m\libc_nano.a(lib_a-nano-mallocr.o)
 .ARM.attributes
                0x00000706       0x2c c:/program files (x86)/atmel/studio/7.0/toolchain/arm/arm-gnu-toolchain/bin/../lib/gcc/arm-none-eabi/6.2.1/../../../../arm-none-eabi/lib/thumb/v6-m\libc_nano.a(lib_a-sbrkr.o)
 .ARM.attributes
                0x00000732       0x2c c:/program files (x86)/atmel/studio/7.0/toolchain/arm/arm-gnu-toolchain/bin/../lib/gcc/arm-none-eabi/6.2.1/../../../../arm-none-eabi/lib/thumb/v6-m\libc_nano.a(lib_a-mlock.o)
 .ARM.attributes
                0x0000075e       0x2c c:/program files (x86)/atmel/studio/7.0/toolchain/arm/arm-gnu-toolchain/bin/../lib/gcc/arm-none-eabi/6.2.1/../../../../arm-none-eabi/lib/thumb/v6-m\libc_nano.a(lib_a-reent.o)
 .ARM.attributes
                0x0000078a       0x1e c:/program files (x86)/atmel/studio/7.0/toolchain/arm/arm-gnu-toolchain/bin/../lib/gcc/arm-none-eabi/6.2.1/thumb/v6-m/crtn.o

.comment        0x00000000       0x59
 .comment       0x00000000       0x59 src/ASF/sam0/drivers/tc/tc_interrupt.o
                                 0x5a (size before relaxing)
 .comment       0x00000059       0x5a src/test.o
 .comment       0x00000059       0x5a src/ASF/common2/services/delay/sam0/systick_counter.o
 .comment       0x00000059       0x5a src/ASF/sam0/drivers/adc/adc_sam_d_r_h/adc.o
 .comment       0x00000059       0x5a src/ASF/sam0/drivers/adc/adc_sam_d_r_h/adc_callback.o
 .comment       0x00000059       0x5a src/ASF/sam0/drivers/dma/dma.o
 .comment       0x00000059       0x5a src/ASF/sam0/drivers/port/port.o
 .comment       0x00000059       0x5a src/ASF/sam0/drivers/sercom/i2c/i2c_sam0/i2c_slave.o
 .comment       0x00000059       0x5a src/ASF/sam0/drivers/sercom/i2c/i2c_sam0/i2c_slave_interrupt.o
 .comment       0x00000059       0x5a src/ASF/sam0/drivers/sercom/sercom.o
 .comment       0x00000059       0x5a src/ASF/sam0/drivers/sercom/sercom_interrupt.o
 .comment       0x00000059       0x5a src/ASF/sam0/drivers/sercom/spi/spi.o
 .comment       0x00000059       0x5a src/ASF/sam0/drivers/sercom/spi/spi_interrupt.o
 .comment       0x00000059       0x5a src/PlaceValueCountCubes.o
 .comment       0x00000059       0x5a src/PlaceValueI2CSlave.o
 .comment       0x00000059       0x5a src/PlaceValueIRRead.o
 .comment       0x00000059       0x5a src/PlaceValueIRReadControl.o
 .comment       0x00000059       0x5a src/PlaceValueAddLED.o
 .comment       0x00000059       0x5a src/PlaceValueAddLEDControl.o
 .comment       0x00000059       0x5a src/ASF/common2/boards/user_board/init.o
 .comment       0x00000059       0x5a src/ASF/common/utils/interrupt/interrupt_sam_nvic.o
 .comment       0x00000059       0x5a src/ASF/sam0/drivers/system/clock/clock_samd09_d10_d11/clock.o
 .comment       0x00000059       0x5a src/ASF/sam0/drivers/system/clock/clock_samd09_d10_d11/gclk.o
 .comment       0x00000059       0x5a src/ASF/sam0/drivers/system/pinmux/pinmux.o
 .comment       0x00000059       0x5a src/ASF/sam0/drivers/system/system.o
 .comment       0x00000059       0x5a src/ASF/sam0/utils/cmsis/samd10/source/gcc/startup_samd10.o
 .comment       0x00000059       0x5a src/ASF/sam0/utils/syscalls/gcc/syscalls.o
 .comment       0x00000059       0x5a src/main.o

.debug_info     0x00000000    0x482c8
 .debug_info    0x00000000     0x1ae9 src/ASF/sam0/drivers/tc/tc_interrupt.o
 .debug_info    0x00001ae9     0x3a8c src/test.o
 .debug_info    0x00005575      0xb81 src/ASF/common2/services/delay/sam0/systick_counter.o
 .debug_info    0x000060f6     0x3d2f src/ASF/sam0/drivers/adc/adc_sam_d_r_h/adc.o
 .debug_info    0x00009e25     0x1bbe src/ASF/sam0/drivers/adc/adc_sam_d_r_h/adc_callback.o
 .debug_info    0x0000b9e3     0x32d7 src/ASF/sam0/drivers/dma/dma.o
 .debug_info    0x0000ecba     0x12aa src/ASF/sam0/drivers/port/port.o
 .debug_info    0x0000ff64     0x4af4 src/ASF/sam0/drivers/sercom/i2c/i2c_sam0/i2c_slave.o
 .debug_info    0x00014a58     0x3ebf src/ASF/sam0/drivers/sercom/i2c/i2c_sam0/i2c_slave_interrupt.o
 .debug_info    0x00018917     0x2dcc src/ASF/sam0/drivers/sercom/sercom.o
 .debug_info    0x0001b6e3     0x2af8 src/ASF/sam0/drivers/sercom/sercom_interrupt.o
 .debug_info    0x0001e1db     0x68e4 src/ASF/sam0/drivers/sercom/spi/spi.o
 .debug_info    0x00024abf     0x3188 src/ASF/sam0/drivers/sercom/spi/spi_interrupt.o
 .debug_info    0x00027c47     0x1dc4 src/PlaceValueCountCubes.o
 .debug_info    0x00029a0b     0x484f src/PlaceValueI2CSlave.o
 .debug_info    0x0002e25a     0x28e1 src/PlaceValueIRRead.o
 .debug_info    0x00030b3b     0x21a6 src/PlaceValueIRReadControl.o
 .debug_info    0x00032ce1     0x50f9 src/PlaceValueAddLED.o
 .debug_info    0x00037dda     0x1f00 src/PlaceValueAddLEDControl.o
 .debug_info    0x00039cda     0x191d src/ASF/common2/boards/user_board/init.o
 .debug_info    0x0003b5f7      0xafb src/ASF/common/utils/interrupt/interrupt_sam_nvic.o
 .debug_info    0x0003c0f2     0x364c src/ASF/sam0/drivers/system/clock/clock_samd09_d10_d11/clock.o
 .debug_info    0x0003f73e     0x1e42 src/ASF/sam0/drivers/system/clock/clock_samd09_d10_d11/gclk.o
 .debug_info    0x00041580     0x13e6 src/ASF/sam0/drivers/system/pinmux/pinmux.o
 .debug_info    0x00042966      0xa67 src/ASF/sam0/drivers/system/system.o
 .debug_info    0x000433cd     0x1ab0 src/ASF/sam0/utils/cmsis/samd10/source/gcc/startup_samd10.o
 .debug_info    0x00044e7d      0xd8c src/ASF/sam0/utils/syscalls/gcc/syscalls.o
 .debug_info    0x00045c09     0x26bf src/main.o

.debug_abbrev   0x00000000     0x603f
 .debug_abbrev  0x00000000      0x2ff src/ASF/sam0/drivers/tc/tc_interrupt.o
 .debug_abbrev  0x000002ff      0x3f8 src/test.o
 .debug_abbrev  0x000006f7      0x24b src/ASF/common2/services/delay/sam0/systick_counter.o
 .debug_abbrev  0x00000942      0x45c src/ASF/sam0/drivers/adc/adc_sam_d_r_h/adc.o
 .debug_abbrev  0x00000d9e      0x3b8 src/ASF/sam0/drivers/adc/adc_sam_d_r_h/adc_callback.o
 .debug_abbrev  0x00001156      0x4a9 src/ASF/sam0/drivers/dma/dma.o
 .debug_abbrev  0x000015ff      0x298 src/ASF/sam0/drivers/port/port.o
 .debug_abbrev  0x00001897      0x500 src/ASF/sam0/drivers/sercom/i2c/i2c_sam0/i2c_slave.o
 .debug_abbrev  0x00001d97      0x3d0 src/ASF/sam0/drivers/sercom/i2c/i2c_sam0/i2c_slave_interrupt.o
 .debug_abbrev  0x00002167      0x3aa src/ASF/sam0/drivers/sercom/sercom.o
 .debug_abbrev  0x00002511      0x2da src/ASF/sam0/drivers/sercom/sercom_interrupt.o
 .debug_abbrev  0x000027eb      0x51f src/ASF/sam0/drivers/sercom/spi/spi.o
 .debug_abbrev  0x00002d0a      0x3ee src/ASF/sam0/drivers/sercom/spi/spi_interrupt.o
 .debug_abbrev  0x000030f8      0x325 src/PlaceValueCountCubes.o
 .debug_abbrev  0x0000341d      0x400 src/PlaceValueI2CSlave.o
 .debug_abbrev  0x0000381d      0x3de src/PlaceValueIRRead.o
 .debug_abbrev  0x00003bfb      0x305 src/PlaceValueIRReadControl.o
 .debug_abbrev  0x00003f00      0x44a src/PlaceValueAddLED.o
 .debug_abbrev  0x0000434a      0x337 src/PlaceValueAddLEDControl.o
 .debug_abbrev  0x00004681      0x21e src/ASF/common2/boards/user_board/init.o
 .debug_abbrev  0x0000489f      0x22c src/ASF/common/utils/interrupt/interrupt_sam_nvic.o
 .debug_abbrev  0x00004acb      0x465 src/ASF/sam0/drivers/system/clock/clock_samd09_d10_d11/clock.o
 .debug_abbrev  0x00004f30      0x40d src/ASF/sam0/drivers/system/clock/clock_samd09_d10_d11/gclk.o
 .debug_abbrev  0x0000533d      0x354 src/ASF/sam0/drivers/system/pinmux/pinmux.o
 .debug_abbrev  0x00005691      0x1e1 src/ASF/sam0/drivers/system/system.o
 .debug_abbrev  0x00005872      0x200 src/ASF/sam0/utils/cmsis/samd10/source/gcc/startup_samd10.o
 .debug_abbrev  0x00005a72      0x257 src/ASF/sam0/utils/syscalls/gcc/syscalls.o
 .debug_abbrev  0x00005cc9      0x376 src/main.o

.debug_loc      0x00000000     0x8c74
 .debug_loc     0x00000000      0x168 src/ASF/sam0/drivers/tc/tc_interrupt.o
 .debug_loc     0x00000168      0x28a src/test.o
 .debug_loc     0x000003f2       0xe4 src/ASF/common2/services/delay/sam0/systick_counter.o
 .debug_loc     0x000004d6      0x891 src/ASF/sam0/drivers/adc/adc_sam_d_r_h/adc.o
 .debug_loc     0x00000d67      0x34a src/ASF/sam0/drivers/adc/adc_sam_d_r_h/adc_callback.o
 .debug_loc     0x000010b1      0x53a src/ASF/sam0/drivers/dma/dma.o
 .debug_loc     0x000015eb      0x13d src/ASF/sam0/drivers/port/port.o
 .debug_loc     0x00001728      0x981 src/ASF/sam0/drivers/sercom/i2c/i2c_sam0/i2c_slave.o
 .debug_loc     0x000020a9      0x39b src/ASF/sam0/drivers/sercom/i2c/i2c_sam0/i2c_slave_interrupt.o
 .debug_loc     0x00002444      0x979 src/ASF/sam0/drivers/sercom/sercom.o
 .debug_loc     0x00002dbd      0x139 src/ASF/sam0/drivers/sercom/sercom_interrupt.o
 .debug_loc     0x00002ef6     0x2a9c src/ASF/sam0/drivers/sercom/spi/spi.o
 .debug_loc     0x00005992      0x6a4 src/ASF/sam0/drivers/sercom/spi/spi_interrupt.o
 .debug_loc     0x00006036      0x300 src/PlaceValueCountCubes.o
 .debug_loc     0x00006336      0x1d0 src/PlaceValueI2CSlave.o
 .debug_loc     0x00006506      0x4ca src/PlaceValueIRRead.o
 .debug_loc     0x000069d0      0x2a8 src/PlaceValueIRReadControl.o
 .debug_loc     0x00006c78      0x3cc src/PlaceValueAddLED.o
 .debug_loc     0x00007044      0x2d9 src/PlaceValueAddLEDControl.o
 .debug_loc     0x0000731d      0xec1 src/ASF/sam0/drivers/system/clock/clock_samd09_d10_d11/clock.o
 .debug_loc     0x000081de      0x504 src/ASF/sam0/drivers/system/clock/clock_samd09_d10_d11/gclk.o
 .debug_loc     0x000086e2      0x36d src/ASF/sam0/drivers/system/pinmux/pinmux.o
 .debug_loc     0x00008a4f       0x20 src/ASF/sam0/drivers/system/system.o
 .debug_loc     0x00008a6f       0x40 src/ASF/sam0/utils/cmsis/samd10/source/gcc/startup_samd10.o
 .debug_loc     0x00008aaf       0xef src/ASF/sam0/utils/syscalls/gcc/syscalls.o
 .debug_loc     0x00008b9e       0xd6 src/main.o

.debug_aranges  0x00000000      0x7b0
 .debug_aranges
                0x00000000       0x40 src/ASF/sam0/drivers/tc/tc_interrupt.o
 .debug_aranges
                0x00000040       0x58 src/test.o
 .debug_aranges
                0x00000098       0x30 src/ASF/common2/services/delay/sam0/systick_counter.o
 .debug_aranges
                0x000000c8       0x38 src/ASF/sam0/drivers/adc/adc_sam_d_r_h/adc.o
 .debug_aranges
                0x00000100       0x48 src/ASF/sam0/drivers/adc/adc_sam_d_r_h/adc_callback.o
 .debug_aranges
                0x00000148       0x68 src/ASF/sam0/drivers/dma/dma.o
 .debug_aranges
                0x000001b0       0x28 src/ASF/sam0/drivers/port/port.o
 .debug_aranges
                0x000001d8       0x60 src/ASF/sam0/drivers/sercom/i2c/i2c_sam0/i2c_slave.o
 .debug_aranges
                0x00000238       0x50 src/ASF/sam0/drivers/sercom/i2c/i2c_sam0/i2c_slave_interrupt.o
 .debug_aranges
                0x00000288       0x40 src/ASF/sam0/drivers/sercom/sercom.o
 .debug_aranges
                0x000002c8       0x48 src/ASF/sam0/drivers/sercom/sercom_interrupt.o
 .debug_aranges
                0x00000310       0x58 src/ASF/sam0/drivers/sercom/spi/spi.o
 .debug_aranges
                0x00000368       0x50 src/ASF/sam0/drivers/sercom/spi/spi_interrupt.o
 .debug_aranges
                0x000003b8       0x38 src/PlaceValueCountCubes.o
 .debug_aranges
                0x000003f0       0x48 src/PlaceValueI2CSlave.o
 .debug_aranges
                0x00000438       0x38 src/PlaceValueIRRead.o
 .debug_aranges
                0x00000470       0x40 src/PlaceValueIRReadControl.o
 .debug_aranges
                0x000004b0       0x60 src/PlaceValueAddLED.o
 .debug_aranges
                0x00000510       0x38 src/PlaceValueAddLEDControl.o
 .debug_aranges
                0x00000548       0x20 src/ASF/common2/boards/user_board/init.o
 .debug_aranges
                0x00000568       0x28 src/ASF/common/utils/interrupt/interrupt_sam_nvic.o
 .debug_aranges
                0x00000590       0x78 src/ASF/sam0/drivers/system/clock/clock_samd09_d10_d11/clock.o
 .debug_aranges
                0x00000608       0x80 src/ASF/sam0/drivers/system/clock/clock_samd09_d10_d11/gclk.o
 .debug_aranges
                0x00000688       0x40 src/ASF/sam0/drivers/system/pinmux/pinmux.o
 .debug_aranges
                0x000006c8       0x28 src/ASF/sam0/drivers/system/system.o
 .debug_aranges
                0x000006f0       0x28 src/ASF/sam0/utils/cmsis/samd10/source/gcc/startup_samd10.o
 .debug_aranges
                0x00000718       0x60 src/ASF/sam0/utils/syscalls/gcc/syscalls.o
 .debug_aranges
                0x00000778       0x38 src/main.o

.debug_ranges   0x00000000      0xc80
 .debug_ranges  0x00000000       0x30 src/ASF/sam0/drivers/tc/tc_interrupt.o
 .debug_ranges  0x00000030       0x48 src/test.o
 .debug_ranges  0x00000078       0x50 src/ASF/common2/services/delay/sam0/systick_counter.o
 .debug_ranges  0x000000c8       0xa0 src/ASF/sam0/drivers/adc/adc_sam_d_r_h/adc.o
 .debug_ranges  0x00000168       0x50 src/ASF/sam0/drivers/adc/adc_sam_d_r_h/adc_callback.o
 .debug_ranges  0x000001b8       0x88 src/ASF/sam0/drivers/dma/dma.o
 .debug_ranges  0x00000240       0x18 src/ASF/sam0/drivers/port/port.o
 .debug_ranges  0x00000258       0x80 src/ASF/sam0/drivers/sercom/i2c/i2c_sam0/i2c_slave.o
 .debug_ranges  0x000002d8       0x40 src/ASF/sam0/drivers/sercom/i2c/i2c_sam0/i2c_slave_interrupt.o
 .debug_ranges  0x00000318       0x70 src/ASF/sam0/drivers/sercom/sercom.o
 .debug_ranges  0x00000388       0x38 src/ASF/sam0/drivers/sercom/sercom_interrupt.o
 .debug_ranges  0x000003c0      0x450 src/ASF/sam0/drivers/sercom/spi/spi.o
 .debug_ranges  0x00000810       0xd0 src/ASF/sam0/drivers/sercom/spi/spi_interrupt.o
 .debug_ranges  0x000008e0       0x28 src/PlaceValueCountCubes.o
 .debug_ranges  0x00000908       0x38 src/PlaceValueI2CSlave.o
 .debug_ranges  0x00000940       0x60 src/PlaceValueIRRead.o
 .debug_ranges  0x000009a0       0x78 src/PlaceValueIRReadControl.o
 .debug_ranges  0x00000a18       0x50 src/PlaceValueAddLED.o
 .debug_ranges  0x00000a68       0x28 src/PlaceValueAddLEDControl.o
 .debug_ranges  0x00000a90       0x10 src/ASF/common2/boards/user_board/init.o
 .debug_ranges  0x00000aa0       0x18 src/ASF/common/utils/interrupt/interrupt_sam_nvic.o
 .debug_ranges  0x00000ab8       0x68 src/ASF/sam0/drivers/system/clock/clock_samd09_d10_d11/clock.o
 .debug_ranges  0x00000b20       0x88 src/ASF/sam0/drivers/system/clock/clock_samd09_d10_d11/gclk.o
 .debug_ranges  0x00000ba8       0x30 src/ASF/sam0/drivers/system/pinmux/pinmux.o
 .debug_ranges  0x00000bd8       0x18 src/ASF/sam0/drivers/system/system.o
 .debug_ranges  0x00000bf0       0x18 src/ASF/sam0/utils/cmsis/samd10/source/gcc/startup_samd10.o
 .debug_ranges  0x00000c08       0x50 src/ASF/sam0/utils/syscalls/gcc/syscalls.o
 .debug_ranges  0x00000c58       0x28 src/main.o

.debug_macro    0x00000000    0x19cd7
 .debug_macro   0x00000000      0x508 src/ASF/sam0/drivers/tc/tc_interrupt.o
 .debug_macro   0x00000508      0x8c2 src/ASF/sam0/drivers/tc/tc_interrupt.o
 .debug_macro   0x00000dca      0x16d src/ASF/sam0/drivers/tc/tc_interrupt.o
 .debug_macro   0x00000f37      0x6d7 src/ASF/sam0/drivers/tc/tc_interrupt.o
 .debug_macro   0x0000160e       0x22 src/ASF/sam0/drivers/tc/tc_interrupt.o
 .debug_macro   0x00001630       0x87 src/ASF/sam0/drivers/tc/tc_interrupt.o
 .debug_macro   0x000016b7       0x51 src/ASF/sam0/drivers/tc/tc_interrupt.o
 .debug_macro   0x00001708       0xef src/ASF/sam0/drivers/tc/tc_interrupt.o
 .debug_macro   0x000017f7       0x6a src/ASF/sam0/drivers/tc/tc_interrupt.o
 .debug_macro   0x00001861      0x1df src/ASF/sam0/drivers/tc/tc_interrupt.o
 .debug_macro   0x00001a40       0x10 src/ASF/sam0/drivers/tc/tc_interrupt.o
 .debug_macro   0x00001a50       0x76 src/ASF/sam0/drivers/tc/tc_interrupt.o
 .debug_macro   0x00001ac6       0x16 src/ASF/sam0/drivers/tc/tc_interrupt.o
 .debug_macro   0x00001adc      0x6db src/ASF/sam0/drivers/tc/tc_interrupt.o
 .debug_macro   0x000021b7      0xdd8 src/ASF/sam0/drivers/tc/tc_interrupt.o
 .debug_macro   0x00002f8f       0x22 src/ASF/sam0/drivers/tc/tc_interrupt.o
 .debug_macro   0x00002fb1       0x40 src/ASF/sam0/drivers/tc/tc_interrupt.o
 .debug_macro   0x00002ff1       0x3a src/ASF/sam0/drivers/tc/tc_interrupt.o
 .debug_macro   0x0000302b       0x1f src/ASF/sam0/drivers/tc/tc_interrupt.o
 .debug_macro   0x0000304a      0x250 src/ASF/sam0/drivers/tc/tc_interrupt.o
 .debug_macro   0x0000329a      0x682 src/ASF/sam0/drivers/tc/tc_interrupt.o
 .debug_macro   0x0000391c      0x8b8 src/ASF/sam0/drivers/tc/tc_interrupt.o
 .debug_macro   0x000041d4      0x233 src/ASF/sam0/drivers/tc/tc_interrupt.o
 .debug_macro   0x00004407      0xbd4 src/ASF/sam0/drivers/tc/tc_interrupt.o
 .debug_macro   0x00004fdb      0x5b8 src/ASF/sam0/drivers/tc/tc_interrupt.o
 .debug_macro   0x00005593      0x7c8 src/ASF/sam0/drivers/tc/tc_interrupt.o
 .debug_macro   0x00005d5b      0x4e3 src/ASF/sam0/drivers/tc/tc_interrupt.o
 .debug_macro   0x0000623e      0x3a2 src/ASF/sam0/drivers/tc/tc_interrupt.o
 .debug_macro   0x000065e0      0x190 src/ASF/sam0/drivers/tc/tc_interrupt.o
 .debug_macro   0x00006770      0x21f src/ASF/sam0/drivers/tc/tc_interrupt.o
 .debug_macro   0x0000698f      0x73c src/ASF/sam0/drivers/tc/tc_interrupt.o
 .debug_macro   0x000070cb       0x5e src/ASF/sam0/drivers/tc/tc_interrupt.o
 .debug_macro   0x00007129      0x60e src/ASF/sam0/drivers/tc/tc_interrupt.o
 .debug_macro   0x00007737      0x3b6 src/ASF/sam0/drivers/tc/tc_interrupt.o
 .debug_macro   0x00007aed      0xc53 src/ASF/sam0/drivers/tc/tc_interrupt.o
 .debug_macro   0x00008740     0x1092 src/ASF/sam0/drivers/tc/tc_interrupt.o
 .debug_macro   0x000097d2      0xc19 src/ASF/sam0/drivers/tc/tc_interrupt.o
 .debug_macro   0x0000a3eb      0x6ba src/ASF/sam0/drivers/tc/tc_interrupt.o
 .debug_macro   0x0000aaa5     0x1b8a src/ASF/sam0/drivers/tc/tc_interrupt.o
 .debug_macro   0x0000c62f      0x347 src/ASF/sam0/drivers/tc/tc_interrupt.o
 .debug_macro   0x0000c976       0x7c src/ASF/sam0/drivers/tc/tc_interrupt.o
 .debug_macro   0x0000c9f2       0xa0 src/ASF/sam0/drivers/tc/tc_interrupt.o
 .debug_macro   0x0000ca92       0x4c src/ASF/sam0/drivers/tc/tc_interrupt.o
 .debug_macro   0x0000cade       0xca src/ASF/sam0/drivers/tc/tc_interrupt.o
 .debug_macro   0x0000cba8       0xbe src/ASF/sam0/drivers/tc/tc_interrupt.o
 .debug_macro   0x0000cc66       0x58 src/ASF/sam0/drivers/tc/tc_interrupt.o
 .debug_macro   0x0000ccbe      0x21d src/ASF/sam0/drivers/tc/tc_interrupt.o
 .debug_macro   0x0000cedb       0x82 src/ASF/sam0/drivers/tc/tc_interrupt.o
 .debug_macro   0x0000cf5d      0x190 src/ASF/sam0/drivers/tc/tc_interrupt.o
 .debug_macro   0x0000d0ed       0xa0 src/ASF/sam0/drivers/tc/tc_interrupt.o
 .debug_macro   0x0000d18d       0xc4 src/ASF/sam0/drivers/tc/tc_interrupt.o
 .debug_macro   0x0000d251       0x1c src/ASF/sam0/drivers/tc/tc_interrupt.o
 .debug_macro   0x0000d26d       0x1c src/ASF/sam0/drivers/tc/tc_interrupt.o
 .debug_macro   0x0000d289       0x1c src/ASF/sam0/drivers/tc/tc_interrupt.o
 .debug_macro   0x0000d2a5       0x82 src/ASF/sam0/drivers/tc/tc_interrupt.o
 .debug_macro   0x0000d327      0x112 src/ASF/sam0/drivers/tc/tc_interrupt.o
 .debug_macro   0x0000d439       0xdc src/ASF/sam0/drivers/tc/tc_interrupt.o
 .debug_macro   0x0000d515      0x129 src/ASF/sam0/drivers/tc/tc_interrupt.o
 .debug_macro   0x0000d63e      0x129 src/ASF/sam0/drivers/tc/tc_interrupt.o
 .debug_macro   0x0000d767      0x129 src/ASF/sam0/drivers/tc/tc_interrupt.o
 .debug_macro   0x0000d890      0x11e src/ASF/sam0/drivers/tc/tc_interrupt.o
 .debug_macro   0x0000d9ae       0xe2 src/ASF/sam0/drivers/tc/tc_interrupt.o
 .debug_macro   0x0000da90       0xe2 src/ASF/sam0/drivers/tc/tc_interrupt.o
 .debug_macro   0x0000db72      0x12a src/ASF/sam0/drivers/tc/tc_interrupt.o
 .debug_macro   0x0000dc9c       0x40 src/ASF/sam0/drivers/tc/tc_interrupt.o
 .debug_macro   0x0000dcdc      0x2d5 src/ASF/sam0/drivers/tc/tc_interrupt.o
 .debug_macro   0x0000dfb1      0xf20 src/ASF/sam0/drivers/tc/tc_interrupt.o
 .debug_macro   0x0000eed1       0x5f src/ASF/sam0/drivers/tc/tc_interrupt.o
 .debug_macro   0x0000ef30       0x52 src/ASF/sam0/drivers/tc/tc_interrupt.o
 .debug_macro   0x0000ef82       0x35 src/ASF/sam0/drivers/tc/tc_interrupt.o
 .debug_macro   0x0000efb7       0x9c src/ASF/sam0/drivers/tc/tc_interrupt.o
 .debug_macro   0x0000f053       0x16 src/ASF/sam0/drivers/tc/tc_interrupt.o
 .debug_macro   0x0000f069       0x35 src/ASF/sam0/drivers/tc/tc_interrupt.o
 .debug_macro   0x0000f09e      0x330 src/ASF/sam0/drivers/tc/tc_interrupt.o
 .debug_macro   0x0000f3ce       0x10 src/ASF/sam0/drivers/tc/tc_interrupt.o
 .debug_macro   0x0000f3de       0x52 src/ASF/sam0/drivers/tc/tc_interrupt.o
 .debug_macro   0x0000f430       0x1f src/ASF/sam0/drivers/tc/tc_interrupt.o
 .debug_macro   0x0000f44f       0x43 src/ASF/sam0/drivers/tc/tc_interrupt.o
 .debug_macro   0x0000f492       0x20 src/ASF/sam0/drivers/tc/tc_interrupt.o
 .debug_macro   0x0000f4b2      0x187 src/ASF/sam0/drivers/tc/tc_interrupt.o
 .debug_macro   0x0000f639       0x10 src/ASF/sam0/drivers/tc/tc_interrupt.o
 .debug_macro   0x0000f649       0x1c src/ASF/sam0/drivers/tc/tc_interrupt.o
 .debug_macro   0x0000f665       0x52 src/ASF/sam0/drivers/tc/tc_interrupt.o
 .debug_macro   0x0000f6b7       0x40 src/ASF/sam0/drivers/tc/tc_interrupt.o
 .debug_macro   0x0000f6f7       0x10 src/ASF/sam0/drivers/tc/tc_interrupt.o
 .debug_macro   0x0000f707       0x40 src/ASF/sam0/drivers/tc/tc_interrupt.o
 .debug_macro   0x0000f747       0xd7 src/ASF/sam0/drivers/tc/tc_interrupt.o
 .debug_macro   0x0000f81e       0x16 src/ASF/sam0/drivers/tc/tc_interrupt.o
 .debug_macro   0x0000f834      0x18b src/ASF/sam0/drivers/tc/tc_interrupt.o
 .debug_macro   0x0000f9bf       0x16 src/ASF/sam0/drivers/tc/tc_interrupt.o
 .debug_macro   0x0000f9d5       0x16 src/ASF/sam0/drivers/tc/tc_interrupt.o
 .debug_macro   0x0000f9eb       0x29 src/ASF/sam0/drivers/tc/tc_interrupt.o
 .debug_macro   0x0000fa14       0x51 src/ASF/sam0/drivers/tc/tc_interrupt.o
 .debug_macro   0x0000fa65       0x3e src/ASF/sam0/drivers/tc/tc_interrupt.o
 .debug_macro   0x0000faa3      0x3df src/ASF/sam0/drivers/tc/tc_interrupt.o
 .debug_macro   0x0000fe82       0x11 src/ASF/sam0/drivers/tc/tc_interrupt.o
 .debug_macro   0x0000fe93       0x18 src/ASF/sam0/drivers/tc/tc_interrupt.o
 .debug_macro   0x0000feab       0x19 src/ASF/sam0/drivers/tc/tc_interrupt.o
 .debug_macro   0x0000fec4       0x2e src/ASF/sam0/drivers/tc/tc_interrupt.o
 .debug_macro   0x0000fef2       0x51 src/ASF/sam0/drivers/tc/tc_interrupt.o
 .debug_macro   0x0000ff43      0x661 src/test.o
 .debug_macro   0x000105a4       0x16 src/test.o
 .debug_macro   0x000105ba       0x19 src/test.o
 .debug_macro   0x000105d3       0x10 src/test.o
 .debug_macro   0x000105e3       0x10 src/test.o
 .debug_macro   0x000105f3       0x1c src/test.o
 .debug_macro   0x0001060f       0x16 src/test.o
 .debug_macro   0x00010625      0x2c3 src/test.o
 .debug_macro   0x000108e8       0x11 src/test.o
 .debug_macro   0x000108f9       0x5d src/test.o
 .debug_macro   0x00010956       0x10 src/test.o
 .debug_macro   0x00010966       0x2d src/test.o
 .debug_macro   0x00010993       0x40 src/test.o
 .debug_macro   0x000109d3       0x16 src/test.o
 .debug_macro   0x000109e9       0x1c src/test.o
 .debug_macro   0x00010a05       0x2e src/test.o
 .debug_macro   0x00010a33       0x6c src/test.o
 .debug_macro   0x00010a9f       0x58 src/test.o
 .debug_macro   0x00010af7      0x4d5 src/ASF/common2/services/delay/sam0/systick_counter.o
 .debug_macro   0x00010fcc       0x16 src/ASF/common2/services/delay/sam0/systick_counter.o
 .debug_macro   0x00010fe2      0x519 src/ASF/sam0/drivers/adc/adc_sam_d_r_h/adc.o
 .debug_macro   0x000114fb      0x51c src/ASF/sam0/drivers/adc/adc_sam_d_r_h/adc_callback.o
 .debug_macro   0x00011a17      0x513 src/ASF/sam0/drivers/dma/dma.o
 .debug_macro   0x00011f2a       0x4c src/ASF/sam0/drivers/dma/dma.o
 .debug_macro   0x00011f76       0x8d src/ASF/sam0/drivers/dma/dma.o
 .debug_macro   0x00012003       0x57 src/ASF/sam0/drivers/dma/dma.o
 .debug_macro   0x0001205a       0x10 src/ASF/sam0/drivers/dma/dma.o
 .debug_macro   0x0001206a       0x1c src/ASF/sam0/drivers/dma/dma.o
 .debug_macro   0x00012086      0x4b6 src/ASF/sam0/drivers/port/port.o
 .debug_macro   0x0001253c      0x548 src/ASF/sam0/drivers/sercom/i2c/i2c_sam0/i2c_slave.o
 .debug_macro   0x00012a84       0x27 src/ASF/sam0/drivers/sercom/i2c/i2c_sam0/i2c_slave.o
 .debug_macro   0x00012aab      0x65b src/ASF/sam0/drivers/sercom/i2c/i2c_sam0/i2c_slave_interrupt.o
 .debug_macro   0x00013106      0x527 src/ASF/sam0/drivers/sercom/sercom.o
 .debug_macro   0x0001362d      0x524 src/ASF/sam0/drivers/sercom/sercom_interrupt.o
 .debug_macro   0x00013b51      0x56d src/ASF/sam0/drivers/sercom/spi/spi.o
 .debug_macro   0x000140be       0x35 src/ASF/sam0/drivers/sercom/spi/spi.o
 .debug_macro   0x000140f3      0x577 src/ASF/sam0/drivers/sercom/spi/spi_interrupt.o
 .debug_macro   0x0001466a      0x671 src/PlaceValueCountCubes.o
 .debug_macro   0x00014cdb       0x22 src/PlaceValueCountCubes.o
 .debug_macro   0x00014cfd      0x67d src/PlaceValueI2CSlave.o
 .debug_macro   0x0001537a      0x663 src/PlaceValueIRRead.o
 .debug_macro   0x000159dd      0x66e src/PlaceValueIRReadControl.o
 .debug_macro   0x0001604b      0x670 src/PlaceValueAddLED.o
 .debug_macro   0x000166bb       0x2e src/PlaceValueAddLED.o
 .debug_macro   0x000166e9      0x6ac src/PlaceValueAddLEDControl.o
 .debug_macro   0x00016d95      0x657 src/ASF/common2/boards/user_board/init.o
 .debug_macro   0x000173ec      0x49a src/ASF/common/utils/interrupt/interrupt_sam_nvic.o
 .debug_macro   0x00017886      0x4ff src/ASF/sam0/drivers/system/clock/clock_samd09_d10_d11/clock.o
 .debug_macro   0x00017d85      0x234 src/ASF/sam0/drivers/system/clock/clock_samd09_d10_d11/clock.o
 .debug_macro   0x00017fb9      0x4d0 src/ASF/sam0/drivers/system/clock/clock_samd09_d10_d11/gclk.o
 .debug_macro   0x00018489      0x4aa src/ASF/sam0/drivers/system/pinmux/pinmux.o
 .debug_macro   0x00018933       0x12 src/ASF/sam0/drivers/system/pinmux/pinmux.o
 .debug_macro   0x00018945      0x4dd src/ASF/sam0/drivers/system/system.o
 .debug_macro   0x00018e22      0x281 src/ASF/sam0/utils/cmsis/samd10/source/gcc/startup_samd10.o
 .debug_macro   0x000190a3       0x3a src/ASF/sam0/utils/cmsis/samd10/source/gcc/startup_samd10.o
 .debug_macro   0x000190dd      0x1d6 src/ASF/sam0/utils/syscalls/gcc/syscalls.o
 .debug_macro   0x000192b3       0x97 src/ASF/sam0/utils/syscalls/gcc/syscalls.o
 .debug_macro   0x0001934a       0xf6 src/ASF/sam0/utils/syscalls/gcc/syscalls.o
 .debug_macro   0x00019440       0x4c src/ASF/sam0/utils/syscalls/gcc/syscalls.o
 .debug_macro   0x0001948c       0x16 src/ASF/sam0/utils/syscalls/gcc/syscalls.o
 .debug_macro   0x000194a2       0x10 src/ASF/sam0/utils/syscalls/gcc/syscalls.o
 .debug_macro   0x000194b2       0x10 src/ASF/sam0/utils/syscalls/gcc/syscalls.o
 .debug_macro   0x000194c2       0x35 src/ASF/sam0/utils/syscalls/gcc/syscalls.o
 .debug_macro   0x000194f7      0x122 src/ASF/sam0/utils/syscalls/gcc/syscalls.o
 .debug_macro   0x00019619      0x6be src/main.o

.debug_line     0x00000000    0x14fe4
 .debug_line    0x00000000      0xa03 src/ASF/sam0/drivers/tc/tc_interrupt.o
 .debug_line    0x00000a03      0xeeb src/test.o
 .debug_line    0x000018ee      0x953 src/ASF/common2/services/delay/sam0/systick_counter.o
 .debug_line    0x00002241      0xcc4 src/ASF/sam0/drivers/adc/adc_sam_d_r_h/adc.o
 .debug_line    0x00002f05      0xb91 src/ASF/sam0/drivers/adc/adc_sam_d_r_h/adc_callback.o
 .debug_line    0x00003a96      0xc00 src/ASF/sam0/drivers/dma/dma.o
 .debug_line    0x00004696      0x88c src/ASF/sam0/drivers/port/port.o
 .debug_line    0x00004f22      0xd3a src/ASF/sam0/drivers/sercom/i2c/i2c_sam0/i2c_slave.o
 .debug_line    0x00005c5c      0xf56 src/ASF/sam0/drivers/sercom/i2c/i2c_sam0/i2c_slave_interrupt.o
 .debug_line    0x00006bb2      0xb52 src/ASF/sam0/drivers/sercom/sercom.o
 .debug_line    0x00007704      0xacc src/ASF/sam0/drivers/sercom/sercom_interrupt.o
 .debug_line    0x000081d0     0x1306 src/ASF/sam0/drivers/sercom/spi/spi.o
 .debug_line    0x000094d6      0xcaf src/ASF/sam0/drivers/sercom/spi/spi_interrupt.o
 .debug_line    0x0000a185      0xe18 src/PlaceValueCountCubes.o
 .debug_line    0x0000af9d      0xe3b src/PlaceValueI2CSlave.o
 .debug_line    0x0000bdd8      0xe8f src/PlaceValueIRRead.o
 .debug_line    0x0000cc67      0xde1 src/PlaceValueIRReadControl.o
 .debug_line    0x0000da48      0xee0 src/PlaceValueAddLED.o
 .debug_line    0x0000e928      0xe7d src/PlaceValueAddLEDControl.o
 .debug_line    0x0000f7a5      0xd40 src/ASF/common2/boards/user_board/init.o
 .debug_line    0x000104e5      0x85f src/ASF/common/utils/interrupt/interrupt_sam_nvic.o
 .debug_line    0x00010d44      0xbdd src/ASF/sam0/drivers/system/clock/clock_samd09_d10_d11/clock.o
 .debug_line    0x00011921      0xc09 src/ASF/sam0/drivers/system/clock/clock_samd09_d10_d11/gclk.o
 .debug_line    0x0001252a      0x8d9 src/ASF/sam0/drivers/system/pinmux/pinmux.o
 .debug_line    0x00012e03      0x980 src/ASF/sam0/drivers/system/system.o
 .debug_line    0x00013783      0x5dc src/ASF/sam0/utils/cmsis/samd10/source/gcc/startup_samd10.o
 .debug_line    0x00013d5f      0x409 src/ASF/sam0/utils/syscalls/gcc/syscalls.o
 .debug_line    0x00014168      0xe7c src/main.o

.debug_str      0x00000000    0x718e5
 .debug_str     0x00000000    0x677f3 src/ASF/sam0/drivers/tc/tc_interrupt.o
                              0x67d8c (size before relaxing)
 .debug_str     0x000677f3     0x27ed src/test.o
                              0x6a5e6 (size before relaxing)
 .debug_str     0x00069fe0       0xa6 src/ASF/common2/services/delay/sam0/systick_counter.o
                              0x67293 (size before relaxing)
 .debug_str     0x0006a086     0x123b src/ASF/sam0/drivers/adc/adc_sam_d_r_h/adc.o
                              0x68f7a (size before relaxing)
 .debug_str     0x0006b2c1      0x16d src/ASF/sam0/drivers/adc/adc_sam_d_r_h/adc_callback.o
                              0x67d71 (size before relaxing)
 .debug_str     0x0006b42e      0xc31 src/ASF/sam0/drivers/dma/dma.o
                              0x68acb (size before relaxing)
 .debug_str     0x0006c05f       0x5e src/ASF/sam0/drivers/port/port.o
                              0x6749a (size before relaxing)
 .debug_str     0x0006c0bd      0xe94 src/ASF/sam0/drivers/sercom/i2c/i2c_sam0/i2c_slave.o
                              0x69356 (size before relaxing)
 .debug_str     0x0006cf51      0x171 src/ASF/sam0/drivers/sercom/i2c/i2c_sam0/i2c_slave_interrupt.o
                              0x69a80 (size before relaxing)
 .debug_str     0x0006d0c2      0x359 src/ASF/sam0/drivers/sercom/sercom.o
                              0x684ad (size before relaxing)
 .debug_str     0x0006d41b      0x158 src/ASF/sam0/drivers/sercom/sercom_interrupt.o
                              0x6821f (size before relaxing)
 .debug_str     0x0006d573      0x7c9 src/ASF/sam0/drivers/sercom/spi/spi.o
                              0x697ff (size before relaxing)
 .debug_str     0x0006dd3c      0x16a src/ASF/sam0/drivers/sercom/spi/spi_interrupt.o
                              0x6878d (size before relaxing)
 .debug_str     0x0006dea6      0x18b src/PlaceValueCountCubes.o
                              0x696f6 (size before relaxing)
 .debug_str     0x0006e031      0x1d4 src/PlaceValueI2CSlave.o
                              0x6a7c5 (size before relaxing)
 .debug_str     0x0006e205      0x108 src/PlaceValueIRRead.o
                              0x6a5ea (size before relaxing)
 .debug_str     0x0006e30d       0x21 src/PlaceValueIRReadControl.o
                              0x692e0 (size before relaxing)
 .debug_str     0x0006e32e      0x302 src/PlaceValueAddLED.o
                              0x6b1e9 (size before relaxing)
 .debug_str     0x0006e630      0x142 src/PlaceValueAddLEDControl.o
                              0x69944 (size before relaxing)
 .debug_str     0x0006e772       0x3e src/ASF/common2/boards/user_board/init.o
                              0x6906e (size before relaxing)
 .debug_str     0x0006e7b0       0x66 src/ASF/common/utils/interrupt/interrupt_sam_nvic.o
                              0x67083 (size before relaxing)
 .debug_str     0x0006e816     0x213e src/ASF/sam0/drivers/system/clock/clock_samd09_d10_d11/clock.o
                              0x69ed7 (size before relaxing)
 .debug_str     0x00070954      0x1d8 src/ASF/sam0/drivers/system/clock/clock_samd09_d10_d11/gclk.o
                              0x67cd9 (size before relaxing)
 .debug_str     0x00070b2c      0x179 src/ASF/sam0/drivers/system/pinmux/pinmux.o
                              0x67525 (size before relaxing)
 .debug_str     0x00070ca5       0x47 src/ASF/sam0/drivers/system/system.o
                              0x67160 (size before relaxing)
 .debug_str     0x00070cec      0x3d8 src/ASF/sam0/utils/cmsis/samd10/source/gcc/startup_samd10.o
                              0x51eff (size before relaxing)
 .debug_str     0x000710c4      0x75b src/ASF/sam0/utils/syscalls/gcc/syscalls.o
                               0x7256 (size before relaxing)
 .debug_str     0x0007181f       0xc6 src/main.o
                              0x69c70 (size before relaxing)

.debug_frame    0x00000000     0x1320
 .debug_frame   0x00000000       0x7c src/ASF/sam0/drivers/tc/tc_interrupt.o
 .debug_frame   0x0000007c       0xdc src/test.o
 .debug_frame   0x00000158       0x64 src/ASF/common2/services/delay/sam0/systick_counter.o
 .debug_frame   0x000001bc       0x98 src/ASF/sam0/drivers/adc/adc_sam_d_r_h/adc.o
 .debug_frame   0x00000254       0x84 src/ASF/sam0/drivers/adc/adc_sam_d_r_h/adc_callback.o
 .debug_frame   0x000002d8      0x110 src/ASF/sam0/drivers/dma/dma.o
 .debug_frame   0x000003e8       0x44 src/ASF/sam0/drivers/port/port.o
 .debug_frame   0x0000042c      0x120 src/ASF/sam0/drivers/sercom/i2c/i2c_sam0/i2c_slave.o
 .debug_frame   0x0000054c       0x9c src/ASF/sam0/drivers/sercom/i2c/i2c_sam0/i2c_slave_interrupt.o
 .debug_frame   0x000005e8       0x9c src/ASF/sam0/drivers/sercom/sercom.o
 .debug_frame   0x00000684       0xa0 src/ASF/sam0/drivers/sercom/sercom_interrupt.o
 .debug_frame   0x00000724      0x124 src/ASF/sam0/drivers/sercom/spi/spi.o
 .debug_frame   0x00000848       0xb0 src/ASF/sam0/drivers/sercom/spi/spi_interrupt.o
 .debug_frame   0x000008f8       0x74 src/PlaceValueCountCubes.o
 .debug_frame   0x0000096c       0x90 src/PlaceValueI2CSlave.o
 .debug_frame   0x000009fc       0x7c src/PlaceValueIRRead.o
 .debug_frame   0x00000a78       0x80 src/PlaceValueIRReadControl.o
 .debug_frame   0x00000af8       0xf0 src/PlaceValueAddLED.o
 .debug_frame   0x00000be8       0x94 src/PlaceValueAddLEDControl.o
 .debug_frame   0x00000c7c       0x20 src/ASF/common2/boards/user_board/init.o
 .debug_frame   0x00000c9c       0x30 src/ASF/common/utils/interrupt/interrupt_sam_nvic.o
 .debug_frame   0x00000ccc      0x14c src/ASF/sam0/drivers/system/clock/clock_samd09_d10_d11/clock.o
 .debug_frame   0x00000e18      0x148 src/ASF/sam0/drivers/system/clock/clock_samd09_d10_d11/gclk.o
 .debug_frame   0x00000f60       0x98 src/ASF/sam0/drivers/system/pinmux/pinmux.o
 .debug_frame   0x00000ff8       0x38 src/ASF/sam0/drivers/system/system.o
 .debug_frame   0x00001030       0x38 src/ASF/sam0/utils/cmsis/samd10/source/gcc/startup_samd10.o
 .debug_frame   0x00001068       0xa0 src/ASF/sam0/utils/syscalls/gcc/syscalls.o
 .debug_frame   0x00001108       0x74 src/main.o
 .debug_frame   0x0000117c       0x20 c:/program files (x86)/atmel/studio/7.0/toolchain/arm/arm-gnu-toolchain/bin/../lib/gcc/arm-none-eabi/6.2.1/thumb/v6-m\libgcc.a(_udivsi3.o)
 .debug_frame   0x0000119c       0x2c c:/program files (x86)/atmel/studio/7.0/toolchain/arm/arm-gnu-toolchain/bin/../lib/gcc/arm-none-eabi/6.2.1/../../../../arm-none-eabi/lib/thumb/v6-m\libc_nano.a(lib_a-init.o)
 .debug_frame   0x000011c8       0x40 c:/program files (x86)/atmel/studio/7.0/toolchain/arm/arm-gnu-toolchain/bin/../lib/gcc/arm-none-eabi/6.2.1/../../../../arm-none-eabi/lib/thumb/v6-m\libc_nano.a(lib_a-malloc.o)
 .debug_frame   0x00001208       0x28 c:/program files (x86)/atmel/studio/7.0/toolchain/arm/arm-gnu-toolchain/bin/../lib/gcc/arm-none-eabi/6.2.1/../../../../arm-none-eabi/lib/thumb/v6-m\libc_nano.a(lib_a-memcpy-stub.o)
 .debug_frame   0x00001230       0x20 c:/program files (x86)/atmel/studio/7.0/toolchain/arm/arm-gnu-toolchain/bin/../lib/gcc/arm-none-eabi/6.2.1/../../../../arm-none-eabi/lib/thumb/v6-m\libc_nano.a(lib_a-memset.o)
 .debug_frame   0x00001250       0x2c c:/program files (x86)/atmel/studio/7.0/toolchain/arm/arm-gnu-toolchain/bin/../lib/gcc/arm-none-eabi/6.2.1/../../../../arm-none-eabi/lib/thumb/v6-m\libc_nano.a(lib_a-nano-mallocr.o)
 .debug_frame   0x0000127c       0x2c c:/program files (x86)/atmel/studio/7.0/toolchain/arm/arm-gnu-toolchain/bin/../lib/gcc/arm-none-eabi/6.2.1/../../../../arm-none-eabi/lib/thumb/v6-m\libc_nano.a(lib_a-sbrkr.o)
 .debug_frame   0x000012a8       0x30 c:/program files (x86)/atmel/studio/7.0/toolchain/arm/arm-gnu-toolchain/bin/../lib/gcc/arm-none-eabi/6.2.1/../../../../arm-none-eabi/lib/thumb/v6-m\libc_nano.a(lib_a-mlock.o)
 .debug_frame   0x000012d8       0x48 c:/program files (x86)/atmel/studio/7.0/toolchain/arm/arm-gnu-toolchain/bin/../lib/gcc/arm-none-eabi/6.2.1/../../../../arm-none-eabi/lib/thumb/v6-m\libc_nano.a(lib_a-reent.o)

Cross Reference Table

Symbol                                            File
AC_Handler                                        src/ASF/sam0/utils/cmsis/samd10/source/gcc/startup_samd10.o
ADC_Handler                                       src/ASF/sam0/drivers/adc/adc_sam_d_r_h/adc_callback.o
DAC_Handler                                       src/ASF/sam0/utils/cmsis/samd10/source/gcc/startup_samd10.o
DMAC_Handler                                      src/ASF/sam0/drivers/dma/dma.o
DMASourceRegister                                 src/main.o
                                                  src/PlaceValueAddLEDControl.o
                                                  src/PlaceValueAddLED.o
Dummy_Handler                                     src/ASF/sam0/utils/cmsis/samd10/source/gcc/startup_samd10.o
EIC_Handler                                       src/ASF/sam0/utils/cmsis/samd10/source/gcc/startup_samd10.o
EVSYS_Handler                                     src/ASF/sam0/utils/cmsis/samd10/source/gcc/startup_samd10.o
HardFault_Handler                                 src/ASF/sam0/utils/cmsis/samd10/source/gcc/startup_samd10.o
NMI_Handler                                       src/ASF/sam0/utils/cmsis/samd10/source/gcc/startup_samd10.o
NVMCTRL_Handler                                   src/ASF/sam0/utils/cmsis/samd10/source/gcc/startup_samd10.o
PM_Handler                                        src/ASF/sam0/utils/cmsis/samd10/source/gcc/startup_samd10.o
PTC_Handler                                       src/ASF/sam0/utils/cmsis/samd10/source/gcc/startup_samd10.o
PendSV_Handler                                    src/ASF/sam0/utils/cmsis/samd10/source/gcc/startup_samd10.o
RGBPI55Init                                       src/PlaceValueAddLED.o
                                                  src/main.o
RGBPI55SetAllLED                                  src/PlaceValueAddLEDControl.o
                                                  src/test.o
RGBPI55SetLED                                     src/PlaceValueAddLEDControl.o
                                                  src/test.o
RTC_Handler                                       src/ASF/sam0/utils/cmsis/samd10/source/gcc/startup_samd10.o
Reset_Handler                                     src/ASF/sam0/utils/cmsis/samd10/source/gcc/startup_samd10.o
SERCOM0_Handler                                   src/ASF/sam0/drivers/sercom/sercom_interrupt.o
SERCOM1_Handler                                   src/ASF/sam0/drivers/sercom/sercom_interrupt.o
SERCOM2_Handler                                   src/ASF/sam0/drivers/sercom/sercom_interrupt.o
SPIDataConertConsArray                            src/PlaceValueAddLEDControl.o
SPIMasterInit                                     src/PlaceValueAddLED.o
                                                  src/PlaceValueAddLEDControl.o
SVC_Handler                                       src/ASF/sam0/utils/cmsis/samd10/source/gcc/startup_samd10.o
SYSCTRL_Handler                                   src/ASF/sam0/utils/cmsis/samd10/source/gcc/startup_samd10.o
SysTick_Handler                                   src/ASF/sam0/utils/cmsis/samd10/source/gcc/startup_samd10.o
SystemCoreClock                                   src/ASF/sam0/utils/cmsis/samd10/source/system_samd10.o
SystemCoreClockUpdate                             src/ASF/sam0/utils/cmsis/samd10/source/system_samd10.o
SystemInit                                        src/ASF/sam0/utils/cmsis/samd10/source/system_samd10.o
TC1_Handler                                       src/ASF/sam0/drivers/tc/tc_interrupt.o
TC2_Handler                                       src/ASF/sam0/drivers/tc/tc_interrupt.o
TCC0_Handler                                      src/ASF/sam0/utils/cmsis/samd10/source/gcc/startup_samd10.o
WDT_Handler                                       src/ASF/sam0/utils/cmsis/samd10/source/gcc/startup_samd10.o
_Jv_RegisterClasses                               c:/program files (x86)/atmel/studio/7.0/toolchain/arm/arm-gnu-toolchain/bin/../lib/gcc/arm-none-eabi/6.2.1/thumb/v6-m/crtbegin.o
__aeabi_idiv0                                     c:/program files (x86)/atmel/studio/7.0/toolchain/arm/arm-gnu-toolchain/bin/../lib/gcc/arm-none-eabi/6.2.1/thumb/v6-m\libgcc.a(_dvmd_tls.o)
                                                  c:/program files (x86)/atmel/studio/7.0/toolchain/arm/arm-gnu-toolchain/bin/../lib/gcc/arm-none-eabi/6.2.1/thumb/v6-m\libgcc.a(_udivsi3.o)
__aeabi_ldiv0                                     c:/program files (x86)/atmel/studio/7.0/toolchain/arm/arm-gnu-toolchain/bin/../lib/gcc/arm-none-eabi/6.2.1/thumb/v6-m\libgcc.a(_dvmd_tls.o)
__aeabi_lmul                                      c:/program files (x86)/atmel/studio/7.0/toolchain/arm/arm-gnu-toolchain/bin/../lib/gcc/arm-none-eabi/6.2.1/thumb/v6-m\libgcc.a(_muldi3.o)
                                                  src/ASF/sam0/drivers/sercom/sercom.o
__aeabi_uidiv                                     c:/program files (x86)/atmel/studio/7.0/toolchain/arm/arm-gnu-toolchain/bin/../lib/gcc/arm-none-eabi/6.2.1/thumb/v6-m\libgcc.a(_udivsi3.o)
                                                  src/ASF/sam0/drivers/system/clock/clock_samd09_d10_d11/gclk.o
                                                  src/ASF/sam0/drivers/system/clock/clock_samd09_d10_d11/clock.o
                                                  src/ASF/common2/services/delay/sam0/systick_counter.o
__aeabi_uidivmod                                  c:/program files (x86)/atmel/studio/7.0/toolchain/arm/arm-gnu-toolchain/bin/../lib/gcc/arm-none-eabi/6.2.1/thumb/v6-m\libgcc.a(_udivsi3.o)
__bss_end__                                       c:/program files (x86)/atmel/studio/7.0/toolchain/arm/arm-gnu-toolchain/bin/../lib/gcc/arm-none-eabi/6.2.1/../../../../arm-none-eabi/lib/thumb/v6-m/crt0.o
__bss_start__                                     c:/program files (x86)/atmel/studio/7.0/toolchain/arm/arm-gnu-toolchain/bin/../lib/gcc/arm-none-eabi/6.2.1/../../../../arm-none-eabi/lib/thumb/v6-m/crt0.o
__call_exitprocs                                  c:/program files (x86)/atmel/studio/7.0/toolchain/arm/arm-gnu-toolchain/bin/../lib/gcc/arm-none-eabi/6.2.1/../../../../arm-none-eabi/lib/thumb/v6-m\libc_nano.a(lib_a-exit.o)
__deregister_frame_info                           c:/program files (x86)/atmel/studio/7.0/toolchain/arm/arm-gnu-toolchain/bin/../lib/gcc/arm-none-eabi/6.2.1/thumb/v6-m/crtbegin.o
__dso_handle                                      c:/program files (x86)/atmel/studio/7.0/toolchain/arm/arm-gnu-toolchain/bin/../lib/gcc/arm-none-eabi/6.2.1/thumb/v6-m/crtbegin.o
__init_array_end                                  c:/program files (x86)/atmel/studio/7.0/toolchain/arm/arm-gnu-toolchain/bin/../lib/gcc/arm-none-eabi/6.2.1/../../../../arm-none-eabi/lib/thumb/v6-m\libc_nano.a(lib_a-init.o)
__init_array_start                                c:/program files (x86)/atmel/studio/7.0/toolchain/arm/arm-gnu-toolchain/bin/../lib/gcc/arm-none-eabi/6.2.1/../../../../arm-none-eabi/lib/thumb/v6-m\libc_nano.a(lib_a-init.o)
__libc_fini_array                                 c:/program files (x86)/atmel/studio/7.0/toolchain/arm/arm-gnu-toolchain/bin/../lib/gcc/arm-none-eabi/6.2.1/../../../../arm-none-eabi/lib/thumb/v6-m/crt0.o
__libc_init_array                                 c:/program files (x86)/atmel/studio/7.0/toolchain/arm/arm-gnu-toolchain/bin/../lib/gcc/arm-none-eabi/6.2.1/../../../../arm-none-eabi/lib/thumb/v6-m\libc_nano.a(lib_a-init.o)
                                                  src/ASF/sam0/utils/cmsis/samd10/source/gcc/startup_samd10.o
                                                  c:/program files (x86)/atmel/studio/7.0/toolchain/arm/arm-gnu-toolchain/bin/../lib/gcc/arm-none-eabi/6.2.1/../../../../arm-none-eabi/lib/thumb/v6-m/crt0.o
__malloc_free_list                                c:/program files (x86)/atmel/studio/7.0/toolchain/arm/arm-gnu-toolchain/bin/../lib/gcc/arm-none-eabi/6.2.1/../../../../arm-none-eabi/lib/thumb/v6-m\libc_nano.a(lib_a-nano-mallocr.o)
                                                  c:/program files (x86)/atmel/studio/7.0/toolchain/arm/arm-gnu-toolchain/bin/../lib/gcc/arm-none-eabi/6.2.1/../../../../arm-none-eabi/lib/thumb/v6-m\libc_nano.a(lib_a-nano-freer.o)
__malloc_lock                                     c:/program files (x86)/atmel/studio/7.0/toolchain/arm/arm-gnu-toolchain/bin/../lib/gcc/arm-none-eabi/6.2.1/../../../../arm-none-eabi/lib/thumb/v6-m\libc_nano.a(lib_a-mlock.o)
                                                  c:/program files (x86)/atmel/studio/7.0/toolchain/arm/arm-gnu-toolchain/bin/../lib/gcc/arm-none-eabi/6.2.1/../../../../arm-none-eabi/lib/thumb/v6-m\libc_nano.a(lib_a-nano-mallocr.o)
                                                  c:/program files (x86)/atmel/studio/7.0/toolchain/arm/arm-gnu-toolchain/bin/../lib/gcc/arm-none-eabi/6.2.1/../../../../arm-none-eabi/lib/thumb/v6-m\libc_nano.a(lib_a-nano-freer.o)
__malloc_sbrk_start                               c:/program files (x86)/atmel/studio/7.0/toolchain/arm/arm-gnu-toolchain/bin/../lib/gcc/arm-none-eabi/6.2.1/../../../../arm-none-eabi/lib/thumb/v6-m\libc_nano.a(lib_a-nano-mallocr.o)
__malloc_unlock                                   c:/program files (x86)/atmel/studio/7.0/toolchain/arm/arm-gnu-toolchain/bin/../lib/gcc/arm-none-eabi/6.2.1/../../../../arm-none-eabi/lib/thumb/v6-m\libc_nano.a(lib_a-mlock.o)
                                                  c:/program files (x86)/atmel/studio/7.0/toolchain/arm/arm-gnu-toolchain/bin/../lib/gcc/arm-none-eabi/6.2.1/../../../../arm-none-eabi/lib/thumb/v6-m\libc_nano.a(lib_a-nano-mallocr.o)
                                                  c:/program files (x86)/atmel/studio/7.0/toolchain/arm/arm-gnu-toolchain/bin/../lib/gcc/arm-none-eabi/6.2.1/../../../../arm-none-eabi/lib/thumb/v6-m\libc_nano.a(lib_a-nano-freer.o)
__muldi3                                          c:/program files (x86)/atmel/studio/7.0/toolchain/arm/arm-gnu-toolchain/bin/../lib/gcc/arm-none-eabi/6.2.1/thumb/v6-m\libgcc.a(_muldi3.o)
__preinit_array_end                               c:/program files (x86)/atmel/studio/7.0/toolchain/arm/arm-gnu-toolchain/bin/../lib/gcc/arm-none-eabi/6.2.1/../../../../arm-none-eabi/lib/thumb/v6-m\libc_nano.a(lib_a-init.o)
__preinit_array_start                             c:/program files (x86)/atmel/studio/7.0/toolchain/arm/arm-gnu-toolchain/bin/../lib/gcc/arm-none-eabi/6.2.1/../../../../arm-none-eabi/lib/thumb/v6-m\libc_nano.a(lib_a-init.o)
__register_frame_info                             c:/program files (x86)/atmel/studio/7.0/toolchain/arm/arm-gnu-toolchain/bin/../lib/gcc/arm-none-eabi/6.2.1/thumb/v6-m/crtbegin.o
__sf_fake_stderr                                  c:/program files (x86)/atmel/studio/7.0/toolchain/arm/arm-gnu-toolchain/bin/../lib/gcc/arm-none-eabi/6.2.1/../../../../arm-none-eabi/lib/thumb/v6-m\libc_nano.a(lib_a-impure.o)
__sf_fake_stdin                                   c:/program files (x86)/atmel/studio/7.0/toolchain/arm/arm-gnu-toolchain/bin/../lib/gcc/arm-none-eabi/6.2.1/../../../../arm-none-eabi/lib/thumb/v6-m\libc_nano.a(lib_a-impure.o)
__sf_fake_stdout                                  c:/program files (x86)/atmel/studio/7.0/toolchain/arm/arm-gnu-toolchain/bin/../lib/gcc/arm-none-eabi/6.2.1/../../../../arm-none-eabi/lib/thumb/v6-m\libc_nano.a(lib_a-impure.o)
__stack                                           c:/program files (x86)/atmel/studio/7.0/toolchain/arm/arm-gnu-toolchain/bin/../lib/gcc/arm-none-eabi/6.2.1/../../../../arm-none-eabi/lib/thumb/v6-m/crt0.o
__udivsi3                                         c:/program files (x86)/atmel/studio/7.0/toolchain/arm/arm-gnu-toolchain/bin/../lib/gcc/arm-none-eabi/6.2.1/thumb/v6-m\libgcc.a(_udivsi3.o)
_adc_instances                                    src/ASF/sam0/drivers/adc/adc_sam_d_r_h/adc_callback.o
                                                  src/ASF/sam0/drivers/adc/adc_sam_d_r_h/adc.o
_close                                            src/ASF/sam0/utils/syscalls/gcc/syscalls.o
_dma_inst                                         src/ASF/sam0/drivers/dma/dma.o
_end                                              src/ASF/sam0/utils/syscalls/gcc/syscalls.o
_erelocate                                        src/ASF/sam0/utils/cmsis/samd10/source/gcc/startup_samd10.o
_estack                                           src/ASF/sam0/utils/cmsis/samd10/source/gcc/startup_samd10.o
_etext                                            src/ASF/sam0/utils/cmsis/samd10/source/gcc/startup_samd10.o
_exit                                             src/ASF/sam0/utils/syscalls/gcc/syscalls.o
                                                  c:/program files (x86)/atmel/studio/7.0/toolchain/arm/arm-gnu-toolchain/bin/../lib/gcc/arm-none-eabi/6.2.1/../../../../arm-none-eabi/lib/thumb/v6-m\libc_nano.a(lib_a-exit.o)
_ezero                                            src/ASF/sam0/utils/cmsis/samd10/source/gcc/startup_samd10.o
_fini                                             c:/program files (x86)/atmel/studio/7.0/toolchain/arm/arm-gnu-toolchain/bin/../lib/gcc/arm-none-eabi/6.2.1/thumb/v6-m/crti.o
_free_r                                           c:/program files (x86)/atmel/studio/7.0/toolchain/arm/arm-gnu-toolchain/bin/../lib/gcc/arm-none-eabi/6.2.1/../../../../arm-none-eabi/lib/thumb/v6-m\libc_nano.a(lib_a-nano-freer.o)
                                                  c:/program files (x86)/atmel/studio/7.0/toolchain/arm/arm-gnu-toolchain/bin/../lib/gcc/arm-none-eabi/6.2.1/../../../../arm-none-eabi/lib/thumb/v6-m\libc_nano.a(lib_a-reent.o)
                                                  c:/program files (x86)/atmel/studio/7.0/toolchain/arm/arm-gnu-toolchain/bin/../lib/gcc/arm-none-eabi/6.2.1/../../../../arm-none-eabi/lib/thumb/v6-m\libc_nano.a(lib_a-malloc.o)
_fstat                                            src/ASF/sam0/utils/syscalls/gcc/syscalls.o
_getpid                                           src/ASF/sam0/utils/syscalls/gcc/syscalls.o
_global_impure_ptr                                c:/program files (x86)/atmel/studio/7.0/toolchain/arm/arm-gnu-toolchain/bin/../lib/gcc/arm-none-eabi/6.2.1/../../../../arm-none-eabi/lib/thumb/v6-m\libc_nano.a(lib_a-impure.o)
                                                  c:/program files (x86)/atmel/studio/7.0/toolchain/arm/arm-gnu-toolchain/bin/../lib/gcc/arm-none-eabi/6.2.1/../../../../arm-none-eabi/lib/thumb/v6-m\libc_nano.a(lib_a-exit.o)
_i2c_slave_interrupt_handler                      src/ASF/sam0/drivers/sercom/i2c/i2c_sam0/i2c_slave_interrupt.o
                                                  src/ASF/sam0/drivers/sercom/i2c/i2c_sam0/i2c_slave.o
_impure_ptr                                       c:/program files (x86)/atmel/studio/7.0/toolchain/arm/arm-gnu-toolchain/bin/../lib/gcc/arm-none-eabi/6.2.1/../../../../arm-none-eabi/lib/thumb/v6-m\libc_nano.a(lib_a-impure.o)
                                                  c:/program files (x86)/atmel/studio/7.0/toolchain/arm/arm-gnu-toolchain/bin/../lib/gcc/arm-none-eabi/6.2.1/../../../../arm-none-eabi/lib/thumb/v6-m\libc_nano.a(lib_a-reent.o)
                                                  c:/program files (x86)/atmel/studio/7.0/toolchain/arm/arm-gnu-toolchain/bin/../lib/gcc/arm-none-eabi/6.2.1/../../../../arm-none-eabi/lib/thumb/v6-m\libc_nano.a(lib_a-malloc.o)
_init                                             c:/program files (x86)/atmel/studio/7.0/toolchain/arm/arm-gnu-toolchain/bin/../lib/gcc/arm-none-eabi/6.2.1/thumb/v6-m/crti.o
                                                  c:/program files (x86)/atmel/studio/7.0/toolchain/arm/arm-gnu-toolchain/bin/../lib/gcc/arm-none-eabi/6.2.1/../../../../arm-none-eabi/lib/thumb/v6-m\libc_nano.a(lib_a-init.o)
_isatty                                           src/ASF/sam0/utils/syscalls/gcc/syscalls.o
_kill                                             src/ASF/sam0/utils/syscalls/gcc/syscalls.o
_lseek                                            src/ASF/sam0/utils/syscalls/gcc/syscalls.o
_mainCRTStartup                                   c:/program files (x86)/atmel/studio/7.0/toolchain/arm/arm-gnu-toolchain/bin/../lib/gcc/arm-none-eabi/6.2.1/../../../../arm-none-eabi/lib/thumb/v6-m/crt0.o
_malloc_r                                         c:/program files (x86)/atmel/studio/7.0/toolchain/arm/arm-gnu-toolchain/bin/../lib/gcc/arm-none-eabi/6.2.1/../../../../arm-none-eabi/lib/thumb/v6-m\libc_nano.a(lib_a-nano-mallocr.o)
                                                  c:/program files (x86)/atmel/studio/7.0/toolchain/arm/arm-gnu-toolchain/bin/../lib/gcc/arm-none-eabi/6.2.1/../../../../arm-none-eabi/lib/thumb/v6-m\libc_nano.a(lib_a-malloc.o)
_reclaim_reent                                    c:/program files (x86)/atmel/studio/7.0/toolchain/arm/arm-gnu-toolchain/bin/../lib/gcc/arm-none-eabi/6.2.1/../../../../arm-none-eabi/lib/thumb/v6-m\libc_nano.a(lib_a-reent.o)
_sbrk                                             src/ASF/sam0/utils/syscalls/gcc/syscalls.o
                                                  c:/program files (x86)/atmel/studio/7.0/toolchain/arm/arm-gnu-toolchain/bin/../lib/gcc/arm-none-eabi/6.2.1/../../../../arm-none-eabi/lib/thumb/v6-m\libc_nano.a(lib_a-sbrkr.o)
_sbrk_r                                           c:/program files (x86)/atmel/studio/7.0/toolchain/arm/arm-gnu-toolchain/bin/../lib/gcc/arm-none-eabi/6.2.1/../../../../arm-none-eabi/lib/thumb/v6-m\libc_nano.a(lib_a-sbrkr.o)
                                                  c:/program files (x86)/atmel/studio/7.0/toolchain/arm/arm-gnu-toolchain/bin/../lib/gcc/arm-none-eabi/6.2.1/../../../../arm-none-eabi/lib/thumb/v6-m\libc_nano.a(lib_a-nano-mallocr.o)
_sercom_get_async_baud_val                        src/ASF/sam0/drivers/sercom/sercom.o
_sercom_get_default_pad                           src/ASF/sam0/drivers/sercom/sercom.o
                                                  src/ASF/sam0/drivers/sercom/spi/spi.o
                                                  src/ASF/sam0/drivers/sercom/i2c/i2c_sam0/i2c_slave.o
_sercom_get_interrupt_vector                      src/ASF/sam0/drivers/sercom/sercom_interrupt.o
                                                  src/PlaceValueAddLED.o
                                                  src/PlaceValueI2CSlave.o
                                                  src/ASF/sam0/drivers/sercom/spi/spi.o
                                                  src/ASF/sam0/drivers/sercom/i2c/i2c_sam0/i2c_slave.o
_sercom_get_sercom_inst_index                     src/ASF/sam0/drivers/sercom/sercom.o
                                                  src/ASF/sam0/drivers/sercom/spi/spi.o
                                                  src/ASF/sam0/drivers/sercom/sercom_interrupt.o
                                                  src/ASF/sam0/drivers/sercom/i2c/i2c_sam0/i2c_slave.o
_sercom_get_sync_baud_val                         src/ASF/sam0/drivers/sercom/sercom.o
                                                  src/ASF/sam0/drivers/sercom/spi/spi.o